Archive member included to satisfy reference by file (symbol)

D:\沁恒开发程序\无线LED_20221112\EXAM\SRC\StdPeriphDriver\libISP573.a(ISP573.o)
                              ./StdPeriphDriver/CH57x_pwr.o (FLASH_EEPROM_CMD)
D:\沁恒开发程序\无线LED_20221112\EXAM\BLE\LIB\libCH57xBLE.a(message.o)
                              ./HAL/MCU.o (tmos_msg_deallocate)
D:\沁恒开发程序\无线LED_20221112\EXAM\BLE\LIB\libCH57xBLE.a(tmos.o)
                              ./APP/RF_PHY.o (tmos_rand)
D:\沁恒开发程序\无线LED_20221112\EXAM\BLE\LIB\libCH57xBLE.a(tmos_hw.o)
                              D:\沁恒开发程序\无线LED_20221112\EXAM\BLE\LIB\libCH57xBLE.a(tmos.o) (RTC_Get32KClock)
D:\沁恒开发程序\无线LED_20221112\EXAM\BLE\LIB\libCH57xBLE.a(tmos_snv.o)
                              D:\沁恒开发程序\无线LED_20221112\EXAM\BLE\LIB\libCH57xBLE.a(tmos.o) (tmos_snv_init)
D:\沁恒开发程序\无线LED_20221112\EXAM\BLE\LIB\libCH57xBLE.a(ll_connect.o)
                              D:\沁恒开发程序\无线LED_20221112\EXAM\BLE\LIB\libCH57xBLE.a(tmos.o) (LL_GetNextConnectEventTime)
D:\沁恒开发程序\无线LED_20221112\EXAM\BLE\LIB\libCH57xBLE.a(ll_core.o)
                              D:\沁恒开发程序\无线LED_20221112\EXAM\BLE\LIB\libCH57xBLE.a(ll_connect.o) (LL_CoreGetCore)
D:\沁恒开发程序\无线LED_20221112\EXAM\BLE\LIB\libCH57xBLE.a(ll_hop.o)
                              D:\沁恒开发程序\无线LED_20221112\EXAM\BLE\LIB\libCH57xBLE.a(ll_connect.o) (LL_HopGetChannel)
D:\沁恒开发程序\无线LED_20221112\EXAM\BLE\LIB\libCH57xBLE.a(ll_master.o)
                              D:\沁恒开发程序\无线LED_20221112\EXAM\BLE\LIB\libCH57xBLE.a(ll_connect.o) (ll_master_process)
D:\沁恒开发程序\无线LED_20221112\EXAM\BLE\LIB\libCH57xBLE.a(ll_pdu.o)
                              D:\沁恒开发程序\无线LED_20221112\EXAM\BLE\LIB\libCH57xBLE.a(ll_master.o) (LL_ConnectionUpdateReq)
D:\沁恒开发程序\无线LED_20221112\EXAM\BLE\LIB\libCH57xBLE.a(ll_report.o)
                              D:\沁恒开发程序\无线LED_20221112\EXAM\BLE\LIB\libCH57xBLE.a(ll_connect.o) (LL_ReportGenerateEvent)
D:\沁恒开发程序\无线LED_20221112\EXAM\BLE\LIB\libCH57xBLE.a(ll_scan.o)
                              D:\沁恒开发程序\无线LED_20221112\EXAM\BLE\LIB\libCH57xBLE.a(ll_master.o) (LL_ScanEnable)
D:\沁恒开发程序\无线LED_20221112\EXAM\BLE\LIB\libCH57xBLE.a(ll_slave.o)
                              D:\沁恒开发程序\无线LED_20221112\EXAM\BLE\LIB\libCH57xBLE.a(ll_connect.o) (ll_hw_timer_slave_recv_timeout)
D:\沁恒开发程序\无线LED_20221112\EXAM\BLE\LIB\libCH57xBLE.a(ll_whitelist.o)
                              D:\沁恒开发程序\无线LED_20221112\EXAM\BLE\LIB\libCH57xBLE.a(ll_scan.o) (LL_WhitelistLookup)
D:\沁恒开发程序\无线LED_20221112\EXAM\BLE\LIB\libCH57xBLE.a(aes.o)
                              D:\沁恒开发程序\无线LED_20221112\EXAM\BLE\LIB\libCH57xBLE.a(ll_master.o) (AES_DevPktEnc)
D:\沁恒开发程序\无线LED_20221112\EXAM\BLE\LIB\libCH57xBLE.a(bb.o)
                              D:\沁恒开发程序\无线LED_20221112\EXAM\BLE\LIB\libCH57xBLE.a(tmos.o) (BB_DevInit)
D:\沁恒开发程序\无线LED_20221112\EXAM\BLE\LIB\libCH57xBLE.a(dma.o)
                              D:\沁恒开发程序\无线LED_20221112\EXAM\BLE\LIB\libCH57xBLE.a(tmos.o) (DMA_DevInit)
D:\沁恒开发程序\无线LED_20221112\EXAM\BLE\LIB\libCH57xBLE.a(ip.o)
                              D:\沁恒开发程序\无线LED_20221112\EXAM\BLE\LIB\libCH57xBLE.a(ll_master.o) (ll_tx_wait_finish)
D:\沁恒开发程序\无线LED_20221112\EXAM\BLE\LIB\libCH57xBLE.a(lle.o)
                              D:\沁恒开发程序\无线LED_20221112\EXAM\BLE\LIB\libCH57xBLE.a(tmos.o) (LLE_DevInit)
D:\沁恒开发程序\无线LED_20221112\EXAM\BLE\LIB\libCH57xBLE.a(rf_fh.o)
                              D:\沁恒开发程序\无线LED_20221112\EXAM\BLE\LIB\libCH57xBLE.a(tmos.o) (RF_FrequencyHoppingChange)
D:\沁恒开发程序\无线LED_20221112\EXAM\BLE\LIB\libCH57xBLE.a(rfend.o)
                              D:\沁恒开发程序\无线LED_20221112\EXAM\BLE\LIB\libCH57xBLE.a(ip.o) (RFEND_DevInit)
D:\沁恒开发程序\无线LED_20221112\EXAM\BLE\LIB\libCH57xBLE.a(ctl_output.o)
                              D:\沁恒开发程序\无线LED_20221112\EXAM\BLE\LIB\libCH57xBLE.a(ll_report.o) (HCI_LE_ConnectionCompleteCback)
D:\沁恒开发程序\无线LED_20221112\EXAM\BLE\LIB\libCH57xBLE.a(memory.o)
                              D:\沁恒开发程序\无线LED_20221112\EXAM\BLE\LIB\libCH57xBLE.a(tmos.o) (tmos_memory_init)
D:\沁恒开发程序\无线LED_20221112\EXAM\BLE\LIB\libCH57xBLE.a(l2cap.o)
                              D:\沁恒开发程序\无线LED_20221112\EXAM\BLE\LIB\libCH57xBLE.a(memory.o) (l2capNumRecvDataPkts)
D:\沁恒开发程序\无线LED_20221112\EXAM\BLE\LIB\libCH57xBLE.a(l2cap_input.o)
                              D:\沁恒开发程序\无线LED_20221112\EXAM\BLE\LIB\libCH57xBLE.a(l2cap.o) (l2capProcessRxData)
D:\沁恒开发程序\无线LED_20221112\EXAM\BLE\LIB\libCH57xBLE.a(l2cap_output.o)
                              D:\沁恒开发程序\无线LED_20221112\EXAM\BLE\LIB\libCH57xBLE.a(l2cap_input.o) (l2capNotifyData)
D:\沁恒开发程序\无线LED_20221112\EXAM\BLE\LIB\libCH57xBLE.a(l2cap_sdu.o)
                              D:\沁恒开发程序\无线LED_20221112\EXAM\BLE\LIB\libCH57xBLE.a(l2cap_input.o) (l2capBuildDisconnectRsp)
D:\沁恒开发程序\无线LED_20221112\EXAM\BLE\LIB\libCH57xBLE.a(linkdb.o)
                              D:\沁恒开发程序\无线LED_20221112\EXAM\BLE\LIB\libCH57xBLE.a(l2cap.o) (linkDB_Init)
D:\沁恒开发程序\无线LED_20221112\EXAM\BLE\LIB\libCH57xBLE.a(host_input.o)
[...]
Memory Configuration

Name             Origin             Length             Attributes
FLASH            0x0000000000000000 0x0000000000070000 xr
RAM              0x0000000020003800 0x0000000000004800 xrw
*default*        0x0000000000000000 0xffffffffffffffff

Linker script and memory map

LOAD ./StdPeriphDriver/CH57x_adc.o
LOAD ./StdPeriphDriver/CH57x_clk.o
LOAD ./StdPeriphDriver/CH57x_flash.o
LOAD ./StdPeriphDriver/CH57x_gpio.o
LOAD ./StdPeriphDriver/CH57x_pwm.o
LOAD ./StdPeriphDriver/CH57x_pwr.o
LOAD ./StdPeriphDriver/CH57x_sys.o
LOAD ./StdPeriphDriver/CH57x_timer1.o
LOAD ./StdPeriphDriver/CH57x_timer3.o
LOAD ./StdPeriphDriver/CH57x_uart1.o
LOAD ./Startup/startup_CH573.o
LOAD ./RVMSIS/core_riscv.o
LOAD ./HAL/MCU.o
LOAD ./HAL/RTC.o
LOAD ./HAL/SLEEP.o
LOAD ./APP/RF_PHY.o
LOAD ./APP/RF_main.o
LOAD D:\沁恒开发程序\无线LED_20221112\EXAM\SRC\StdPeriphDriver\libISP573.a
LOAD D:\沁恒开发程序\无线LED_20221112\EXAM\BLE\LIB\libCH57xBLE.a
LOAD c:/mounriver/mounriver_studio/toolchain/risc-v embedded gcc/bin/../lib/gcc/riscv-none-embed/8.2.0/rv32imac/ilp32\libgcc.a
LOAD c:/mounriver/mounriver_studio/toolchain/risc-v embedded gcc/bin/../lib/gcc/riscv-none-embed/8.2.0/../../../../riscv-none-embed/lib/rv32imac/ilp32\libg_nano.a
LOAD c:/mounriver/mounriver_studio/toolchain/risc-v embedded gcc/bin/../lib/gcc/riscv-none-embed/8.2.0/../../../../riscv-none-embed/lib/rv32imac/ilp32\libc_nano.a
LOAD c:/mounriver/mounriver_studio/toolchain/risc-v embedded gcc/bin/../lib/gcc/riscv-none-embed/8.2.0/rv32imac/ilp32\libgcc.a
START GROUP
LOAD c:/mounriver/mounriver_studio/toolchain/risc-v embedded gcc/bin/../lib/gcc/riscv-none-embed/8.2.0/rv32imac/ilp32\libgcc.a
LOAD c:/mounriver/mounriver_studio/toolchain/risc-v embedded gcc/bin/../lib/gcc/riscv-none-embed/8.2.0/../../../../riscv-none-embed/lib/rv32imac/ilp32\libc_nano.a
LOAD c:/mounriver/mounriver_studio/toolchain/risc-v embedded gcc/bin/../lib/gcc/riscv-none-embed/8.2.0/../../../../riscv-none-embed/lib/rv32imac/ilp32\libnosys.a
END GROUP
START GROUP
LOAD c:/mounriver/mounriver_studio/toolchain/risc-v embedded gcc/bin/../lib/gcc/riscv-none-embed/8.2.0/rv32imac/ilp32\libgcc.a
LOAD c:/mounriver/mounriver_studio/toolchain/risc-v embedded gcc/bin/../lib/gcc/riscv-none-embed/8.2.0/../../../../riscv-none-embed/lib/rv32imac/ilp32\libc_nano.a
LOAD c:/mounriver/mounriver_studio/toolchain/risc-v embedded gcc/bin/../lib/gcc/riscv-none-embed/8.2.0/../../../../riscv-none-embed/lib/rv32imac/ilp32\libnosys.a
END GROUP

.init           0x0000000000000000        0x4
                0x0000000000000000                _sinit = .
                0x0000000000000000                . = ALIGN (0x4)
 *(SORT_NONE(.init))
 .init          0x0000000000000000        0x4 ./Startup/startup_CH573.o
                0x0000000000000000                _start
                0x0000000000000004                . = ALIGN (0x4)
                0x0000000000000004                _einit = .

.highcodelalign
                0x0000000000000004        0x0
                0x0000000000000004                . = ALIGN (0x4)
                0x0000000000000004                PROVIDE (_highcode_lma = .)

.highcode       0x0000000020003800     0x12d8 load address 0x0000000000000004
                0x0000000020003800                . = ALIGN (0x4)
                0x0000000020003800                PROVIDE (_highcode_vma_start = .)
 *(.vector)
 .vector        0x0000000020003800       0x90 ./Startup/startup_CH573.o
 *(SORT_NONE(.vector_handler))
 .vector_handler
                0x0000000020003890       0x2c ./Startup/startup_CH573.o
                0x0000000020003890                NMI_Handler
                0x0000000020003894                SysTick_Handler
                0x0000000020003896                SW_Handler
                0x0000000020003898                TMR0_IRQHandler
                0x000000002000389a                GPIOA_IRQHandler
                0x000000002000389c                GPIOB_IRQHandler
                0x000000002000389e                SPI0_IRQHandler
                0x00000000200038a0                BB_IRQHandler
                0x00000000200038a2                LLE_IRQHandler
                0x00000000200038a4                USB_IRQHandler
                0x00000000200038a6                TMR1_IRQHandler
                0x00000000200038a8                TMR2_IRQHandler
                0x00000000200038aa                UART0_IRQHandler
                0x00000000200038ac                UART1_IRQHandler
                0x00000000200038b0                ADC_IRQHandler
                0x00000000200038b2                PWMX_IRQHandler
                0x00000000200038b4                TMR3_IRQHandler
                0x00000000200038b6                UART2_IRQHandler
                0x00000000200038b8                UART3_IRQHandler
                0x00000000200038ba                WDOG_BAT_IRQHandler
 *(.highcode)
 .highcode      0x00000000200038bc       0x4a ./StdPeriphDriver/CH57x_clk.o
                0x00000000200038bc                Get_Calibration_Cnt_RAM
 .highcode      0x0000000020003906      0x27e ./StdPeriphDriver/CH57x_pwr.o
                0x0000000020003906                LowPower_Idle
                0x0000000020003944                LowPower_Halt
                0x00000000200039f0                LowPower_Sleep
                0x0000000020003ac8                LowPower_Shutdown
 .highcode      0x0000000020003b84      0x1a0 ./StdPeriphDriver/CH57x_sys.o
                0x0000000020003b84                SetSysClock
                0x0000000020003c80                SYS_ResetExecute
                0x0000000020003cb8                HardFault_Handler
                0x0000000020003cee                mDelayuS
                0x0000000020003cfc                mDelaymS
 .highcode      0x0000000020003d24       0x16 ./HAL/RTC.o
                0x0000000020003d24                RTC_IRQHandler
 .highcode      0x0000000020003d3a        0x8 ./APP/RF_main.o
                0x0000000020003d3a                Main_Circulation
 .highcode      0x0000000020003d42      0x3ee D:\沁恒开发程序\无线LED_20221112\EXAM\SRC\StdPeriphDriver\libISP573.a(ISP573.o)
                0x0000000020003d42                FLASH_ROM_BEG
                0x0000000020003d54                FLASH_ROM_END
                0x0000000020003d62                FLASH_ROM_IN
                0x0000000020003d70                FLASH_ROM_OUT
                0x0000000020003d7e                FLASH_ROM_ADDR
                0x0000000020003dc6                FLASH_ROM_WAIT
                0x0000000020003dfe                FLASH_EEPROM_CMD
 .highcode      0x0000000020004130      0x230 D:\沁恒开发程序\无线LED_20221112\EXAM\BLE\LIB\libCH57xBLE.a(tmos.o)
                0x000000002000414c                tmos_memcpy
                0x000000002000416c                tmos_memcpy_word
                0x0000000020004188                TMOS_SystemProcess
 .highcode      0x0000000020004360       0xc2 D:\沁恒开发程序\无线LED_20221112\EXAM\BLE\LIB\libCH57xBLE.a(tmos_hw.o)
                0x0000000020004360                BLE_GetHSEClock
                0x000000002000439e                RTC_Get32KClock
                0x00000000200043b6                SYS_GetTickCount
 .highcode      0x0000000020004422      0x1b8 D:\沁恒开发程序\无线LED_20221112\EXAM\BLE\LIB\libCH57xBLE.a(bb.o)
                0x0000000020004422                BB_RAM_IRQHandler
 .highcode      0x00000000200045da      0x198 D:\沁恒开发程序\无线LED_20221112\EXAM\BLE\LIB\libCH57xBLE.a(ip.o)
                0x00000000200045da                ll_tx_wait_finish
                0x0000000020004606                ll_tx_wait_tx_dma
                0x0000000020004664                ll_rx_wait_finish
                0x000000002000469a                ll_rx_wait_tx_dma
                0x00000000200046e8                ble_ll_chkcrc
 .highcode      0x0000000020004772      0x17c D:\沁恒开发程序\无线LED_20221112\EXAM\BLE\LIB\libCH57xBLE.a(lle.o)
                0x0000000020004772                LLE_RAM_IRQHandler
 .highcode      0x00000000200048ee       0x82 D:\沁恒开发程序\无线LED_20221112\EXAM\BLE\LIB\libCH57xBLE.a(rf_fh.o)
                0x00000000200048ee                RF_HopGetChannel
 .highcode      0x0000000020004970       0x2c D:\沁恒开发程序\无线LED_20221112\EXAM\BLE\LIB\libCH57xBLE.a(rfend.o)
                0x0000000020004970                RFEND_WaitTune
 .highcode      0x000000002000499c      0x13a D:\沁恒开发程序\无线LED_20221112\EXAM\BLE\LIB\libCH57xBLE.a(memory.o)
                0x000000002000499c                tmos_memory_allocate
                0x0000000020004a36                tmos_memory_free
 *(.highcode.*)
                0x0000000020004ad8                . = ALIGN (0x4)
 *fill*         0x0000000020004ad6        0x2 
                0x0000000020004ad8                PROVIDE (_highcode_vma_end = .)

.text           0x00000000000012e0     0x5738
                0x00000000000012e0                . = ALIGN (0x4)
 *(SORT_NONE(.handle_reset))
 .handle_reset  0x00000000000012e0       0xa2 ./Startup/startup_CH573.o
                0x00000000000012e0                handle_reset
 *(.text)
 *(.text.*)
 .text.ADC_DataCalib_Rough
                0x0000000000001382       0x94 ./StdPeriphDriver/CH57x_adc.o
                0x0000000000001382                ADC_DataCalib_Rough
 .text.ADC_ExtSingleChSampInit
                0x0000000000001416       0x24 ./StdPeriphDriver/CH57x_adc.o
                0x0000000000001416                ADC_ExtSingleChSampInit
 .text.ADC_InterTSSampInit
                0x000000000000143a       0x28 ./StdPeriphDriver/CH57x_adc.o
                0x000000000000143a                ADC_InterTSSampInit
 .text.ADC_ExcutSingleConver
                0x0000000000001462       0x20 ./StdPeriphDriver/CH57x_adc.o
                0x0000000000001462                ADC_ExcutSingleConver
 .text.HSECFG_Current
                0x0000000000001482       0x2a ./StdPeriphDriver/CH57x_clk.o
                0x0000000000001482                HSECFG_Current
 .text.Calibration_LSI_FLASH
                0x00000000000014ac      0x26e ./StdPeriphDriver/CH57x_clk.o
                0x00000000000014ac                Calibration_LSI_FLASH
 .text.Calibration_LSI_RAM
                0x000000000000171a      0x22c ./StdPeriphDriver/CH57x_clk.o
                0x000000000000171a                Calibration_LSI_RAM
 .text.RTC_InitTime
                0x0000000000001946      0x134 ./StdPeriphDriver/CH57x_clk.o
                0x0000000000001946                RTC_InitTime
 .text.RTC_GetCycle32k
                0x0000000000001a7a       0x18 ./StdPeriphDriver/CH57x_clk.o
                0x0000000000001a7a                RTC_GetCycle32k
 .text.GPIOA_ModeCfg
                0x0000000000001a92       0xa6 ./StdPeriphDriver/CH57x_gpio.o
                0x0000000000001a92                GPIOA_ModeCfg
 .text.GPIOB_ModeCfg
                0x0000000000001b38       0xa6 ./StdPeriphDriver/CH57x_gpio.o
                0x0000000000001b38                GPIOB_ModeCfg
 .text.PWR_DCDCCfg
                0x0000000000001bde       0x88 ./StdPeriphDriver/CH57x_pwr.o
                0x0000000000001bde                PWR_DCDCCfg
 .text.SYS_DisableAllIrq
                0x0000000000001c66       0x1c ./StdPeriphDriver/CH57x_sys.o
                0x0000000000001c66                SYS_DisableAllIrq
 .text.SYS_RecoverIrq
                0x0000000000001c82       0x14 ./StdPeriphDriver/CH57x_sys.o
                0x0000000000001c82                SYS_RecoverIrq
 .text.SYS_GetSysTickCnt
                0x0000000000001c96        0xa ./StdPeriphDriver/CH57x_sys.o
                0x0000000000001c96                SYS_GetSysTickCnt
 .text.Lib_Calibration_LSI
                0x0000000000001ca0       0x2c ./HAL/MCU.o
                0x0000000000001ca0                Lib_Calibration_LSI
 .text.Lib_Read_Flash
                0x0000000000001ccc       0x1c ./HAL/MCU.o
                0x0000000000001ccc                Lib_Read_Flash
 .text.Lib_Write_Flash
                0x0000000000001ce8       0x40 ./HAL/MCU.o
                0x0000000000001ce8                Lib_Write_Flash
 .text.HAL_GetInterTempValue
                0x0000000000001d28       0x72 ./HAL/MCU.o
                0x0000000000001d28                HAL_GetInterTempValue
 .text.HAL_ProcessEvent
                0x0000000000001d9a       0x72 ./HAL/MCU.o
                0x0000000000001d9a                HAL_ProcessEvent
 .text.CH57X_BLEInit
                0x0000000000001e0c      0x118 ./HAL/MCU.o
                0x0000000000001e0c                CH57X_BLEInit
 .text.HAL_Init
                0x0000000000001f24       0x36 ./HAL/MCU.o
                0x0000000000001f24                HAL_Init
 .text.RTC_SetTignTime
                0x0000000000001f5a       0x1c ./HAL/RTC.o
                0x0000000000001f5a                RTC_SetTignTime
 .text.HAL_TimeInit
                0x0000000000001f76       0x4c ./HAL/RTC.o
                0x0000000000001f76                HAL_TimeInit
 .text.CH57X_LowPower
                0x0000000000001fc2       0x84 ./HAL/SLEEP.o
                0x0000000000001fc2                CH57X_LowPower
 .text.HAL_SleepInit
                0x0000000000002046       0x3e ./HAL/SLEEP.o
                0x0000000000002046                HAL_SleepInit
 .text.RF_ProcessEvent
                0x0000000000002084       0xe0 ./APP/RF_PHY.o
                0x0000000000002084                RF_ProcessEvent
 .text.RF_RX_Data_Run
                0x0000000000002164      0x1be ./APP/RF_PHY.o
                0x0000000000002164                RF_RX_Data_Run
 .text.RF_2G4StatusCallBack
                0x0000000000002322       0x42 ./APP/RF_PHY.o
                0x0000000000002322                RF_2G4StatusCallBack
 .text.Data_To_RX_Serial_Num_Buff
                0x0000000000002364       0x76 ./APP/RF_PHY.o
                0x0000000000002364                Data_To_RX_Serial_Num_Buff
 .text.Read_EXT_Evnt
                0x00000000000023da       0xe4 ./APP/RF_PHY.o
                0x00000000000023da                Read_EXT_Evnt
 .text.RF_Init  0x00000000000024be       0x92 ./APP/RF_PHY.o
                0x00000000000024be                RF_Init
 .text.RF_Set_CH1
                0x0000000000002550       0x2c ./APP/RF_PHY.o
                0x0000000000002550                RF_Set_CH1
 .text.RF_Set_CH2
                0x000000000000257c       0x2c ./APP/RF_PHY.o
                0x000000000000257c                RF_Set_CH2
 .text.CH_Jump  0x00000000000025a8       0x68 ./APP/RF_PHY.o
                0x00000000000025a8                CH_Jump
 .text.Time_Out_RF_RX_Evnt
                0x0000000000002610      0x1dc ./APP/RF_PHY.o
                0x0000000000002610                Time_Out_RF_RX_Evnt
 .text.Time1_PWM_Init
                0x00000000000027ec       0x34 ./APP/RF_main.o
                0x00000000000027ec                Time1_PWM_Init
 .text.Time1_PWM_Close
                0x0000000000002820       0x1a ./APP/RF_main.o
                0x0000000000002820                Time1_PWM_Close
 .text.LED_PWM_Run
                0x000000000000283a       0x9c ./APP/RF_main.o
                0x000000000000283a                LED_PWM_Run
 .text.GPIO_Init
                0x00000000000028d6       0x46 ./APP/RF_main.o
                0x00000000000028d6                GPIO_Init
 .text.Ex_Input_Read
                0x000000000000291c        0xa ./APP/RF_main.o
                0x000000000000291c                Ex_Input_Read
 .text.ADC_Test_Light_Run
                0x0000000000002926       0xae ./APP/RF_main.o
                0x0000000000002926                ADC_Test_Light_Run
 .text.LED_Close_Later_Run
                0x00000000000029d4       0xa6 ./APP/RF_main.o
                0x00000000000029d4                LED_Close_Later_Run
 .text.startup.main
                0x0000000000002a7a       0x68 ./APP/RF_main.o
                0x0000000000002a7a                main
 .text.tmos_msg_deallocate
                0x0000000000002ae2       0x2c D:\沁恒开发程序\无线LED_20221112\EXAM\BLE\LIB\libCH57xBLE.a(message.o)
                0x0000000000002ae2                tmos_msg_deallocate
 .text.tmos_msg_receive
                0x0000000000002b0e       0x68 D:\沁恒开发程序\无线LED_20221112\EXAM\BLE\LIB\libCH57xBLE.a(message.o)
                0x0000000000002b0e                tmos_msg_receive
 .text.tmos_msg_init
                0x0000000000002b76        0x6 D:\沁恒开发程序\无线LED_20221112\EXAM\BLE\LIB\libCH57xBLE.a(message.o)
                0x0000000000002b76                tmos_msg_init
 .text.tmosFindTask
                0x0000000000002b7c       0x20 D:\沁恒开发程序\无线LED_20221112\EXAM\BLE\LIB\libCH57xBLE.a(tmos.o)
 .text.TMOS_CbTimerProcessEvent
                0x0000000000002b9c       0x7c D:\沁恒开发程序\无线LED_20221112\EXAM\BLE\LIB\libCH57xBLE.a(tmos.o)
                0x0000000000002b9c                TMOS_CbTimerProcessEvent
 .text.tmos_rand
                0x0000000000002c18       0x54 D:\沁恒开发程序\无线LED_20221112\EXAM\BLE\LIB\libCH57xBLE.a(tmos.o)
                0x0000000000002c18                tmos_rand
 .text.tmos_query_sleep_time
                0x0000000000002c6c      0x178 D:\沁恒开发程序\无线LED_20221112\EXAM\BLE\LIB\libCH57xBLE.a(tmos.o)
                0x0000000000002c6c                tmos_query_sleep_time
 .text.tmos_memset
                0x0000000000002de4       0x12 D:\沁恒开发程序\无线LED_20221112\EXAM\BLE\LIB\libCH57xBLE.a(tmos.o)
                0x0000000000002de4                tmos_memset
 .text.tmos_memcmp
                0x0000000000002df6       0x24 D:\沁恒开发程序\无线LED_20221112\EXAM\BLE\LIB\libCH57xBLE.a(tmos.o)
                0x0000000000002df6                tmos_memcmp
 .text.tmos_isbufset
                0x0000000000002e1a       0x1e D:\沁恒开发程序\无线LED_20221112\EXAM\BLE\LIB\libCH57xBLE.a(tmos.o)
                0x0000000000002e1a                tmos_isbufset
 .text.tmos_set_event
                0x0000000000002e38       0x2a D:\沁恒开发程序\无线LED_20221112\EXAM\BLE\LIB\libCH57xBLE.a(tmos.o)
                0x0000000000002e38                tmos_set_event
 .text.tmos_query_system_time
                0x0000000000002e62       0xce D:\沁恒开发程序\无线LED_20221112\EXAM\BLE\LIB\libCH57xBLE.a(tmos.o)
                0x0000000000002e62                tmos_query_system_time
 .text.tmos_clear_event
                0x0000000000002f30       0x2e D:\沁恒开发程序\无线LED_20221112\EXAM\BLE\LIB\libCH57xBLE.a(tmos.o)
                0x0000000000002f30                tmos_clear_event
 .text.tmos_start_task
                0x0000000000002f5e       0x8e D:\沁恒开发程序\无线LED_20221112\EXAM\BLE\LIB\libCH57xBLE.a(tmos.o)
                0x0000000000002f5e                tmos_start_task
 .text.tmos_stop_task
                0x0000000000002fec       0x40 D:\沁恒开发程序\无线LED_20221112\EXAM\BLE\LIB\libCH57xBLE.a(tmos.o)
                0x0000000000002fec                tmos_stop_task
 .text.TMOS_Set32KTuneValue
                0x000000000000302c        0xa D:\沁恒开发程序\无线LED_20221112\EXAM\BLE\LIB\libCH57xBLE.a(tmos.o)
                0x000000000000302c                TMOS_Set32KTuneValue
 .text.TMOS_TimerRegister
                0x0000000000003036       0x1a D:\沁恒开发程序\无线LED_20221112\EXAM\BLE\LIB\libCH57xBLE.a(tmos.o)
                0x0000000000003036                TMOS_TimerRegister
 .text.TMOS_ProcessRegister
                0x0000000000003050       0x16 D:\沁恒开发程序\无线LED_20221112\EXAM\BLE\LIB\libCH57xBLE.a(tmos.o)
                0x0000000000003050                TMOS_ProcessRegister
 .text.TMOS_Init
                0x0000000000003066       0xbe D:\沁恒开发程序\无线LED_20221112\EXAM\BLE\LIB\libCH57xBLE.a(tmos.o)
                0x0000000000003066                TMOS_Init
 .text.TMOS_ProcessEventRegister
                0x0000000000003124       0x38 D:\沁恒开发程序\无线LED_20221112\EXAM\BLE\LIB\libCH57xBLE.a(tmos.o)
                0x0000000000003124                TMOS_ProcessEventRegister
 .text.BLE_LibInit
                0x000000000000315c      0x1a4 D:\沁恒开发程序\无线LED_20221112\EXAM\BLE\LIB\libCH57xBLE.a(tmos.o)
                0x000000000000315c                BLE_LibInit
 .text.ll_hw_temp_sample
                0x0000000000003300       0xbc D:\沁恒开发程序\无线LED_20221112\EXAM\BLE\LIB\libCH57xBLE.a(tmos_hw.o)
                0x0000000000003300                ll_hw_temp_sample
 .text.TMOS_TimerInit
                0x00000000000033bc       0x5c D:\沁恒开发程序\无线LED_20221112\EXAM\BLE\LIB\libCH57xBLE.a(tmos_hw.o)
                0x00000000000033bc                TMOS_TimerInit
 .text.tmos_snv_init
                0x0000000000003418       0xbc D:\沁恒开发程序\无线LED_20221112\EXAM\BLE\LIB\libCH57xBLE.a(tmos_snv.o)
                0x0000000000003418                tmos_snv_init
 .text.LL_GetNextConnectEventTime
                0x00000000000034d4      0x12c D:\沁恒开发程序\无线LED_20221112\EXAM\BLE\LIB\libCH57xBLE.a(ll_connect.o)
                0x00000000000034d4                LL_GetNextConnectEventTime
 .text.BB_DevInit
                0x0000000000003600       0xba D:\沁恒开发程序\无线LED_20221112\EXAM\BLE\LIB\libCH57xBLE.a(bb.o)
                0x0000000000003600                BB_DevInit
 .text.DMA_DevInit
                0x00000000000036ba       0x48 D:\沁恒开发程序\无线LED_20221112\EXAM\BLE\LIB\libCH57xBLE.a(dma.o)
                0x00000000000036ba                DMA_DevInit
 .text.ll_tx_wait_pkt_recv
                0x0000000000003702       0x24 D:\沁恒开发程序\无线LED_20221112\EXAM\BLE\LIB\libCH57xBLE.a(ip.o)
                0x0000000000003702                ll_tx_wait_pkt_recv
 .text.ll_tx_set_wait_finish
                0x0000000000003726       0x2e D:\沁恒开发程序\无线LED_20221112\EXAM\BLE\LIB\libCH57xBLE.a(ip.o)
                0x0000000000003726                ll_tx_set_wait_finish
 .text.ll_multi_states_check
                0x0000000000003754       0x34 D:\沁恒开发程序\无线LED_20221112\EXAM\BLE\LIB\libCH57xBLE.a(ip.o)
                0x0000000000003754                ll_multi_states_check
 .text.ble_ll_hw_api_shut
                0x0000000000003788       0x56 D:\沁恒开发程序\无线LED_20221112\EXAM\BLE\LIB\libCH57xBLE.a(ip.o)
                0x0000000000003788                ble_ll_hw_api_shut
 .text.ble_ll_hw_api_rx
                0x00000000000037de       0xe0 D:\沁恒开发程序\无线LED_20221112\EXAM\BLE\LIB\libCH57xBLE.a(ip.o)
                0x00000000000037de                ble_ll_hw_api_rx
 .text.ll_multi_states_process
                0x00000000000038be      0x112 D:\沁恒开发程序\无线LED_20221112\EXAM\BLE\LIB\libCH57xBLE.a(ip.o)
                0x00000000000038be                ll_multi_states_process
 .text.BLE_RegInit
                0x00000000000039d0       0x5c D:\沁恒开发程序\无线LED_20221112\EXAM\BLE\LIB\libCH57xBLE.a(ip.o)
                0x00000000000039d0                BLE_RegInit
 .text.BLE_ADCTune
                0x0000000000003a2c       0x4c D:\沁恒开发程序\无线LED_20221112\EXAM\BLE\LIB\libCH57xBLE.a(ip.o)
                0x0000000000003a2c                BLE_ADCTune
 .text.BLE_IPCoreInit
                0x0000000000003a78       0x92 D:\沁恒开发程序\无线LED_20221112\EXAM\BLE\LIB\libCH57xBLE.a(ip.o)
                0x0000000000003a78                BLE_IPCoreInit
 .text.LLE_DevInit
                0x0000000000003b0a       0x54 D:\沁恒开发程序\无线LED_20221112\EXAM\BLE\LIB\libCH57xBLE.a(lle.o)
                0x0000000000003b0a                LLE_DevInit
 .text.RF_DevSetChannel
                0x0000000000003b5e      0x13c D:\沁恒开发程序\无线LED_20221112\EXAM\BLE\LIB\libCH57xBLE.a(rf_fh.o)
                0x0000000000003b5e                RF_DevSetChannel
 .text.RF_FrequencyHoppingGet
                0x0000000000003c9a       0xb8 D:\沁恒开发程序\无线LED_20221112\EXAM\BLE\LIB\libCH57xBLE.a(rf_fh.o)
                0x0000000000003c9a                RF_FrequencyHoppingGet
 .text.RF_FrequencyHoppingChange
                0x0000000000003d52       0x96 D:\沁恒开发程序\无线LED_20221112\EXAM\BLE\LIB\libCH57xBLE.a(rf_fh.o)
                0x0000000000003d52                RF_FrequencyHoppingChange
 .text.rfStop   0x0000000000003de8       0x20 D:\沁恒开发程序\无线LED_20221112\EXAM\BLE\LIB\libCH57xBLE.a(rf_fh.o)
                0x0000000000003de8                rfStop
 .text.RF_TxProcess
                0x0000000000003e08      0x132 D:\沁恒开发程序\无线LED_20221112\EXAM\BLE\LIB\libCH57xBLE.a(rf_fh.o)
                0x0000000000003e08                RF_TxProcess
 .text.RF_Config
                0x0000000000003f3a      0x12a D:\沁恒开发程序\无线LED_20221112\EXAM\BLE\LIB\libCH57xBLE.a(rf_fh.o)
                0x0000000000003f3a                RF_Config
 .text.RF_Tx    0x0000000000004064      0x29a D:\沁恒开发程序\无线LED_20221112\EXAM\BLE\LIB\libCH57xBLE.a(rf_fh.o)
                0x0000000000004064                RF_Tx
 .text.RF_Rx    0x00000000000042fe      0x1dc D:\沁恒开发程序\无线LED_20221112\EXAM\BLE\LIB\libCH57xBLE.a(rf_fh.o)
                0x00000000000042fe                RF_Rx
 .text.RF_RxProcess
                0x00000000000044da      0x3ba D:\沁恒开发程序\无线LED_20221112\EXAM\BLE\LIB\libCH57xBLE.a(rf_fh.o)
                0x00000000000044da                RF_RxProcess
 .text.RF_Shut  0x0000000000004894       0x90 D:\沁恒开发程序\无线LED_20221112\EXAM\BLE\LIB\libCH57xBLE.a(rf_fh.o)
                0x0000000000004894                RF_Shut
 .text.RF_FrequencyHoppingShut
                0x0000000000004924       0x84 D:\沁恒开发程序\无线LED_20221112\EXAM\BLE\LIB\libCH57xBLE.a(rf_fh.o)
                0x0000000000004924                RF_FrequencyHoppingShut
 .text.rf_hop_heart_beat
                0x00000000000049a8      0x10a D:\沁恒开发程序\无线LED_20221112\EXAM\BLE\LIB\libCH57xBLE.a(rf_fh.o)
                0x00000000000049a8                rf_hop_heart_beat
 .text.RFFH_ProcessEvent
                0x0000000000004ab2       0xf4 D:\沁恒开发程序\无线LED_20221112\EXAM\BLE\LIB\libCH57xBLE.a(rf_fh.o)
                0x0000000000004ab2                RFFH_ProcessEvent
 .text.RF_SetChannel
                0x0000000000004ba6       0x52 D:\沁恒开发程序\无线LED_20221112\EXAM\BLE\LIB\libCH57xBLE.a(rf_fh.o)
                0x0000000000004ba6                RF_SetChannel
 .text.RF_RoleInit
                0x0000000000004bf8       0x48 D:\沁恒开发程序\无线LED_20221112\EXAM\BLE\LIB\libCH57xBLE.a(rf_fh.o)
                0x0000000000004bf8                RF_RoleInit
 .text.RFEND_Reset
                0x0000000000004c40       0xa8 D:\沁恒开发程序\无线LED_20221112\EXAM\BLE\LIB\libCH57xBLE.a(rfend.o)
                0x0000000000004c40                RFEND_Reset
 .text.RFEND_DevInit
                0x0000000000004ce8      0x170 D:\沁恒开发程序\无线LED_20221112\EXAM\BLE\LIB\libCH57xBLE.a(rfend.o)
                0x0000000000004ce8                RFEND_DevInit
 .text.RFEND_RXFilter
                0x0000000000004e58       0x7c D:\沁恒开发程序\无线LED_20221112\EXAM\BLE\LIB\libCH57xBLE.a(rfend.o)
                0x0000000000004e58                RFEND_RXFilter
 .text.RFEND_RXAdc
                0x0000000000004ed4      0x14c D:\沁恒开发程序\无线LED_20221112\EXAM\BLE\LIB\libCH57xBLE.a(rfend.o)
                0x0000000000004ed4                RFEND_RXAdc
 .text.RFEND_TXCtune
                0x0000000000005020      0xcee D:\沁恒开发程序\无线LED_20221112\EXAM\BLE\LIB\libCH57xBLE.a(rfend.o)
                0x0000000000005020                RFEND_TXCtune
 .text.RFEND_TXFtune
                0x0000000000005d0e       0x10 D:\沁恒开发程序\无线LED_20221112\EXAM\BLE\LIB\libCH57xBLE.a(rfend.o)
                0x0000000000005d0e                RFEND_TXFtune
 .text.tmos_memory_init
                0x0000000000005d1e       0x5a D:\沁恒开发程序\无线LED_20221112\EXAM\BLE\LIB\libCH57xBLE.a(memory.o)
                0x0000000000005d1e                tmos_memory_init
 .text.__muldf3
                0x0000000000005d78      0x4b4 c:/mounriver/mounriver_studio/toolchain/risc-v embedded gcc/bin/../lib/gcc/riscv-none-embed/8.2.0/rv32imac/ilp32\libgcc.a(muldf3.o)
                0x0000000000005d78                __muldf3
 .text.__floatsidf
                0x000000000000622c       0x70 c:/mounriver/mounriver_studio/toolchain/risc-v embedded gcc/bin/../lib/gcc/riscv-none-embed/8.2.0/rv32imac/ilp32\libgcc.a(floatsidf.o)
                0x000000000000622c                __floatsidf
 .text.__mulsf3
                0x000000000000629c      0x290 c:/mounriver/mounriver_studio/toolchain/risc-v embedded gcc/bin/../lib/gcc/riscv-none-embed/8.2.0/rv32imac/ilp32\libgcc.a(mulsf3.o)
                0x000000000000629c                __mulsf3
 .text.__fixsfsi
                0x000000000000652c       0x62 c:/mounriver/mounriver_studio/toolchain/risc-v embedded gcc/bin/../lib/gcc/riscv-none-embed/8.2.0/rv32imac/ilp32\libgcc.a(fixsfsi.o)
                0x000000000000652c                __fixsfsi
 .text.__floatsisf
                0x000000000000658e       0xc6 c:/mounriver/mounriver_studio/toolchain/risc-v embedded gcc/bin/../lib/gcc/riscv-none-embed/8.2.0/rv32imac/ilp32\libgcc.a(floatsisf.o)
                0x000000000000658e                __floatsisf
 .text.__truncdfsf2
                0x0000000000006654      0x16a c:/mounriver/mounriver_studio/toolchain/risc-v embedded gcc/bin/../lib/gcc/riscv-none-embed/8.2.0/rv32imac/ilp32\libgcc.a(truncdfsf2.o)
                0x0000000000006654                __truncdfsf2
 .text.__clzsi2
                0x00000000000067be       0x76 c:/mounriver/mounriver_studio/toolchain/risc-v embedded gcc/bin/../lib/gcc/riscv-none-embed/8.2.0/rv32imac/ilp32\libgcc.a(_clzsi2.o)
                0x00000000000067be                __clzsi2
 *(.rodata)
 *(.rodata*)
 *fill*         0x0000000000006834        0x0 
 .rodata.Calibration_LSI_FLASH.cst4
                0x0000000000006834        0x4 ./StdPeriphDriver/CH57x_clk.o
 *fill*         0x0000000000006838        0x0 
 .rodata.Calibration_LSI_FLASH.cst8
                0x0000000000006838       0x10 ./StdPeriphDriver/CH57x_clk.o
 .rodata.GPIOA_ModeCfg
                0x0000000000006848       0x14 ./StdPeriphDriver/CH57x_gpio.o
 .rodata.GPIOB_ModeCfg
                0x000000000000685c       0x14 ./StdPeriphDriver/CH57x_gpio.o
 .rodata.CH57X_BLEInit.str1.4
                0x0000000000006870       0x14 ./HAL/MCU.o
                                         0x13 (size before relaxing)
 .rodata.VER_LIB
                0x0000000000006884       0x14 D:\沁恒开发程序\无线LED_20221112\EXAM\BLE\LIB\libCH57xBLE.a(ip.o)
                0x0000000000006884                VER_LIB
 .rodata.__muldf3
                0x0000000000006898       0x40 c:/mounriver/mounriver_studio/toolchain/risc-v embedded gcc/bin/../lib/gcc/riscv-none-embed/8.2.0/rv32imac/ilp32\libgcc.a(muldf3.o)
 .rodata.__mulsf3
                0x00000000000068d8       0x40 c:/mounriver/mounriver_studio/toolchain/risc-v embedded gcc/bin/../lib/gcc/riscv-none-embed/8.2.0/rv32imac/ilp32\libgcc.a(mulsf3.o)
 .rodata.__clz_tab
                0x0000000000006918      0x100 c:/mounriver/mounriver_studio/toolchain/risc-v embedded gcc/bin/../lib/gcc/riscv-none-embed/8.2.0/rv32imac/ilp32\libgcc.a(_clz.o)
                0x0000000000006918                __clz_tab
 *(.sdata2.*)
 *(.glue_7)
 *(.glue_7t)
 *(.gnu.linkonce.t.*)
                0x0000000000006a18                . = ALIGN (0x4)

.rela.dyn       0x0000000000006a18        0x0
 .rela.init     0x0000000000006a18        0x0 ./StdPeriphDriver/CH57x_adc.o
 .rela.vector   0x0000000000006a18        0x0 ./StdPeriphDriver/CH57x_adc.o
 .rela.handle_reset
                0x0000000000006a18        0x0 ./StdPeriphDriver/CH57x_adc.o

.fini           0x0000000000006a18        0x0
 *(SORT_NONE(.fini))
                0x0000000000006a18                . = ALIGN (0x4)
                [!provide]                        PROVIDE (_etext = .)
                [!provide]                        PROVIDE (_eitcm = .)

.preinit_array  0x0000000000006a18        0x0
                [!provide]                        PROVIDE (__preinit_array_start = .)
 *(.preinit_array)
                [!provide]                        PROVIDE (__preinit_array_end = .)

.init_array     0x0000000000006a18        0x0
                [!provide]                        PROVIDE (__init_array_start = .)
 *(SORT_BY_INIT_PRIORITY(.init_array.*) SORT_BY_INIT_PRIORITY(.ctors.*))
 *(.init_array EXCLUDE_FILE(*crtend?.o *crtend.o *crtbegin?.o *crtbegin.o) .ctors)
                [!provide]                        PROVIDE (__init_array_end = .)

.fini_array     0x0000000000006a18        0x0
                [!provide]                        PROVIDE (__fini_array_start = .)
 *(SORT_BY_INIT_PRIORITY(.fini_array.*) SORT_BY_INIT_PRIORITY(.dtors.*))
 *(.fini_array EXCLUDE_FILE(*crtend?.o *crtend.o *crtbegin?.o *crtbegin.o) .dtors)
                [!provide]                        PROVIDE (__fini_array_end = .)

.ctors
 *crtbegin.o(.ctors)
 *crtbegin?.o(.ctors)
 *(EXCLUDE_FILE(*crtend?.o *crtend.o) .ctors)
 *(SORT_BY_NAME(.ctors.*))
 *(.ctors)

.dtors
 *crtbegin.o(.dtors)
 *crtbegin?.o(.dtors)
 *(EXCLUDE_FILE(*crtend?.o *crtend.o) .dtors)
 *(SORT_BY_NAME(.dtors.*))
 *(.dtors)

.dalign         0x0000000020004ad8        0x0 load address 0x0000000000006a18
                0x0000000020004ad8                . = (ORIGIN (RAM) + MAX (0x800, SIZEOF (.highcode)))

.dlalign        0x0000000000006a18        0x0
                0x0000000000006a18                . = ALIGN (0x4)
                0x0000000000006a18                PROVIDE (_data_lma = .)

.data           0x0000000020004ad8       0xd8 load address 0x0000000000006a18
                0x0000000020004ad8                . = ALIGN (0x4)
                0x0000000020004ad8                PROVIDE (_data_vma = .)
 *(.gnu.linkonce.r.*)
 *(.data .data.*)
 .data.TX_DATA  0x0000000020004ad8       0xc8 ./APP/RF_PHY.o
                0x0000000020004ad8                TX_DATA
 *(.gnu.linkonce.d.*)
                0x0000000020004ba0                . = ALIGN (0x8)
 *fill*         0x0000000020004ba0        0x0 
                0x00000000200053a0                PROVIDE (__global_pointer$ = (. + 0x800))
 *(.sdata .sdata.*)
 .sdata.LED_OP_Read_EXT_TASKID
                0x0000000020004ba0        0x1 ./APP/RF_PHY.o
                0x0000000020004ba0                LED_OP_Read_EXT_TASKID
 .sdata.Time_Out_RF_RX_TASKID
                0x0000000020004ba1        0x1 ./APP/RF_PHY.o
                0x0000000020004ba1                Time_Out_RF_RX_TASKID
 .sdata.LED_Close_Later_TomsID
                0x0000000020004ba2        0x1 ./APP/RF_main.o
                0x0000000020004ba2                LED_Close_Later_TomsID
 .sdata.LED_PWM_Run_TomsID
                0x0000000020004ba3        0x1 ./APP/RF_main.o
                0x0000000020004ba3                LED_PWM_Run_TomsID
 .sdata.Light_State
                0x0000000020004ba4        0x1 ./APP/RF_main.o
                0x0000000020004ba4                Light_State
 *fill*         0x0000000020004ba5        0x3 
 .sdata.holdrand.5441
                0x0000000020004ba8        0x4 D:\沁恒开发程序\无线LED_20221112\EXAM\BLE\LIB\libCH57xBLE.a(tmos.o)
 *(.gnu.linkonce.s.*)
                0x0000000020004bb0                . = ALIGN (0x8)
 *fill*         0x0000000020004bac        0x4 
 *(.srodata.cst16)
 *(.srodata.cst8)
 *(.srodata.cst4)
 *(.srodata.cst2)
 *(.srodata .srodata.*)
                0x0000000020004bb0                . = ALIGN (0x4)
                0x0000000020004bb0                PROVIDE (_edata = .)

.bss            0x0000000020004bb0     0x1b10 load address 0x0000000000006af0
                0x0000000020004bb0                . = ALIGN (0x4)
                0x0000000020004bb0                PROVIDE (_sbss = .)
 *(.sbss*)
 .sbss.Int32K_Tune_FLASH
                0x0000000020004bb0        0x2 ./StdPeriphDriver/CH57x_clk.o
                0x0000000020004bb0                Int32K_Tune_FLASH
 .sbss.Int32K_Tune_RAM
                0x0000000020004bb2        0x2 ./StdPeriphDriver/CH57x_clk.o
                0x0000000020004bb2                Int32K_Tune_RAM
 .sbss.halTaskID
                0x0000000020004bb4        0x1 ./HAL/MCU.o
                0x0000000020004bb4                halTaskID
 *fill*         0x0000000020004bb5        0x3 
 .sbss.RTCTigFlag
                0x0000000020004bb8        0x4 ./HAL/RTC.o
                0x0000000020004bb8                RTCTigFlag
 .sbss.ADC_Test_Light_Time
                0x0000000020004bbc        0x1 ./APP/RF_PHY.o
                0x0000000020004bbc                ADC_Test_Light_Time
 .sbss.CH_Num   0x0000000020004bbd        0x1 ./APP/RF_PHY.o
                0x0000000020004bbd                CH_Num
 *fill*         0x0000000020004bbe        0x2 
 .sbss.EX_Dat   0x0000000020004bc0        0x4 ./APP/RF_PHY.o
                0x0000000020004bc0                EX_Dat
 .sbss.LED_OP_T
                0x0000000020004bc4        0x1 ./APP/RF_PHY.o
                0x0000000020004bc4                LED_OP_T
 .sbss.RX_Buff_Len
                0x0000000020004bc5        0x1 ./APP/RF_PHY.o
                0x0000000020004bc5                RX_Buff_Len
 .sbss.RX_Serial_Num_quantity
                0x0000000020004bc6        0x1 ./APP/RF_PHY.o
                0x0000000020004bc6                RX_Serial_Num_quantity
 .sbss.RX_Stop_Flag
                0x0000000020004bc7        0x1 ./APP/RF_PHY.o
                0x0000000020004bc7                RX_Stop_Flag
 .sbss.Rand_Num
                0x0000000020004bc8        0x4 ./APP/RF_PHY.o
                0x0000000020004bc8                Rand_Num
 .sbss.TX_Out_Cycle
                0x0000000020004bcc        0x4 ./APP/RF_PHY.o
                0x0000000020004bcc                TX_Out_Cycle
 .sbss.taskID   0x0000000020004bd0        0x1 ./APP/RF_PHY.o
                0x0000000020004bd0                taskID
 .sbss.LED_OP   0x0000000020004bd1        0x1 ./APP/RF_main.o
                0x0000000020004bd1                LED_OP
 *fill*         0x0000000020004bd2        0x2 
 .sbss.msg_qHead
                0x0000000020004bd4        0x4 D:\沁恒开发程序\无线LED_20221112\EXAM\BLE\LIB\libCH57xBLE.a(message.o)
                0x0000000020004bd4                msg_qHead
 .sbss.EventsArr
                0x0000000020004bd8        0x4 D:\沁恒开发程序\无线LED_20221112\EXAM\BLE\LIB\libCH57xBLE.a(tmos.o)
                0x0000000020004bd8                EventsArr
 .sbss.Tune32K_FLASH
                0x0000000020004bdc        0x2 D:\沁恒开发程序\无线LED_20221112\EXAM\BLE\LIB\libCH57xBLE.a(tmos.o)
                0x0000000020004bdc                Tune32K_FLASH
 .sbss.Tune32K_RAM
                0x0000000020004bde        0x2 D:\沁恒开发程序\无线LED_20221112\EXAM\BLE\LIB\libCH57xBLE.a(tmos.o)
                0x0000000020004bde                Tune32K_RAM
 .sbss.cbTimersHead
                0x0000000020004be0        0x4 D:\沁恒开发程序\无线LED_20221112\EXAM\BLE\LIB\libCH57xBLE.a(tmos.o)
                0x0000000020004be0                cbTimersHead
 .sbss.eventsClear
                0x0000000020004be4        0x2 D:\沁恒开发程序\无线LED_20221112\EXAM\BLE\LIB\libCH57xBLE.a(tmos.o)
                0x0000000020004be4                eventsClear
 *fill*         0x0000000020004be6        0x2 
 .sbss.pfnTimerCBs
                0x0000000020004be8        0x4 D:\沁恒开发程序\无线LED_20221112\EXAM\BLE\LIB\libCH57xBLE.a(tmos.o)
                0x0000000020004be8                pfnTimerCBs
 .sbss.taskHead
                0x0000000020004bec        0x4 D:\沁恒开发程序\无线LED_20221112\EXAM\BLE\LIB\libCH57xBLE.a(tmos.o)
                0x0000000020004bec                taskHead
 .sbss.tasksArr
                0x0000000020004bf0        0x4 D:\沁恒开发程序\无线LED_20221112\EXAM\BLE\LIB\libCH57xBLE.a(tmos.o)
                0x0000000020004bf0                tasksArr
 .sbss.fnGetClockCBs
                0x0000000020004bf4        0x4 D:\沁恒开发程序\无线LED_20221112\EXAM\BLE\LIB\libCH57xBLE.a(tmos_hw.o)
                0x0000000020004bf4                fnGetClockCBs
 .sbss.gptrAESReg
                0x0000000020004bf8        0x4 D:\沁恒开发程序\无线LED_20221112\EXAM\BLE\LIB\libCH57xBLE.a(aes.o)
                0x0000000020004bf8                gptrAESReg
 .sbss.gptrBBReg
                0x0000000020004bfc        0x4 D:\沁恒开发程序\无线LED_20221112\EXAM\BLE\LIB\libCH57xBLE.a(bb.o)
                0x0000000020004bfc                gptrBBReg
 .sbss.gptrDMAReg
                0x0000000020004c00        0x4 D:\沁恒开发程序\无线LED_20221112\EXAM\BLE\LIB\libCH57xBLE.a(dma.o)
                0x0000000020004c00                gptrDMAReg
 .sbss.cfo_comp
                0x0000000020004c04        0x2 D:\沁恒开发程序\无线LED_20221112\EXAM\BLE\LIB\libCH57xBLE.a(ip.o)
                0x0000000020004c04                cfo_comp
 *fill*         0x0000000020004c06        0x2 
 .sbss.gPaControl
                0x0000000020004c08        0x4 D:\沁恒开发程序\无线LED_20221112\EXAM\BLE\LIB\libCH57xBLE.a(ip.o)
                0x0000000020004c08                gPaControl
 .sbss.gptrLLEReg
                0x0000000020004c0c        0x4 D:\沁恒开发程序\无线LED_20221112\EXAM\BLE\LIB\libCH57xBLE.a(lle.o)
                0x0000000020004c0c                gptrLLEReg
 .sbss.gModeAdc
                0x0000000020004c10        0x1 D:\沁恒开发程序\无线LED_20221112\EXAM\BLE\LIB\libCH57xBLE.a(rfend.o)
                0x0000000020004c10                gModeAdc
 *fill*         0x0000000020004c11        0x3 
 .sbss.gptrRFENDReg
                0x0000000020004c14        0x4 D:\沁恒开发程序\无线LED_20221112\EXAM\BLE\LIB\libCH57xBLE.a(rfend.o)
                0x0000000020004c14                gptrRFENDReg
 .sbss.nCO2401  0x0000000020004c18        0x1 D:\沁恒开发程序\无线LED_20221112\EXAM\BLE\LIB\libCH57xBLE.a(rfend.o)
                0x0000000020004c18                nCO2401
 .sbss.nCO2440  0x0000000020004c19        0x1 D:\沁恒开发程序\无线LED_20221112\EXAM\BLE\LIB\libCH57xBLE.a(rfend.o)
                0x0000000020004c19                nCO2440
 .sbss.nCO2480  0x0000000020004c1a        0x1 D:\沁恒开发程序\无线LED_20221112\EXAM\BLE\LIB\libCH57xBLE.a(rfend.o)
                0x0000000020004c1a                nCO2480
 .sbss.nGA2401  0x0000000020004c1b        0x1 D:\沁恒开发程序\无线LED_20221112\EXAM\BLE\LIB\libCH57xBLE.a(rfend.o)
                0x0000000020004c1b                nGA2401
 .sbss.nGA2440  0x0000000020004c1c        0x1 D:\沁恒开发程序\无线LED_20221112\EXAM\BLE\LIB\libCH57xBLE.a(rfend.o)
                0x0000000020004c1c                nGA2440
 .sbss.nGA2480  0x0000000020004c1d        0x1 D:\沁恒开发程序\无线LED_20221112\EXAM\BLE\LIB\libCH57xBLE.a(rfend.o)
                0x0000000020004c1d                nGA2480
 *fill*         0x0000000020004c1e        0x2 
 .sbss.MemCtlEnd
                0x0000000020004c20        0x4 D:\沁恒开发程序\无线LED_20221112\EXAM\BLE\LIB\libCH57xBLE.a(memory.o)
                0x0000000020004c20                MemCtlEnd
 .sbss.MemCtlPartition
                0x0000000020004c24        0x4 D:\沁恒开发程序\无线LED_20221112\EXAM\BLE\LIB\libCH57xBLE.a(memory.o)
                0x0000000020004c24                MemCtlPartition
 .sbss.MemCtlStart
                0x0000000020004c28        0x4 D:\沁恒开发程序\无线LED_20221112\EXAM\BLE\LIB\libCH57xBLE.a(memory.o)
                0x0000000020004c28                MemCtlStart
 .sbss.l2capNumRecvDataPkts
                0x0000000020004c2c        0x1 D:\沁恒开发程序\无线LED_20221112\EXAM\BLE\LIB\libCH57xBLE.a(l2cap.o)
                0x0000000020004c2c                l2capNumRecvDataPkts
 *(.gnu.linkonce.sb.*)
 *(.bss*)
 *fill*         0x0000000020004c2d        0x3 
 .bss.RX_BUFF   0x0000000020004c30       0x32 ./APP/RF_PHY.o
                0x0000000020004c30                RX_BUFF
 *fill*         0x0000000020004c62        0x2 
 .bss.RX_Serial_Num_Buff
                0x0000000020004c64       0xc8 ./APP/RF_PHY.o
                0x0000000020004c64                RX_Serial_Num_Buff
 .bss.ADC_Buff  0x0000000020004d2c       0x14 ./APP/RF_main.o
                0x0000000020004d2c                ADC_Buff
 .bss.MEM_BUF   0x0000000020004d40     0x1800 ./APP/RF_main.o
                0x0000000020004d40                MEM_BUF
 .bss.ble       0x0000000020006540       0x3c D:\沁恒开发程序\无线LED_20221112\EXAM\BLE\LIB\libCH57xBLE.a(tmos.o)
                0x0000000020006540                ble
 .bss.gTmosPara
                0x000000002000657c       0x24 D:\沁恒开发程序\无线LED_20221112\EXAM\BLE\LIB\libCH57xBLE.a(tmos.o)
                0x000000002000657c                gTmosPara
 .bss.pfnProcessCBs
                0x00000000200065a0       0x1c D:\沁恒开发程序\无线LED_20221112\EXAM\BLE\LIB\libCH57xBLE.a(tmos.o)
                0x00000000200065a0                pfnProcessCBs
 .bss.gBleIPPara
                0x00000000200065bc       0x1c D:\沁恒开发程序\无线LED_20221112\EXAM\BLE\LIB\libCH57xBLE.a(ip.o)
                0x00000000200065bc                gBleIPPara
 .bss.rfConfig  0x00000000200065d8       0x20 D:\沁恒开发程序\无线LED_20221112\EXAM\BLE\LIB\libCH57xBLE.a(ip.o)
                0x00000000200065d8                rfConfig
 .bss.rfInfo    0x00000000200065f8       0x1c D:\沁恒开发程序\无线LED_20221112\EXAM\BLE\LIB\libCH57xBLE.a(rf_fh.o)
                0x00000000200065f8                rfInfo
 .bss.gBleLlPara
                0x0000000020006614       0xac D:\沁恒开发程序\无线LED_20221112\EXAM\BLE\LIB\libCH57xBLE.a(ll.o)
                0x0000000020006614                gBleLlPara
 *(.gnu.linkonce.b.*)
 *(COMMON*)
                0x00000000200066c0                . = ALIGN (0x4)
                0x00000000200066c0                PROVIDE (_ebss = .)
                [!provide]                        PROVIDE (_end = _ebss)
                [!provide]                        PROVIDE (end = .)

.stack          0x0000000020008000        0x0
                0x0000000020008000                . = ALIGN (0x4)
                0x0000000020008000                PROVIDE (_eusrstack = .)
OUTPUT(RF_PHY_20221112.elf elf32-littleriscv)

.debug_info     0x0000000000000000     0xba2a
 .debug_info    0x0000000000000000      0xee2 ./StdPeriphDriver/CH57x_adc.o
 .debug_info    0x0000000000000ee2     0x13e5 ./StdPeriphDriver/CH57x_clk.o
 .debug_info    0x00000000000022c7      0xdae ./StdPeriphDriver/CH57x_gpio.o
 .debug_info    0x0000000000003075     0x1269 ./StdPeriphDriver/CH57x_pwr.o
 .debug_info    0x00000000000042de     0x1167 ./StdPeriphDriver/CH57x_sys.o
 .debug_info    0x0000000000005445       0x22 ./Startup/startup_CH573.o
 .debug_info    0x0000000000005467     0x17d0 ./HAL/MCU.o
 .debug_info    0x0000000000006c37      0xe29 ./HAL/RTC.o
 .debug_info    0x0000000000007a60     0x11d7 ./HAL/SLEEP.o
 .debug_info    0x0000000000008c37     0x18fd ./APP/RF_PHY.o
 .debug_info    0x000000000000a534     0x14f6 ./APP/RF_main.o

.debug_abbrev   0x0000000000000000     0x2120
 .debug_abbrev  0x0000000000000000      0x2cf ./StdPeriphDriver/CH57x_adc.o
 .debug_abbrev  0x00000000000002cf      0x39e ./StdPeriphDriver/CH57x_clk.o
 .debug_abbrev  0x000000000000066d      0x268 ./StdPeriphDriver/CH57x_gpio.o
 .debug_abbrev  0x00000000000008d5      0x345 ./StdPeriphDriver/CH57x_pwr.o
 .debug_abbrev  0x0000000000000c1a      0x328 ./StdPeriphDriver/CH57x_sys.o
 .debug_abbrev  0x0000000000000f42       0x12 ./Startup/startup_CH573.o
 .debug_abbrev  0x0000000000000f54      0x41e ./HAL/MCU.o
 .debug_abbrev  0x0000000000001372      0x278 ./HAL/RTC.o
 .debug_abbrev  0x00000000000015ea      0x308 ./HAL/SLEEP.o
 .debug_abbrev  0x00000000000018f2      0x41d ./APP/RF_PHY.o
 .debug_abbrev  0x0000000000001d0f      0x411 ./APP/RF_main.o

.debug_loc      0x0000000000000000     0x21d0
 .debug_loc     0x0000000000000000      0x211 ./StdPeriphDriver/CH57x_adc.o
 .debug_loc     0x0000000000000211      0xb67 ./StdPeriphDriver/CH57x_clk.o
 .debug_loc     0x0000000000000d78      0x361 ./StdPeriphDriver/CH57x_gpio.o
 .debug_loc     0x00000000000010d9      0x1fc ./StdPeriphDriver/CH57x_pwr.o
 .debug_loc     0x00000000000012d5      0x1ca ./StdPeriphDriver/CH57x_sys.o
 .debug_loc     0x000000000000149f      0x261 ./HAL/MCU.o
 .debug_loc     0x0000000000001700       0x73 ./HAL/SLEEP.o
 .debug_loc     0x0000000000001773      0x759 ./APP/RF_PHY.o
 .debug_loc     0x0000000000001ecc      0x304 ./APP/RF_main.o

.debug_aranges  0x0000000000000000      0x400
 .debug_aranges
                0x0000000000000000       0x70 ./StdPeriphDriver/CH57x_adc.o
 .debug_aranges
                0x0000000000000070       0xb0 ./StdPeriphDriver/CH57x_clk.o
 .debug_aranges
                0x0000000000000120       0x48 ./StdPeriphDriver/CH57x_gpio.o
 .debug_aranges
                0x0000000000000168       0x60 ./StdPeriphDriver/CH57x_pwr.o
 .debug_aranges
                0x00000000000001c8       0x80 ./StdPeriphDriver/CH57x_sys.o
 .debug_aranges
                0x0000000000000248       0x38 ./Startup/startup_CH573.o
 .debug_aranges
                0x0000000000000280       0x50 ./HAL/MCU.o
 .debug_aranges
                0x00000000000002d0       0x30 ./HAL/RTC.o
 .debug_aranges
                0x0000000000000300       0x28 ./HAL/SLEEP.o
 .debug_aranges
                0x0000000000000328       0x68 ./APP/RF_PHY.o
 .debug_aranges
                0x0000000000000390       0x70 ./APP/RF_main.o

.debug_ranges   0x0000000000000000      0x440
 .debug_ranges  0x0000000000000000       0x60 ./StdPeriphDriver/CH57x_adc.o
 .debug_ranges  0x0000000000000060       0xa0 ./StdPeriphDriver/CH57x_clk.o
 .debug_ranges  0x0000000000000100       0x38 ./StdPeriphDriver/CH57x_gpio.o
 .debug_ranges  0x0000000000000138       0x70 ./StdPeriphDriver/CH57x_pwr.o
 .debug_ranges  0x00000000000001a8       0x70 ./StdPeriphDriver/CH57x_sys.o
 .debug_ranges  0x0000000000000218       0x30 ./Startup/startup_CH573.o
 .debug_ranges  0x0000000000000248       0x80 ./HAL/MCU.o
 .debug_ranges  0x00000000000002c8       0x20 ./HAL/RTC.o
 .debug_ranges  0x00000000000002e8       0x18 ./HAL/SLEEP.o
 .debug_ranges  0x0000000000000300       0xe0 ./APP/RF_PHY.o
 .debug_ranges  0x00000000000003e0       0x60 ./APP/RF_main.o

.debug_line     0x0000000000000000     0x7b93
 .debug_line    0x0000000000000000      0x913 ./StdPeriphDriver/CH57x_adc.o
 .debug_line    0x0000000000000913     0x1afb ./StdPeriphDriver/CH57x_clk.o
 .debug_line    0x000000000000240e      0x788 ./StdPeriphDriver/CH57x_gpio.o
 .debug_line    0x0000000000002b96      0xe1a ./StdPeriphDriver/CH57x_pwr.o
 .debug_line    0x00000000000039b0      0xb12 ./StdPeriphDriver/CH57x_sys.o
 .debug_line    0x00000000000044c2      0x266 ./Startup/startup_CH573.o
 .debug_line    0x0000000000004728      0xac8 ./HAL/MCU.o
 .debug_line    0x00000000000051f0      0x405 ./HAL/RTC.o
 .debug_line    0x00000000000055f5      0x56a ./HAL/SLEEP.o
 .debug_line    0x0000000000005b5f     0x14ad ./APP/RF_PHY.o
 .debug_line    0x000000000000700c      0xb87 ./APP/RF_main.o

.debug_str      0x0000000000000000     0x2013
 .debug_str     0x0000000000000000      0x99c ./StdPeriphDriver/CH57x_adc.o
                                        0xa21 (size before relaxing)
 .debug_str     0x000000000000099c      0x48d ./StdPeriphDriver/CH57x_clk.o
                                        0xbed (size before relaxing)
 .debug_str     0x0000000000000e29      0x188 ./StdPeriphDriver/CH57x_gpio.o
                                        0x8f3 (size before relaxing)
 .debug_str     0x0000000000000fb1      0x3f4 ./StdPeriphDriver/CH57x_pwr.o
                                        0xb82 (size before relaxing)
 .debug_str     0x00000000000013a5      0x18c ./StdPeriphDriver/CH57x_sys.o
                                        0xb24 (size before relaxing)
 .debug_str     0x0000000000001531       0x83 ./Startup/startup_CH573.o
 .debug_str     0x00000000000015b4      0x5cb ./HAL/MCU.o
                                        0xe54 (size before relaxing)
 .debug_str     0x0000000000001b7f       0x67 ./HAL/RTC.o
                                        0x995 (size before relaxing)
 .debug_str     0x0000000000001be6       0x6b ./HAL/SLEEP.o
                                        0xbf0 (size before relaxing)
 .debug_str     0x0000000000001c51      0x2d9 ./APP/RF_PHY.o
                                        0xcee (size before relaxing)
 .debug_str     0x0000000000001f2a       0xe9 ./APP/RF_main.o
                                        0xd37 (size before relaxing)

.comment        0x0000000000000000       0x33
 .comment       0x0000000000000000       0x33 ./StdPeriphDriver/CH57x_adc.o
                                         0x34 (size before relaxing)
 .comment       0x0000000000000033       0x34 ./StdPeriphDriver/CH57x_clk.o
 .comment       0x0000000000000033       0x34 ./StdPeriphDriver/CH57x_gpio.o
 .comment       0x0000000000000033       0x34 ./StdPeriphDriver/CH57x_pwr.o
 .comment       0x0000000000000033       0x34 ./StdPeriphDriver/CH57x_sys.o
 .comment       0x0000000000000033       0x34 ./HAL/MCU.o
 .comment       0x0000000000000033       0x34 ./HAL/RTC.o
 .comment       0x0000000000000033       0x34 ./HAL/SLEEP.o
 .comment       0x0000000000000033       0x34 ./APP/RF_PHY.o
 .comment       0x0000000000000033       0x34 ./APP/RF_main.o
 .comment       0x0000000000000033       0x34 D:\沁恒开发程序\无线LED_20221112\EXAM\SRC\StdPeriphDriver\libISP573.a(ISP573.o)
 .comment       0x0000000000000033       0x34 D:\沁恒开发程序\无线LED_20221112\EXAM\BLE\LIB\libCH57xBLE.a(message.o)
 .comment       0x0000000000000033       0x34 D:\沁恒开发程序\无线LED_20221112\EXAM\BLE\LIB\libCH57xBLE.a(tmos.o)
 .comment       0x0000000000000033       0x34 D:\沁恒开发程序\无线LED_20221112\EXAM\BLE\LIB\libCH57xBLE.a(tmos_hw.o)
 .comment       0x0000000000000033       0x34 D:\沁恒开发程序\无线LED_20221112\EXAM\BLE\LIB\libCH57xBLE.a(tmos_snv.o)
 .comment       0x0000000000000033       0x34 D:\沁恒开发程序\无线LED_20221112\EXAM\BLE\LIB\libCH57xBLE.a(ll_connect.o)
 .comment       0x0000000000000033       0x34 D:\沁恒开发程序\无线LED_20221112\EXAM\BLE\LIB\libCH57xBLE.a(aes.o)
 .comment       0x0000000000000033       0x34 D:\沁恒开发程序\无线LED_20221112\EXAM\BLE\LIB\libCH57xBLE.a(bb.o)
 .comment       0x0000000000000033       0x34 D:\沁恒开发程序\无线LED_20221112\EXAM\BLE\LIB\libCH57xBLE.a(dma.o)
 .comment       0x0000000000000033       0x34 D:\沁恒开发程序\无线LED_20221112\EXAM\BLE\LIB\libCH57xBLE.a(ip.o)
 .comment       0x0000000000000033       0x34 D:\沁恒开发程序\无线LED_20221112\EXAM\BLE\LIB\libCH57xBLE.a(lle.o)
 .comment       0x0000000000000033       0x34 D:\沁恒开发程序\无线LED_20221112\EXAM\BLE\LIB\libCH57xBLE.a(rf_fh.o)
 .comment       0x0000000000000033       0x34 D:\沁恒开发程序\无线LED_20221112\EXAM\BLE\LIB\libCH57xBLE.a(rfend.o)
 .comment       0x0000000000000033       0x34 D:\沁恒开发程序\无线LED_20221112\EXAM\BLE\LIB\libCH57xBLE.a(memory.o)
 .comment       0x0000000000000033       0x34 D:\沁恒开发程序\无线LED_20221112\EXAM\BLE\LIB\libCH57xBLE.a(l2cap.o)
 .comment       0x0000000000000033       0x34 D:\沁恒开发程序\无线LED_20221112\EXAM\BLE\LIB\libCH57xBLE.a(ll.o)

.debug_frame    0x0000000000000000      0xb10
 .debug_frame   0x0000000000000000       0xc0 ./StdPeriphDriver/CH57x_adc.o
 .debug_frame   0x00000000000000c0      0x204 ./StdPeriphDriver/CH57x_clk.o
 .debug_frame   0x00000000000002c4       0x70 ./StdPeriphDriver/CH57x_gpio.o
 .debug_frame   0x0000000000000334      0x10c ./StdPeriphDriver/CH57x_pwr.o
 .debug_frame   0x0000000000000440      0x104 ./StdPeriphDriver/CH57x_sys.o
 .debug_frame   0x0000000000000544      0x10c ./HAL/MCU.o
 .debug_frame   0x0000000000000650       0x4c ./HAL/RTC.o
 .debug_frame   0x000000000000069c       0x48 ./HAL/SLEEP.o
 .debug_frame   0x00000000000006e4      0x15c ./APP/RF_PHY.o
 .debug_frame   0x0000000000000840      0x15c ./APP/RF_main.o
 .debug_frame   0x000000000000099c       0x54 c:/mounriver/mounriver_studio/toolchain/risc-v embedded gcc/bin/../lib/gcc/riscv-none-embed/8.2.0/rv32imac/ilp32\libgcc.a(muldf3.o)
 .debug_frame   0x00000000000009f0       0x38 c:/mounriver/mounriver_studio/toolchain/risc-v embedded gcc/bin/../lib/gcc/riscv-none-embed/8.2.0/rv32imac/ilp32\libgcc.a(floatsidf.o)
 .debug_frame   0x0000000000000a28       0x50 c:/mounriver/mounriver_studio/toolchain/risc-v embedded gcc/bin/../lib/gcc/riscv-none-embed/8.2.0/rv32imac/ilp32\libgcc.a(mulsf3.o)
 .debug_frame   0x0000000000000a78       0x20 c:/mounriver/mounriver_studio/toolchain/risc-v embedded gcc/bin/../lib/gcc/riscv-none-embed/8.2.0/rv32imac/ilp32\libgcc.a(fixsfsi.o)
 .debug_frame   0x0000000000000a98       0x38 c:/mounriver/mounriver_studio/toolchain/risc-v embedded gcc/bin/../lib/gcc/riscv-none-embed/8.2.0/rv32imac/ilp32\libgcc.a(floatsisf.o)
 .debug_frame   0x0000000000000ad0       0x20 c:/mounriver/mounriver_studio/toolchain/risc-v embedded gcc/bin/../lib/gcc/riscv-none-embed/8.2.0/rv32imac/ilp32\libgcc.a(truncdfsf2.o)
 .debug_frame   0x0000000000000af0       0x20 c:/mounriver/mounriver_studio/toolchain/risc-v embedded gcc/bin/../lib/gcc/riscv-none-embed/8.2.0/rv32imac/ilp32\libgcc.a(_clzsi2.o)
