GNU Tool Chain  

Linker command line:

--edf=d:\ide3.0.3_6c03\data\dat\en_msgs.txt -cs -h+test_60f01x_msck.sym \
  --cmf=test_60f01x_msck.cmf -z -QFT60F01X \
  -oC:\Users\ALEXAN~1.WAN\AppData\Local\Temp\s7l8.2 -Mtest_60f01x_msck.map \
  -E1 -ver=XC8 -ASTACK=040h-06fh -pstack=STACK -ACODE=00h-03FFh \
  -ASTRCODE=00h-03FFh -ASTRING=00h-0FFhx4 -ACONST=00h-0FFhx4 \
  -AENTRY=00h-0FFhx4 -ACOMMON=070h-07Fh -ABANK0=040h-06Fh -ARAM=040h-06Fh \
  -AABS1=040h-07Fh -ASFR0=00h-03Fh -ASFR1=080h-0EFh \
  -preset_vec=00h,intentry,init,end_init -ppowerup=CODE -pcinit=CODE \
  -pfunctab=ENTRY -ACONFIG=02007h-02007h -pconfig=CONFIG -DCONFIG=2 \
  -AIDLOC=02000h-02003h -pidloc=IDLOC -DIDLOC=2 -AEEDATA=00h-0FFh/02100h \
  -peeprom_data=EEDATA -DEEDATA=2 -DCODE=2 -DSTRCODE=2 -DSTRING=2 -DCONST=2 \
  -DENTRY=2 -k C:\Users\ALEXAN~1.WAN\AppData\Local\Temp\s7l8.obj \
  test_60f01x_msck.obj 

Object code version is 3.11

Machine type is FT60F01X



                Name                               Link     Load   Length Selector   Space Scale
C:\Users\ALEXAN~1.WAN\AppData\Local\Temp\s7l8.obj
                end_init                              0        0        1        0       0
test_60f01x_msck.obj
                cinit                               3FE      3FE        2      7FC       0
                text4                               3B9      3B9        9      772       0
                text3                               3DA      3DA       10      7B4       0
                text2                               3CC      3CC        E      798       0
                text1                               3EA      3EA       14      7D4       0
                maintext                            3C2      3C2        A      784       0
                cstackCOMMON                         70       70        5       70       1
                nvCOMMON                             75       75        2       70       1

TOTAL           Name                               Link     Load   Length     Space
        CLASS   STACK          

        CLASS   CODE           
                end_init                              0        0        1         0
                cinit                               3FE      3FE        2         0
                text4                               3B9      3B9        9         0
                text3                               3DA      3DA       10         0
                text2                               3CC      3CC        E         0
                text1                               3EA      3EA       14         0
                maintext                            3C2      3C2        A         0

        CLASS   STRCODE        

        CLASS   STRING         

        CLASS   CONST          

        CLASS   ENTRY          

        CLASS   COMMON         
                cstackCOMMON                         70       70        5         1
                nvCOMMON                             75       75        2         1

        CLASS   BANK0          

        CLASS   RAM            

        CLASS   ABS1           
                abs_s1                               7E       7E        2         1

        CLASS   SFR0           

        CLASS   SFR1           

        CLASS   CONFIG         

        CLASS   IDLOC          

        CLASS   EEDATA         

        CLASS   BANK1          



SEGMENTS        Name                           Load    Length   Top    Selector   Space  Class     Delta

                reset_vec                      000000  000001  000001         0       0  CODE        2
                cstackCOMMON                   000070  000007  000077        70       1  COMMON      1
                text4                          0003B9  000009  0003C2       772       0  CODE        2
                maintext                       0003C2  00000A  0003CC       784       0  CODE        2
                text2                          0003CC  00000E  0003DA       798       0  CODE        2
                text3                          0003DA  000010  0003EA       7B4       0  CODE        2
                text1                          0003EA  000014  0003FE       7D4       0  CODE        2
                cinit                          0003FE  000002  000400       7FC       0  CODE        2


UNUSED ADDRESS RANGES

        Name                Unused          Largest block    Delta
        BANK0            040-06F            30           1
        CODE             001-3B8           3B8           2
        COMMON           077-07D             7           1
        CONFIG           2007-2007             1           2
        CONST            001-3B8           100           2
        EEDATA           2100-21FF           100           2
        ENTRY            001-3B8           100           2
        IDLOC            2000-2003             4           2
        RAM              040-06F            30           1
        SFR0             000-03F            40           1
        SFR1             080-0EF            70           1
        STACK            040-06F            30           1
        STRCODE          001-3B8           3B8           2
        STRING           001-3B8           100           2

                                  Symbol Table

?_SlowTimeTest           cstackCOMMON 070
DelayMs@Time             cstackCOMMON 072
DelayMs@a                cstackCOMMON 073
DelayMs@b                cstackCOMMON 074
DelayUs@Time             cstackCOMMON 070
DelayUs@a                cstackCOMMON 071
SlowTimeTest@TestTime    cstackCOMMON 072
_CKCNTI                  (abs)        0D9
_CKMAVG                  (abs)        0DA
_CKMEAIF                 (abs)        066
_DelayMs                 text3        3DA
_DelayUs                 text4        3B9
_INTCON                  (abs)        00B
_MSCKCON                 (abs)        01B
_OPTION                  (abs)        081
_OSCCON                  (abs)        08F
_PORTA                   (abs)        005
_POWER_INITIAL           text2        3CC
_SOSCPRH                 (abs)        01D
_SOSCPRL                 (abs)        01C
_SlowTimeTest            text1        3EA
_TMR2ON                  (abs)        092
_TRISA                   (abs)        085
_TestBuff                nvCOMMON     075
_WPUA                    (abs)        095
__Habs1                  abs1         000
__Hbank0                 bank0        000
__Hbank1                 bank1        000
__Hcinit                 cinit        400
__Hclrtext               clrtext      000
__Hcode                  code         000
__Hcommon                common       000
__Hconfig                config       000
__HcstackCOMMON          cstackCOMMON 000
__Heeprom_data           eeprom_data  000
__Hend_init              end_init     001
__Hfunctab               functab      000
__Hidloc                 idloc        000
__Hinit                  init         000
__Hintentry              intentry     000
__Hmaintext              maintext     000
__HnvCOMMON              nvCOMMON     000
__Hpa_nodes0             pa_nodes0    000
__Hpowerup               powerup      000
__Hram                   ram          000
__Hreset_vec             reset_vec    000
__Hsfr0                  sfr0         000
__Hsfr1                  sfr1         000
__Hspace_0               (abs)        400
__Hspace_1               (abs)        077
__Hspace_2               (abs)        000
__Hspace_3               (abs)        000
__Hstack                 stack        000
__Hstrings               strings      000
__Htext                  text         000
__Labs1                  abs1         000
__Lbank0                 bank0        000
__Lbank1                 bank1        000
__Lcinit                 cinit        3FE
__Lclrtext               clrtext      000
__Lcode                  code         000
__Lcommon                common       000
__Lconfig                config       000
__LcstackCOMMON          cstackCOMMON 000
__Leeprom_data           eeprom_data  000
__Lend_init              end_init     000
__Lfunctab               functab      000
__Lidloc                 idloc        000
__Linit                  init         000
__Lintentry              intentry     000
__Lmaintext              maintext     000
__LnvCOMMON              nvCOMMON     000
__Lpa_nodes0             pa_nodes0    000
__Lpowerup               powerup      000
__Lram                   ram          000
__Lreset_vec             reset_vec    000
__Lsfr0                  sfr0         000
__Lsfr1                  sfr1         000
__Lspace_0               (abs)        000
__Lspace_1               (abs)        000
__Lspace_2               (abs)        000
__Lspace_3               (abs)        000
__Lstack                 stack        000
__Lstrings               strings      000
__Ltext                  text         000
__S0                     (abs)        400
__S1                     (abs)        077
__S2                     (abs)        000
__S3                     (abs)        000
___int_sp                stack        000
___latbits               (abs)        000
___sp                    stack        000
__end_of_DelayMs         text3        3EA
__end_of_DelayUs         text4        3C2
__end_of_POWER_INITIAL   text2        3DA
__end_of_SlowTimeTest    text1        3FE
__end_of__initialization cinit        3FE
__end_of_main            maintext     3CC
__initialization         cinit        3FE
__pcstackCOMMON          cstackCOMMON 070
__pmaintext              maintext     3C2
__pnvCOMMON              nvCOMMON     075
__ptext1                 text1        3EA
__ptext2                 text2        3CC
__ptext3                 text3        3DA
__ptext4                 text4        3B9
__size_of_DelayMs        (abs)        000
__size_of_DelayUs        (abs)        000
__size_of_POWER_INITIAL  (abs)        000
__size_of_SlowTimeTest   (abs)        000
__size_of_main           (abs)        000
_main                    maintext     3C2
btemp                    (abs)        07E
end_of_initialization    cinit        3FE
intlevel0                functab      000
intlevel1                functab      000
intlevel2                functab      000
intlevel3                functab      000
intlevel4                functab      000
intlevel5                functab      000
reset_vec                reset_vec    000
stackhi                  (abs)        000
stacklo                  (abs)        000
start                    init         000
start_initialization     cinit        3FE
wtemp0                   (abs)        07E


FUNCTION INFORMATION:

 *************** function _main *****************
 Defined at:
		line 101 in file "test_60f01x_MSCK.C"
 Parameters:    Size  Location     Type
		None
 Auto vars:     Size  Location     Type
		None
 Return value:  Size  Location     Type
                  1    wreg      void 
 Registers used:
		wreg, status,2, status,0, pclath, cstack
 Tracked objects:
		On entry : 
		On exit  : 
		Unchanged: 
 Data sizes:     COMMON   BANK0
      Params:         0       0
      Locals:         0       0
      Temps:          0       0
      Totals:         0       0
Total ram usage:        0 bytes
 Hardware stack levels required when called:    2
 This function calls:
		_DelayMs
		_POWER_INITIAL
		_SlowTimeTest
 This function is called by:
		Startup code after reset
 This function uses a non-reentrant model


 *************** function _SlowTimeTest *****************
 Defined at:
		line 81 in file "test_60f01x_MSCK.C"
 Parameters:    Size  Location     Type
		None
 Auto vars:     Size  Location     Type
  TestTime        2    2[COMMON] unsigned int 
 Return value:  Size  Location     Type
                  2    0[COMMON] unsigned int 
 Registers used:
		wreg
 Tracked objects:
		On entry : 
		On exit  : 
		Unchanged: 
 Data sizes:     COMMON   BANK0
      Params:         2       0
      Locals:         2       0
      Temps:          0       0
      Totals:         4       0
Total ram usage:        4 bytes
 Hardware stack levels used:    1
 This function calls:
		Nothing
 This function is called by:
		_main
 This function uses a non-reentrant model


 *************** function _POWER_INITIAL *****************
 Defined at:
		line 28 in file "test_60f01x_MSCK.C"
 Parameters:    Size  Location     Type
		None
 Auto vars:     Size  Location     Type
		None
 Return value:  Size  Location     Type
                  1    wreg      void 
 Registers used:
		wreg, status,2
 Tracked objects:
		On entry : 
		On exit  : 
		Unchanged: 
 Data sizes:     COMMON   BANK0
      Params:         0       0
      Locals:         0       0
      Temps:          0       0
      Totals:         0       0
Total ram usage:        0 bytes
 Hardware stack levels used:    1
 This function calls:
		Nothing
 This function is called by:
		_main
 This function uses a non-reentrant model


 *************** function _DelayMs *****************
 Defined at:
		line 62 in file "test_60f01x_MSCK.C"
 Parameters:    Size  Location     Type
  Time            1    wreg     unsigned char 
 Auto vars:     Size  Location     Type
  Time            1    2[COMMON] unsigned char 
  b               1    4[COMMON] unsigned char 
  a               1    3[COMMON] unsigned char 
 Return value:  Size  Location     Type
                  1    wreg      void 
 Registers used:
		wreg, status,2, status,0, pclath, cstack
 Tracked objects:
		On entry : 
		On exit  : 
		Unchanged: 
 Data sizes:     COMMON   BANK0
      Params:         0       0
      Locals:         3       0
      Temps:          0       0
      Totals:         3       0
Total ram usage:        3 bytes
 Hardware stack levels used:    1
 Hardware stack levels required when called:    1
 This function calls:
		_DelayUs
 This function is called by:
		_main
 This function uses a non-reentrant model


 *************** function _DelayUs *****************
 Defined at:
		line 48 in file "test_60f01x_MSCK.C"
 Parameters:    Size  Location     Type
  Time            1    wreg     unsigned char 
 Auto vars:     Size  Location     Type
  Time            1    0[COMMON] unsigned char 
  a               1    1[COMMON] unsigned char 
 Return value:  Size  Location     Type
                  1    wreg      void 
 Registers used:
		wreg, status,2, status,0
 Tracked objects:
		On entry : 
		On exit  : 
		Unchanged: 
 Data sizes:     COMMON   BANK0
      Params:         0       0
      Locals:         2       0
      Temps:          0       0
      Totals:         2       0
Total ram usage:        2 bytes
 Hardware stack levels used:    1
 This function calls:
		Nothing
 This function is called by:
		_DelayMs
 This function uses a non-reentrant model



MODULE INFORMATION

Module		Function		Class		Link	Load	Size
test_60f01x_MSCK.C
		_DelayUs       		CODE           	03B9	0000	10
		_main          		CODE           	03C2	0000	11
		_DelayMs       		CODE           	03DA	0000	17
		_POWER_INITIAL 		CODE           	03CC	0000	15
		_SlowTimeTest  		CODE           	03EA	0000	21

test_60f01x_MSCK.C estimated size: 74

shared
		__initialization		CODE           	03FE	0000	1

shared estimated size: 1

