GNU Tool Chain  

Linker command line:

--edf=C:\Users\ADMIN\Desktop\IDE3.08\IDE3.0.8Beta\data\dat\en_msgs.txt -cs \
  -h+test_61f13x_adc_test_vdd.sym --cmf=test_61f13x_adc_test_vdd.cmf -z \
  -QFT61F13X -oC:\Users\ADMIN\AppData\Local\Temp\sha8.2 \
  -Mtest_61f13x_adc_test_vdd.map -E1 -ver=XC8 -ASTACK=020h-06fh \
  -pstack=STACK -ACODE=00h-07FFh,0800h-0BFFh -ASTRCODE=00h-0BFFh \
  -ASTRING=00h-0FFhx12 -ACONST=00h-0FFhx12 -AENTRY=00h-0FFhx12 \
  -ACOMMON=070h-07Fh -ABANK0=020h-06Fh -ABANK1=0A0h-0EFh \
  -ABANK2=0120h-016Fh -ARAM=020h-06Fh,0A0h-0EFh,0120h-016Fh \
  -AABS1=020h-07Fh,0A0h-0EFh,0120h-016Fh -ASFR0=00h-01Fh -ASFR1=080h-09Fh \
  -ASFR2=0100h-011Fh -ASFR3=0180h-01EFh \
  -preset_vec=00h,intentry,init,end_init -ppowerup=CODE -pcinit=CODE \
  -pfunctab=ENTRY -ACONFIG=02007h-02007h -pconfig=CONFIG -DCONFIG=2 \
  -AIDLOC=02000h-02003h -pidloc=IDLOC -DIDLOC=2 -AEEDATA=00h-07Fh/02100h \
  -peeprom_data=EEDATA -DEEDATA=2 -DCODE=2 -DSTRCODE=2 -DSTRING=2 -DCONST=2 \
  -DENTRY=2 -k C:\Users\ADMIN\AppData\Local\Temp\sha8.obj \
  test_61f13x_adc_test_vdd.obj 

Object code version is 3.11

Machine type is FT61F13X



                Name                               Link     Load   Length Selector   Space Scale
C:\Users\ADMIN\AppData\Local\Temp\sha8.obj
                end_init                              0        0        2        0       0
test_61f13x_adc_test_vdd.obj
                cinit                               7F9      7F9        7      FF2       0
                text3                               7BA      7BA       3F      F74       0
                text2                               750      750       18      EA0       0
                text1                               790      790       2A      F20       0
                maintext                            768      768       28      ED0       0
                cstackCOMMON                         70       70        7       70       1
                bssCOMMON                            77       77        4       70       1

TOTAL           Name                               Link     Load   Length     Space
        CLASS   STACK          

        CLASS   CODE           
                end_init                              0        0        2         0
                cinit                               7F9      7F9        7         0
                text3                               7BA      7BA       3F         0
                text2                               750      750       18         0
                text1                               790      790       2A         0
                maintext                            768      768       28         0

        CLASS   STRCODE        

        CLASS   STRING         

        CLASS   CONST          

        CLASS   ENTRY          

        CLASS   COMMON         
                cstackCOMMON                         70       70        7         1
                bssCOMMON                            77       77        4         1

        CLASS   BANK0          

        CLASS   BANK1          

        CLASS   BANK2          

        CLASS   RAM            

        CLASS   ABS1           
                abs_s1                               7E       7E        2         1

        CLASS   SFR0           

        CLASS   SFR1           

        CLASS   SFR2           

        CLASS   SFR3           

        CLASS   CONFIG         

        CLASS   IDLOC          

        CLASS   EEDATA         

        CLASS   BANK3          



SEGMENTS        Name                           Load    Length   Top    Selector   Space  Class     Delta

                reset_vec                      000000  000002  000002         0       0  CODE        2
                cstackCOMMON                   000070  00000B  00007B        70       1  COMMON      1
                text2                          000750  000018  000768       EA0       0  CODE        2
                maintext                       000768  000028  000790       ED0       0  CODE        2
                text1                          000790  00002A  0007BA       F20       0  CODE        2
                text3                          0007BA  00003F  0007F9       F74       0  CODE        2
                cinit                          0007F9  000007  000800       FF2       0  CODE        2


UNUSED ADDRESS RANGES

        Name                Unused          Largest block    Delta
        BANK0            0020-006F             50           1
        BANK1            00A0-00EF             50           1
        BANK2            0120-016F             50           1
        CODE             0002-074F            74E           2
                         0800-0BFF            400
        COMMON           007B-007D              3           1
        CONFIG           2007-2007              1           2
        CONST            0002-074F            100           2
                         0800-0BFF            100
        EEDATA           2100-217F             80           2
        ENTRY            0002-074F            100           2
                         0800-0BFF            100
        IDLOC            2000-2003              4           2
        RAM              0020-006F             50           1
                         00A0-00EF             50
                         0120-016F             50
        SFR0             0000-001F             20           1
        SFR1             0080-009F             20           1
        SFR2             0100-011F             20           1
        SFR3             0180-01EF             70           1
        STACK            0020-006F             50           1
        STRCODE          0002-074F            74E           2
                         0800-0BFF            400
        STRING           0002-074F            100           2
                         0800-0BFF            100

                                  Symbol Table

?_GET_ADC_DATA           cstackCOMMON 0072
?___lwdiv                cstackCOMMON 0070
DelayUs@Time             cstackCOMMON 0070
DelayUs@a                cstackCOMMON 0071
GET_ADC_DATA@adcChannel  cstackCOMMON 0075
_ADCMPH                  (abs)        0187
_ADCON0                  (abs)        0113
_ADCON1                  (abs)        0114
_ADCON2                  (abs)        0115
_ADCON3                  (abs)        0186
_ADC_INITIAL             text3        07DC
_ADON                    (abs)        0898
_ADRESH                  (abs)        0112
_ADRESL                  (abs)        0111
_DelayUs                 text3        07F0
_GET_ADC_DATA            text3        07BA
_INTCON                  (abs)        000B
_OSCCON                  (abs)        008F
_PORTA                   (abs)        0005
_PORTB                   (abs)        0006
_PORTC                   (abs)        0007
_POWER_INITIAL           text2        0750
_TRISA                   (abs)        0085
_TRISB                   (abs)        0086
_TRISC                   (abs)        0087
_VDD_Voltage             bssCOMMON    0077
_WPUA                    (abs)        0095
_WPUB                    (abs)        010D
_WPUC                    (abs)        0093
__Habs1                  abs1         0000
__Hbank0                 bank0        0000
__Hbank1                 bank1        0000
__Hbank2                 bank2        0000
__Hbank3                 bank3        0000
__HbssCOMMON             bssCOMMON    0000
__Hcinit                 cinit        0800
__Hclrtext               clrtext      0000
__Hcode                  code         0000
__Hcommon                common       0000
__Hconfig                config       0000
__HcstackCOMMON          cstackCOMMON 0000
__Heeprom_data           eeprom_data  0000
__Hend_init              end_init     0002
__Hfunctab               functab      0000
__Hidloc                 idloc        0000
__Hinit                  init         0000
__Hintentry              intentry     0000
__Hmaintext              maintext     0000
__Hpa_nodes0             pa_nodes0    0000
__Hpowerup               powerup      0000
__Hram                   ram          0000
__Hreset_vec             reset_vec    0000
__Hsfr0                  sfr0         0000
__Hsfr1                  sfr1         0000
__Hsfr2                  sfr2         0000
__Hsfr3                  sfr3         0000
__Hspace_0               (abs)        0800
__Hspace_1               (abs)        007B
__Hspace_2               (abs)        0000
__Hspace_3               (abs)        0000
__Hstack                 stack        0000
__Hstrings               strings      0000
__Htext                  text         0000
__Labs1                  abs1         0000
__Lbank0                 bank0        0000
__Lbank1                 bank1        0000
__Lbank2                 bank2        0000
__Lbank3                 bank3        0000
__LbssCOMMON             bssCOMMON    0000
__Lcinit                 cinit        07F9
__Lclrtext               clrtext      0000
__Lcode                  code         0000
__Lcommon                common       0000
__Lconfig                config       0000
__LcstackCOMMON          cstackCOMMON 0000
__Leeprom_data           eeprom_data  0000
__Lend_init              end_init     0000
__Lfunctab               functab      0000
__Lidloc                 idloc        0000
__Linit                  init         0000
__Lintentry              intentry     0000
__Lmaintext              maintext     0000
__Lpa_nodes0             pa_nodes0    0000
__Lpowerup               powerup      0000
__Lram                   ram          0000
__Lreset_vec             reset_vec    0000
__Lsfr0                  sfr0         0000
__Lsfr1                  sfr1         0000
__Lsfr2                  sfr2         0000
__Lsfr3                  sfr3         0000
__Lspace_0               (abs)        0000
__Lspace_1               (abs)        0000
__Lspace_2               (abs)        0000
__Lspace_3               (abs)        0000
__Lstack                 stack        0000
__Lstrings               strings      0000
__Ltext                  text         0000
__S0                     (abs)        0800
__S1                     (abs)        007B
__S2                     (abs)        0000
__S3                     (abs)        0000
___int_sp                stack        0000
___latbits               (abs)        0001
___lwdiv                 text1        0790
___lwdiv@counter         cstackCOMMON 0076
___lwdiv@dividend        cstackCOMMON 0072
___lwdiv@divisor         cstackCOMMON 0070
___lwdiv@quotient        cstackCOMMON 0074
___sp                    stack        0000
__end_of_ADC_INITIAL     text3        07F0
__end_of_DelayUs         text3        07F9
__end_of_GET_ADC_DATA    text3        07DC
__end_of_POWER_INITIAL   text2        0768
__end_of___lwdiv         text1        07BA
__end_of__initialization cinit        07FD
__end_of_main            maintext     0790
__initialization         cinit        07F9
__pbssCOMMON             bssCOMMON    0077
__pcstackCOMMON          cstackCOMMON 0070
__pmaintext              maintext     0768
__ptext0                 text0        0000
__ptext1                 text1        0790
__ptext2                 text2        0750
__ptext3                 text3        07BA
__ptext4                 text3        07DC
__ptext5                 text3        07F0
__size_of_ADC_INITIAL    (abs)        0000
__size_of_DelayUs        (abs)        0000
__size_of_GET_ADC_DATA   (abs)        0000
__size_of_POWER_INITIAL  (abs)        0000
__size_of___lwdiv        (abs)        0000
__size_of_main           (abs)        0000
_adcData                 bssCOMMON    0079
_main                    maintext     0768
btemp                    (abs)        007E
end_of_initialization    cinit        07FD
intlevel0                functab      0000
intlevel1                functab      0000
intlevel2                functab      0000
intlevel3                functab      0000
intlevel4                functab      0000
intlevel5                functab      0000
reset_vec                reset_vec    0000
stackhi                  (abs)        0000
stacklo                  (abs)        0000
start                    init         0000
start_initialization     cinit        07F9
wtemp0                   (abs)        007E


FUNCTION INFORMATION:

 *************** function _main *****************
 Defined at:
		line 197 in file "test_61f13x_ADC_Test_VDD.C"
 Parameters:    Size  Location     Type
		None
 Auto vars:     Size  Location     Type
		None
 Return value:  Size  Location     Type
                  1    wreg      void 
 Registers used:
		wreg, status,2, status,0, pclath, cstack
 Tracked objects:
		On entry : 
		On exit  : 
		Unchanged: 
 Data sizes:     COMMON   BANK0   BANK1   BANK2
      Params:         0       0       0       0
      Locals:         0       0       0       0
      Temps:          0       0       0       0
      Totals:         0       0       0       0
Total ram usage:        0 bytes
 Hardware stack levels required when called:    2
 This function calls:
		_ADC_INITIAL
		_GET_ADC_DATA
		_POWER_INITIAL
		___lwdiv
 This function is called by:
		Startup code after reset
 This function uses a non-reentrant model


 *************** function ___lwdiv *****************
 Defined at:
		line 6 in file "C:\Users\ADMIN\Desktop\IDE3.08\IDE3.0.8Beta\data\sources\common\lwdiv.c"
 Parameters:    Size  Location     Type
  divisor         2    0[COMMON] unsigned int 
  dividend        2    2[COMMON] unsigned int 
 Auto vars:     Size  Location     Type
  quotient        2    4[COMMON] unsigned int 
  counter         1    6[COMMON] unsigned char 
 Return value:  Size  Location     Type
                  2    0[COMMON] unsigned int 
 Registers used:
		wreg, status,2, status,0
 Tracked objects:
		On entry : 
		On exit  : 
		Unchanged: 
 Data sizes:     COMMON   BANK0   BANK1   BANK2
      Params:         4       0       0       0
      Locals:         3       0       0       0
      Temps:          0       0       0       0
      Totals:         7       0       0       0
Total ram usage:        7 bytes
 Hardware stack levels used:    1
 This function calls:
		Nothing
 This function is called by:
		_main
 This function uses a non-reentrant model


 *************** function _POWER_INITIAL *****************
 Defined at:
		line 34 in file "test_61f13x_ADC_Test_VDD.C"
 Parameters:    Size  Location     Type
		None
 Auto vars:     Size  Location     Type
		None
 Return value:  Size  Location     Type
                  1    wreg      void 
 Registers used:
		wreg, status,2
 Tracked objects:
		On entry : 
		On exit  : 
		Unchanged: 
 Data sizes:     COMMON   BANK0   BANK1   BANK2
      Params:         0       0       0       0
      Locals:         0       0       0       0
      Temps:          0       0       0       0
      Totals:         0       0       0       0
Total ram usage:        0 bytes
 Hardware stack levels used:    1
 This function calls:
		Nothing
 This function is called by:
		_main
 This function uses a non-reentrant model


 *************** function _GET_ADC_DATA *****************
 Defined at:
		line 179 in file "test_61f13x_ADC_Test_VDD.C"
 Parameters:    Size  Location     Type
  adcChannel      1    wreg     unsigned char 
 Auto vars:     Size  Location     Type
  adcChannel      1    5[COMMON] unsigned char 
 Return value:  Size  Location     Type
                  2    2[COMMON] unsigned int 
 Registers used:
		wreg, status,2, status,0, pclath, cstack
 Tracked objects:
		On entry : 
		On exit  : 
		Unchanged: 
 Data sizes:     COMMON   BANK0   BANK1   BANK2
      Params:         2       0       0       0
      Locals:         1       0       0       0
      Temps:          1       0       0       0
      Totals:         4       0       0       0
Total ram usage:        4 bytes
 Hardware stack levels used:    1
 Hardware stack levels required when called:    1
 This function calls:
		_DelayUs
 This function is called by:
		_main
 This function uses a non-reentrant model


 *************** function _ADC_INITIAL *****************
 Defined at:
		line 70 in file "test_61f13x_ADC_Test_VDD.C"
 Parameters:    Size  Location     Type
		None
 Auto vars:     Size  Location     Type
		None
 Return value:  Size  Location     Type
                  1    wreg      void 
 Registers used:
		wreg, status,2, status,0, pclath, cstack
 Tracked objects:
		On entry : 
		On exit  : 
		Unchanged: 
 Data sizes:     COMMON   BANK0   BANK1   BANK2
      Params:         0       0       0       0
      Locals:         0       0       0       0
      Temps:          0       0       0       0
      Totals:         0       0       0       0
Total ram usage:        0 bytes
 Hardware stack levels used:    1
 Hardware stack levels required when called:    1
 This function calls:
		_DelayUs
 This function is called by:
		_main
 This function uses a non-reentrant model


 *************** function _DelayUs *****************
 Defined at:
		line 56 in file "test_61f13x_ADC_Test_VDD.C"
 Parameters:    Size  Location     Type
  Time            1    wreg     unsigned char 
 Auto vars:     Size  Location     Type
  Time            1    0[COMMON] unsigned char 
  a               1    1[COMMON] unsigned char 
 Return value:  Size  Location     Type
                  1    wreg      void 
 Registers used:
		wreg, status,2, status,0
 Tracked objects:
		On entry : 
		On exit  : 
		Unchanged: 
 Data sizes:     COMMON   BANK0   BANK1   BANK2
      Params:         0       0       0       0
      Locals:         2       0       0       0
      Temps:          0       0       0       0
      Totals:         2       0       0       0
Total ram usage:        2 bytes
 Hardware stack levels used:    1
 This function calls:
		Nothing
 This function is called by:
		_ADC_INITIAL
		_GET_ADC_DATA
 This function uses a non-reentrant model



MODULE INFORMATION

Module		Function		Class		Link	Load	Size
test_61f13x_ADC_Test_VDD.C
		_DelayUs       		CODE           	07F0	0000	10
		_main          		CODE           	0768	0000	41
		_POWER_INITIAL 		CODE           	0750	0000	25
		_GET_ADC_DATA  		CODE           	07BA	0000	35
		_ADC_INITIAL   		CODE           	07DC	0000	21

test_61f13x_ADC_Test_VDD.C estimated size: 132

shared
		__initialization		CODE           	07F9	0000	5

shared estimated size: 5

C:\Users\ADMIN\Desktop\IDE3.08\IDE3.0.8Beta\data\sources\common\lwdiv.c
		___lwdiv       		CODE           	0790	0000	43

C:\Users\ADMIN\Desktop\IDE3.08\IDE3.0.8Beta\data\sources\common\lwdiv.c estimated size: 43

