GNU Tool Chain  

Linker command line:

--edf=D:\IDE3.0.3_6C03\data\dat\en_msgs.txt -cs -h+test_61f02x_ir_send.sym \
  --cmf=test_61f02x_ir_send.cmf -z -QFT61F02X \
  -oC:\Users\ALEXAN~1.WAN\AppData\Local\Temp\se48.2 \
  -Mtest_61f02x_ir_send.map -E1 -ver=XC8 -ASTACK=027h-06fh -pstack=STACK \
  -ACODE=00h-07FFh -ASTRCODE=00h-07FFh -ASTRING=00h-0FFhx8 \
  -ACONST=00h-0FFhx8 -AENTRY=00h-0FFhx8 -ACOMMON=070h-07Fh \
  -ABANK0=020h-06Fh -ABANK1=0A0h-0BFh -ARAM=020h-06Fh,0A0h-0BFh \
  -AABS1=020h-07Fh,0A0h-0BFh -ASFR0=00h-01Fh -ASFR1=080h-09Fh \
  -ASFR2=0100h-016Fh -preset_vec=00h,intentry=04h,init,end_init \
  -ppowerup=CODE -pcinit=CODE -pfunctab=ENTRY -ACONFIG=02007h-02007h \
  -pconfig=CONFIG -DCONFIG=2 -AIDLOC=02000h-02003h -pidloc=IDLOC -DIDLOC=2 \
  -AEEDATA=00h-0FFh/02100h -peeprom_data=EEDATA -DEEDATA=2 -DCODE=2 \
  -DSTRCODE=2 -DSTRING=2 -DCONST=2 -DENTRY=2 -k \
  C:\Users\ALEXAN~1.WAN\AppData\Local\Temp\se48.obj test_61f02x_ir_send.obj 

Object code version is 3.11

Machine type is FT61F02X



                Name                               Link     Load   Length Selector   Space Scale
C:\Users\ALEXAN~1.WAN\AppData\Local\Temp\se48.obj
                end_init                              C        C        1        8       0
                reset_vec                             0        0        1        0       0
test_61f02x_ir_send.obj
                cinit                                 D        D       14        8       0
                intentry                              4        4        8        8       0
                text5                                21       21       85        8       0
                text4                                A6       A6       21        8       0
                text3                                C7       C7       15        8       0
                text2                                FA       FA        7        8       0
                text1                                EC       EC        E        8       0
                maintext                             DC       DC       10        8       0
                cstackCOMMON                         77       77        6       70       1
                dataBANK0                            20       20        4       20       1
                bssBANK0                             24       24        3       20       1
                bssCOMMON                            70       70        7       70       1
                bitbssCOMMON                        3E8       7D        1       70       1     8

TOTAL           Name                               Link     Load   Length     Space
        CLASS   STACK          

        CLASS   CODE           
                end_init                              C        C        1         0
                cinit                                 D        D       14         0
                intentry                              4        4        8         0
                reset_vec                             0        0        1         0
                text5                                21       21       85         0
                text4                                A6       A6       21         0
                text3                                C7       C7       15         0
                text2                                FA       FA        7         0
                text1                                EC       EC        E         0
                maintext                             DC       DC       10         0

        CLASS   STRCODE        

        CLASS   STRING         

        CLASS   CONST          

        CLASS   ENTRY          

        CLASS   COMMON         
                cstackCOMMON                         77       77        6         1
                bssCOMMON                            70       70        7         1
                bitbssCOMMON                        3E8       7D        1         1

        CLASS   BANK0          
                dataBANK0                            20       20        4         1
                bssBANK0                             24       24        3         1

        CLASS   BANK1          

        CLASS   RAM            

        CLASS   ABS1           
                abs_s1                               7E       7E        2         1

        CLASS   SFR0           

        CLASS   SFR1           

        CLASS   SFR2           

        CLASS   CONFIG         

        CLASS   IDLOC          

        CLASS   EEDATA         

        CLASS   BANK2          



SEGMENTS        Name                           Load    Length   Top    Selector   Space  Class     Delta

                reset_vec                      000000  000001  000001         0       0  CODE        2
                intentry                       000004  0000FD  000101         8       0  CODE        2
                dataBANK0                      000020  000007  000027        20       1  BANK0       1
                bssCOMMON                      000070  00000E  00007E        70       1  COMMON      1


UNUSED ADDRESS RANGES

        Name                Unused          Largest block    Delta
        BANK0            027-06F            49           1
        BANK1            0A0-0BF            20           1
        CODE             001-003             3           2
                         101-7FF           6FF
        CONFIG           2007-2007             1           2
        CONST            001-003             3           2
                         101-7FF           100
        EEDATA           2100-21FF           100           2
        ENTRY            001-003             3           2
                         101-7FF           100
        IDLOC            2000-2003             4           2
        RAM              027-06F            49           1
                         0A0-0BF            20
        SFR0             000-01F            20           1
        SFR1             080-09F            20           1
        SFR2             100-16F            70           1
        STACK            027-06F            49           1
        STRCODE          001-003             3           2
                         101-7FF           6FF
        STRING           001-003             3           2
                         101-7FF           100

                                  Symbol Table

_CMCON0                  (abs)        019
_GIE                     (abs)        05F
_INTCON                  (abs)        00B
_IRData                  dataBANK0    020
_IRSendData              bssCOMMON    075
_IRSendStatus            bssCOMMON    076
_ISR                     text4        0A6
_MSCKCON                 (abs)        01B
_OPTION                  (abs)        081
_OSCCON                  (abs)        08F
_PA4                     (abs)        02C
_PEIE                    (abs)        05E
_PORTA                   (abs)        005
_PORTC                   (abs)        007
_POWER_INITIAL           text3        0C7
_PR2                     (abs)        092
_SYSTime5S               bssBANK0     024
_SaveLastBit             bssBANK0     026
_SendCtrl                text5        021
_SendLastBit             bitbssCOMMON 3E8
_Sendbit                 bssCOMMON    072
_T0IE                    (abs)        05D
_T0IF                    (abs)        05A
_T2CON                   (abs)        012
_TIMER0_INITIAL          text2        0FA
_TIMER2_INITIAL          text1        0EC
_TMR0                    (abs)        001
_TMR2                    (abs)        011
_TMR2IE                  (abs)        461
_TMR2IF                  (abs)        061
_TMR2ON                  (abs)        092
_TRISA                   (abs)        085
_TRISC                   (abs)        087
_TxBit                   bssCOMMON    074
_TxTime                  bssCOMMON    073
_WPUA                    (abs)        095
_WPUC                    (abs)        088
__Habs1                  abs1         000
__Hbank0                 bank0        000
__Hbank1                 bank1        000
__Hbank2                 bank2        000
__HbitbssCOMMON          bitbssCOMMON 000
__HbssBANK0              bssBANK0     000
__HbssCOMMON             bssCOMMON    000
__Hcinit                 cinit        021
__Hclrtext               clrtext      000
__Hcode                  code         000
__Hcommon                common       000
__Hconfig                config       000
__HcstackBANK0           cstackBANK0  000
__HcstackCOMMON          cstackCOMMON 000
__HdataBANK0             dataBANK0    000
__Heeprom_data           eeprom_data  000
__Hend_init              end_init     00D
__Hfunctab               functab      000
__HidataBANK0            idataBANK0   000
__Hidloc                 idloc        000
__Hinit                  init         00C
__Hintentry              intentry     00C
__Hmaintext              maintext     000
__Hpa_nodes0             pa_nodes0    000
__Hpowerup               powerup      000
__Hram                   ram          000
__Hreset_vec             reset_vec    001
__Hsfr0                  sfr0         000
__Hsfr1                  sfr1         000
__Hsfr2                  sfr2         000
__Hspace_0               (abs)        101
__Hspace_1               (abs)        3E9
__Hspace_2               (abs)        000
__Hspace_3               (abs)        000
__Hstack                 stack        000
__Hstrings               strings      000
__Htext                  text         000
__Labs1                  abs1         000
__Lbank0                 bank0        000
__Lbank1                 bank1        000
__Lbank2                 bank2        000
__LbitbssCOMMON          bitbssCOMMON 000
__LbssBANK0              bssBANK0     000
__LbssCOMMON             bssCOMMON    000
__Lcinit                 cinit        00D
__Lclrtext               clrtext      000
__Lcode                  code         000
__Lcommon                common       000
__Lconfig                config       000
__LcstackBANK0           cstackBANK0  000
__LcstackCOMMON          cstackCOMMON 000
__LdataBANK0             dataBANK0    000
__Leeprom_data           eeprom_data  000
__Lend_init              end_init     00C
__Lfunctab               functab      000
__LidataBANK0            idataBANK0   000
__Lidloc                 idloc        000
__Linit                  init         00C
__Lintentry              intentry     004
__Lmaintext              maintext     000
__Lpa_nodes0             pa_nodes0    000
__Lpowerup               powerup      000
__Lram                   ram          000
__Lreset_vec             reset_vec    000
__Lsfr0                  sfr0         000
__Lsfr1                  sfr1         000
__Lsfr2                  sfr2         000
__Lspace_0               (abs)        000
__Lspace_1               (abs)        000
__Lspace_2               (abs)        000
__Lspace_3               (abs)        000
__Lstack                 stack        000
__Lstrings               strings      000
__Ltext                  text         000
__S0                     (abs)        101
__S1                     (abs)        07E
__S2                     (abs)        000
__S3                     (abs)        000
___int_sp                stack        000
___latbits               (abs)        000
___sp                    stack        000
__end_of_ISR             text4        0C7
__end_of_POWER_INITIAL   text3        0DC
__end_of_SendCtrl        text5        0A6
__end_of_TIMER0_INITIAL  text2        101
__end_of_TIMER2_INITIAL  text1        0FA
__end_of__initialization cinit        01F
__end_of_main            maintext     0EC
__initialization         cinit        00D
__pbitbssCOMMON          bitbssCOMMON 3E8
__pbssBANK0              bssBANK0     024
__pbssCOMMON             bssCOMMON    070
__pcstackBANK0           cstackBANK0  000
__pcstackCOMMON          cstackCOMMON 077
__pdataBANK0             dataBANK0    020
__pidataBANK0            idataBANK0   000
__pintentry              intentry     004
__pmaintext              maintext     0DC
__ptext1                 text1        0EC
__ptext2                 text2        0FA
__ptext3                 text3        0C7
__ptext4                 text4        0A6
__ptext5                 text5        021
__size_of_ISR            (abs)        000
__size_of_POWER_INITIAL  (abs)        000
__size_of_SendCtrl       (abs)        000
__size_of_TIMER0_INITIAL (abs)        000
__size_of_TIMER2_INITIAL (abs)        000
__size_of_main           (abs)        000
_level0                  bssCOMMON    071
_level1                  bssCOMMON    070
_main                    maintext     0DC
btemp                    (abs)        07E
end_of_initialization    cinit        01F
interrupt_function       intentry     004
intlevel0                functab      000
intlevel1                functab      000
intlevel2                functab      000
intlevel3                functab      000
intlevel4                functab      000
intlevel5                functab      000
reset_vec                reset_vec    000
saved_w                  (abs)        07E
stackhi                  (abs)        000
stacklo                  (abs)        000
start                    init         00C
start_initialization     cinit        00D
wtemp0                   (abs)        07E


FUNCTION INFORMATION:

 *************** function _main *****************
 Defined at:
		line 276 in file "test_61f02x_IR_Send.C"
 Parameters:    Size  Location     Type
		None
 Auto vars:     Size  Location     Type
		None
 Return value:  Size  Location     Type
                  1    wreg      void 
 Registers used:
		wreg, status,2, status,0, pclath, cstack
 Tracked objects:
		On entry : 
		On exit  : 
		Unchanged: 
 Data sizes:     COMMON   BANK0   BANK1
      Params:         0       0       0
      Locals:         0       0       0
      Temps:          0       0       0
      Totals:         0       0       0
Total ram usage:        0 bytes
 Hardware stack levels required when called:    3
 This function calls:
		_POWER_INITIAL
		_TIMER0_INITIAL
		_TIMER2_INITIAL
 This function is called by:
		Startup code after reset
 This function uses a non-reentrant model


 *************** function _TIMER2_INITIAL *****************
 Defined at:
		line 105 in file "test_61f02x_IR_Send.C"
 Parameters:    Size  Location     Type
		None
 Auto vars:     Size  Location     Type
		None
 Return value:  Size  Location     Type
                  1    wreg      void 
 Registers used:
		wreg, status,2
 Tracked objects:
		On entry : 
		On exit  : 
		Unchanged: 
 Data sizes:     COMMON   BANK0   BANK1
      Params:         0       0       0
      Locals:         0       0       0
      Temps:          0       0       0
      Totals:         0       0       0
Total ram usage:        0 bytes
 Hardware stack levels used:    1
 Hardware stack levels required when called:    2
 This function calls:
		Nothing
 This function is called by:
		_main
 This function uses a non-reentrant model


 *************** function _TIMER0_INITIAL *****************
 Defined at:
		line 88 in file "test_61f02x_IR_Send.C"
 Parameters:    Size  Location     Type
		None
 Auto vars:     Size  Location     Type
		None
 Return value:  Size  Location     Type
                  1    wreg      void 
 Registers used:
		wreg, status,2
 Tracked objects:
		On entry : 
		On exit  : 
		Unchanged: 
 Data sizes:     COMMON   BANK0   BANK1
      Params:         0       0       0
      Locals:         0       0       0
      Temps:          0       0       0
      Totals:         0       0       0
Total ram usage:        0 bytes
 Hardware stack levels used:    1
 Hardware stack levels required when called:    2
 This function calls:
		Nothing
 This function is called by:
		_main
 This function uses a non-reentrant model


 *************** function _POWER_INITIAL *****************
 Defined at:
		line 60 in file "test_61f02x_IR_Send.C"
 Parameters:    Size  Location     Type
		None
 Auto vars:     Size  Location     Type
		None
 Return value:  Size  Location     Type
                  1    wreg      void 
 Registers used:
		wreg, status,2
 Tracked objects:
		On entry : 
		On exit  : 
		Unchanged: 
 Data sizes:     COMMON   BANK0   BANK1
      Params:         0       0       0
      Locals:         0       0       0
      Temps:          0       0       0
      Totals:         0       0       0
Total ram usage:        0 bytes
 Hardware stack levels used:    1
 Hardware stack levels required when called:    2
 This function calls:
		Nothing
 This function is called by:
		_main
 This function uses a non-reentrant model


 *************** function _ISR *****************
 Defined at:
		line 249 in file "test_61f02x_IR_Send.C"
 Parameters:    Size  Location     Type
		None
 Auto vars:     Size  Location     Type
		None
 Return value:  Size  Location     Type
                  1    wreg      void 
 Registers used:
		wreg, fsr0l, fsr0h, status,2, status,0, pclath, cstack
 Tracked objects:
		On entry : 
		On exit  : 
		Unchanged: 
 Data sizes:     COMMON   BANK0   BANK1
      Params:         0       0       0
      Locals:         0       0       0
      Temps:          3       0       0
      Totals:         3       0       0
Total ram usage:        3 bytes
 Hardware stack levels used:    1
 Hardware stack levels required when called:    1
 This function calls:
		_SendCtrl
 This function is called by:
		Interrupt level 1
 This function uses a non-reentrant model


 *************** function _SendCtrl *****************
 Defined at:
		line 126 in file "test_61f02x_IR_Send.C"
 Parameters:    Size  Location     Type
		None
 Auto vars:     Size  Location     Type
		None
 Return value:  Size  Location     Type
                  1    wreg      void 
 Registers used:
		wreg, fsr0l, fsr0h, status,2, status,0
 Tracked objects:
		On entry : 
		On exit  : 
		Unchanged: 
 Data sizes:     COMMON   BANK0   BANK1
      Params:         0       0       0
      Locals:         0       0       0
      Temps:          3       0       0
      Totals:         3       0       0
Total ram usage:        3 bytes
 Hardware stack levels used:    1
 This function calls:
		Nothing
 This function is called by:
		_ISR
 This function uses a non-reentrant model



MODULE INFORMATION

Module		Function		Class		Link	Load	Size
test_61f02x_IR_Send.C
		_ISR           		CODE           	00A6	0000	34
		_main          		CODE           	00DC	0000	17
		_SendCtrl      		CODE           	0021	0000	134
		_POWER_INITIAL 		CODE           	00C7	0000	22
		_TIMER2_INITIAL		CODE           	00EC	0000	15
		_TIMER0_INITIAL		CODE           	00FA	0000	8

test_61f02x_IR_Send.C estimated size: 230

shared
		__initialization		CODE           	000D	0000	19

shared estimated size: 19

