GNU Tool Chain  

Linker command line:

\
  --edf=c:\users\administrator\desktop\Èí¼þ\ide3.0.3_6c03\data\dat\en_msgs.txt \
  -cs -h+test_60f01x_spi.sym --cmf=test_60f01x_spi.cmf -z -QFT60F01X \
  -oC:\Users\ADMINI~1\AppData\Local\Temp\sbbo.2 -Mtest_60f01x_spi.map -E1 \
  -ver=XC8 -ASTACK=040h-06fh -pstack=STACK -ACODE=00h-03FFh \
  -ASTRCODE=00h-03FFh -ASTRING=00h-0FFhx4 -ACONST=00h-0FFhx4 \
  -AENTRY=00h-0FFhx4 -ACOMMON=070h-07Fh -ABANK0=040h-06Fh -ARAM=040h-06Fh \
  -AABS1=040h-07Fh -ASFR0=00h-03Fh -ASFR1=080h-0EFh \
  -preset_vec=00h,intentry,init,end_init -ppowerup=CODE -pcinit=CODE \
  -pfunctab=ENTRY -ACONFIG=02007h-02007h -pconfig=CONFIG -DCONFIG=2 \
  -AIDLOC=02000h-02003h -pidloc=IDLOC -DIDLOC=2 -AEEDATA=00h-0FFh/02100h \
  -peeprom_data=EEDATA -DEEDATA=2 -DCODE=2 -DSTRCODE=2 -DSTRING=2 -DCONST=2 \
  -DENTRY=2 -k C:\Users\ADMINI~1\AppData\Local\Temp\sbbo.obj \
  test_60f01x_spi.obj 

Object code version is 3.11

Machine type is FT60F01X



                Name                               Link     Load   Length Selector   Space Scale
C:\Users\ADMINI~1\AppData\Local\Temp\sbbo.obj
                end_init                              0        0        1        0       0
test_60f01x_spi.obj
                cinit                               3FE      3FE        2      7FC       0
                text8                               39E      39E        F      73C       0
                text7                               3E1      3E1       1D      7C2       0
                text6                               396      396        8      72C       0
                text5                               3BC      3BC       10      778       0
                text4                               38C      38C        5      718       0
                text3                               391      391        5      722       0
                text2                               3CC      3CC       15      798       0
                text1                               388      388        4      710       0
                maintext                            3AD      3AD        F      75A       0
                cstackCOMMON                         70       70        6       70       1
                nvCOMMON                             76       76        1       70       1

TOTAL           Name                               Link     Load   Length     Space
        CLASS   STACK          

        CLASS   CODE           
                end_init                              0        0        1         0
                cinit                               3FE      3FE        2         0
                text8                               39E      39E        F         0
                text7                               3E1      3E1       1D         0
                text6                               396      396        8         0
                text5                               3BC      3BC       10         0
                text4                               38C      38C        5         0
                text3                               391      391        5         0
                text2                               3CC      3CC       15         0
                text1                               388      388        4         0
                maintext                            3AD      3AD        F         0

        CLASS   STRCODE        

        CLASS   STRING         

        CLASS   CONST          

        CLASS   ENTRY          

        CLASS   COMMON         
                cstackCOMMON                         70       70        6         1
                nvCOMMON                             76       76        1         1

        CLASS   BANK0          

        CLASS   RAM            

        CLASS   ABS1           
                abs_s1                               7E       7E        2         1

        CLASS   SFR0           

        CLASS   SFR1           

        CLASS   CONFIG         

        CLASS   IDLOC          

        CLASS   EEDATA         

        CLASS   BANK1          



SEGMENTS        Name                           Load    Length   Top    Selector   Space  Class     Delta

                reset_vec                      000000  000001  000001         0       0  CODE        2
                cstackCOMMON                   000070  000007  000077        70       1  COMMON      1
                text1                          000388  000004  00038C       710       0  CODE        2
                text4                          00038C  000005  000391       718       0  CODE        2
                text3                          000391  000005  000396       722       0  CODE        2
                text6                          000396  000008  00039E       72C       0  CODE        2
                text8                          00039E  00000F  0003AD       73C       0  CODE        2
                maintext                       0003AD  00000F  0003BC       75A       0  CODE        2
                text5                          0003BC  000010  0003CC       778       0  CODE        2
                text2                          0003CC  000015  0003E1       798       0  CODE        2
                text7                          0003E1  00001D  0003FE       7C2       0  CODE        2
                cinit                          0003FE  000002  000400       7FC       0  CODE        2


UNUSED ADDRESS RANGES

        Name                Unused          Largest block    Delta
        BANK0            040-06F            30           1
        CODE             001-387           387           2
        COMMON           077-07D             7           1
        CONFIG           2007-2007             1           2
        CONST            001-387           100           2
        EEDATA           2100-21FF           100           2
        ENTRY            001-387           100           2
        IDLOC            2000-2003             4           2
        RAM              040-06F            30           1
        SFR0             000-03F            40           1
        SFR1             080-0EF            70           1
        STACK            040-06F            30           1
        STRCODE          001-387           387           2
        STRING           001-387           100           2

                                  Symbol Table

SPI_RW@data              cstackCOMMON 071
SPI_RW@i                 cstackCOMMON 070
SPI_Read@addr            cstackCOMMON 073
SPI_Read@spidata         cstackCOMMON 075
SPI_ReadStatus@status    cstackCOMMON 072
SPI_Write@addr           cstackCOMMON 073
SPI_Write@dat            cstackCOMMON 075
_INTCON                  (abs)        00B
_MSCKCON                 (abs)        01B
_OPTION                  (abs)        081
_OSCCON                  (abs)        08F
_PA0                     (abs)        028
_PA2                     (abs)        02A
_PA4                     (abs)        02C
_PA5                     (abs)        02D
_PORTA                   (abs)        005
_POWER_INITIAL           text8        39E
_SPIReadData             nvCOMMON     076
_SPI_RW                  text7        3E1
_SPI_Read                text5        3BC
_SPI_ReadStatus          text6        396
_SPI_Write               text2        3CC
_TRISA                   (abs)        085
_WPUA                    (abs)        095
_WriteDisable            text4        38C
_WriteEnable             text3        391
__Habs1                  abs1         000
__Hbank0                 bank0        000
__Hbank1                 bank1        000
__Hcinit                 cinit        400
__Hclrtext               clrtext      000
__Hcode                  code         000
__Hcommon                common       000
__Hconfig                config       000
__HcstackCOMMON          cstackCOMMON 000
__Heeprom_data           eeprom_data  000
__Hend_init              end_init     001
__Hfunctab               functab      000
__Hidloc                 idloc        000
__Hinit                  init         000
__Hintentry              intentry     000
__Hmaintext              maintext     000
__HnvCOMMON              nvCOMMON     000
__Hpa_nodes0             pa_nodes0    000
__Hpowerup               powerup      000
__Hram                   ram          000
__Hreset_vec             reset_vec    000
__Hsfr0                  sfr0         000
__Hsfr1                  sfr1         000
__Hspace_0               (abs)        400
__Hspace_1               (abs)        077
__Hspace_2               (abs)        000
__Hspace_3               (abs)        000
__Hstack                 stack        000
__Hstrings               strings      000
__Htext                  text         000
__Labs1                  abs1         000
__Lbank0                 bank0        000
__Lbank1                 bank1        000
__Lcinit                 cinit        3FE
__Lclrtext               clrtext      000
__Lcode                  code         000
__Lcommon                common       000
__Lconfig                config       000
__LcstackCOMMON          cstackCOMMON 000
__Leeprom_data           eeprom_data  000
__Lend_init              end_init     000
__Lfunctab               functab      000
__Lidloc                 idloc        000
__Linit                  init         000
__Lintentry              intentry     000
__Lmaintext              maintext     000
__LnvCOMMON              nvCOMMON     000
__Lpa_nodes0             pa_nodes0    000
__Lpowerup               powerup      000
__Lram                   ram          000
__Lreset_vec             reset_vec    000
__Lsfr0                  sfr0         000
__Lsfr1                  sfr1         000
__Lspace_0               (abs)        000
__Lspace_1               (abs)        000
__Lspace_2               (abs)        000
__Lspace_3               (abs)        000
__Lstack                 stack        000
__Lstrings               strings      000
__Ltext                  text         000
__S0                     (abs)        400
__S1                     (abs)        077
__S2                     (abs)        000
__S3                     (abs)        000
___int_sp                stack        000
___latbits               (abs)        000
___sp                    stack        000
__end_of_POWER_INITIAL   text8        3AD
__end_of_SPI_RW          text7        3FE
__end_of_SPI_Read        text5        3CC
__end_of_SPI_ReadStatus  text6        39E
__end_of_SPI_Write       text2        3E1
__end_of_WriteDisable    text4        391
__end_of_WriteEnable     text3        396
__end_of__initialization cinit        3FE
__end_of_init_25c64_io   text1        38C
__end_of_main            maintext     3BC
__initialization         cinit        3FE
__pcstackCOMMON          cstackCOMMON 070
__pmaintext              maintext     3AD
__pnvCOMMON              nvCOMMON     076
__ptext1                 text1        388
__ptext2                 text2        3CC
__ptext3                 text3        391
__ptext4                 text4        38C
__ptext5                 text5        3BC
__ptext6                 text6        396
__ptext7                 text7        3E1
__ptext8                 text8        39E
__size_of_POWER_INITIAL  (abs)        000
__size_of_SPI_RW         (abs)        000
__size_of_SPI_Read       (abs)        000
__size_of_SPI_ReadStatus (abs)        000
__size_of_SPI_Write      (abs)        000
__size_of_WriteDisable   (abs)        000
__size_of_WriteEnable    (abs)        000
__size_of_init_25c64_io  (abs)        000
__size_of_main           (abs)        000
_init_25c64_io           text1        388
_main                    maintext     3AD
btemp                    (abs)        07E
end_of_initialization    cinit        3FE
intlevel0                functab      000
intlevel1                functab      000
intlevel2                functab      000
intlevel3                functab      000
intlevel4                functab      000
intlevel5                functab      000
reset_vec                reset_vec    000
stackhi                  (abs)        000
stacklo                  (abs)        000
start                    init         000
start_initialization     cinit        3FE
wtemp0                   (abs)        07E


FUNCTION INFORMATION:

 *************** function _main *****************
 Defined at:
		line 179 in file "test_60f01x_SPI.C"
 Parameters:    Size  Location     Type
		None
 Auto vars:     Size  Location     Type
		None
 Return value:  Size  Location     Type
                  1    wreg      void 
 Registers used:
		wreg, status,2, status,0, pclath, cstack
 Tracked objects:
		On entry : 
		On exit  : 
		Unchanged: 
 Data sizes:     COMMON   BANK0
      Params:         0       0
      Locals:         0       0
      Temps:          0       0
      Totals:         0       0
Total ram usage:        0 bytes
 Hardware stack levels required when called:    3
 This function calls:
		_POWER_INITIAL
		_SPI_Read
		_SPI_Write
		_init_25c64_io
 This function is called by:
		Startup code after reset
 This function uses a non-reentrant model


 *************** function _init_25c64_io *****************
 Defined at:
		line 54 in file "test_60f01x_SPI.C"
 Parameters:    Size  Location     Type
		None
 Auto vars:     Size  Location     Type
		None
 Return value:  Size  Location     Type
                  1    wreg      void 
 Registers used:
		None
 Tracked objects:
		On entry : 
		On exit  : 
		Unchanged: 
 Data sizes:     COMMON   BANK0
      Params:         0       0
      Locals:         0       0
      Temps:          0       0
      Totals:         0       0
Total ram usage:        0 bytes
 Hardware stack levels used:    1
 This function calls:
		Nothing
 This function is called by:
		_main
 This function uses a non-reentrant model


 *************** function _SPI_Write *****************
 Defined at:
		line 158 in file "test_60f01x_SPI.C"
 Parameters:    Size  Location     Type
  addr            2    3[COMMON] unsigned int 
  dat             1    5[COMMON] unsigned char 
 Auto vars:     Size  Location     Type
		None
 Return value:  Size  Location     Type
                  1    wreg      void 
 Registers used:
		wreg, status,2, status,0, pclath, cstack
 Tracked objects:
		On entry : 
		On exit  : 
		Unchanged: 
 Data sizes:     COMMON   BANK0
      Params:         3       0
      Locals:         0       0
      Temps:          0       0
      Totals:         3       0
Total ram usage:        3 bytes
 Hardware stack levels used:    1
 Hardware stack levels required when called:    2
 This function calls:
		_SPI_RW
		_SPI_ReadStatus
		_WriteDisable
		_WriteEnable
 This function is called by:
		_main
 This function uses a non-reentrant model


 *************** function _WriteEnable *****************
 Defined at:
		line 92 in file "test_60f01x_SPI.C"
 Parameters:    Size  Location     Type
		None
 Auto vars:     Size  Location     Type
		None
 Return value:  Size  Location     Type
                  1    wreg      void 
 Registers used:
		wreg, status,2, status,0, pclath, cstack
 Tracked objects:
		On entry : 
		On exit  : 
		Unchanged: 
 Data sizes:     COMMON   BANK0
      Params:         0       0
      Locals:         0       0
      Temps:          0       0
      Totals:         0       0
Total ram usage:        0 bytes
 Hardware stack levels used:    1
 Hardware stack levels required when called:    1
 This function calls:
		_SPI_RW
 This function is called by:
		_SPI_Write
 This function uses a non-reentrant model


 *************** function _WriteDisable *****************
 Defined at:
		line 102 in file "test_60f01x_SPI.C"
 Parameters:    Size  Location     Type
		None
 Auto vars:     Size  Location     Type
		None
 Return value:  Size  Location     Type
                  1    wreg      void 
 Registers used:
		wreg, status,2, status,0, pclath, cstack
 Tracked objects:
		On entry : 
		On exit  : 
		Unchanged: 
 Data sizes:     COMMON   BANK0
      Params:         0       0
      Locals:         0       0
      Temps:          0       0
      Totals:         0       0
Total ram usage:        0 bytes
 Hardware stack levels used:    1
 Hardware stack levels required when called:    1
 This function calls:
		_SPI_RW
 This function is called by:
		_SPI_Write
 This function uses a non-reentrant model


 *************** function _SPI_Read *****************
 Defined at:
		line 141 in file "test_60f01x_SPI.C"
 Parameters:    Size  Location     Type
  addr            2    3[COMMON] unsigned int 
 Auto vars:     Size  Location     Type
  spidata         1    5[COMMON] unsigned char 
 Return value:  Size  Location     Type
                  1    wreg      unsigned char 
 Registers used:
		wreg, status,2, status,0, pclath, cstack
 Tracked objects:
		On entry : 
		On exit  : 
		Unchanged: 
 Data sizes:     COMMON   BANK0
      Params:         2       0
      Locals:         1       0
      Temps:          0       0
      Totals:         3       0
Total ram usage:        3 bytes
 Hardware stack levels used:    1
 Hardware stack levels required when called:    2
 This function calls:
		_SPI_RW
		_SPI_ReadStatus
 This function is called by:
		_main
 This function uses a non-reentrant model


 *************** function _SPI_ReadStatus *****************
 Defined at:
		line 113 in file "test_60f01x_SPI.C"
 Parameters:    Size  Location     Type
		None
 Auto vars:     Size  Location     Type
  status          1    2[COMMON] unsigned char 
 Return value:  Size  Location     Type
                  1    wreg      unsigned char 
 Registers used:
		wreg, status,2, status,0, pclath, cstack
 Tracked objects:
		On entry : 
		On exit  : 
		Unchanged: 
 Data sizes:     COMMON   BANK0
      Params:         0       0
      Locals:         1       0
      Temps:          0       0
      Totals:         1       0
Total ram usage:        1 bytes
 Hardware stack levels used:    1
 Hardware stack levels required when called:    1
 This function calls:
		_SPI_RW
 This function is called by:
		_SPI_Read
		_SPI_Write
 This function uses a non-reentrant model


 *************** function _SPI_RW *****************
 Defined at:
		line 66 in file "test_60f01x_SPI.C"
 Parameters:    Size  Location     Type
  data            1    wreg     unsigned char 
 Auto vars:     Size  Location     Type
  data            1    1[COMMON] unsigned char 
  i               1    0[COMMON] unsigned char 
 Return value:  Size  Location     Type
                  1    wreg      unsigned char 
 Registers used:
		wreg, status,2, status,0
 Tracked objects:
		On entry : 
		On exit  : 
		Unchanged: 
 Data sizes:     COMMON   BANK0
      Params:         0       0
      Locals:         2       0
      Temps:          0       0
      Totals:         2       0
Total ram usage:        2 bytes
 Hardware stack levels used:    1
 This function calls:
		Nothing
 This function is called by:
		_WriteEnable
		_WriteDisable
		_SPI_ReadStatus
		_SPI_Read
		_SPI_Write
 This function uses a non-reentrant model


 *************** function _POWER_INITIAL *****************
 Defined at:
		line 35 in file "test_60f01x_SPI.C"
 Parameters:    Size  Location     Type
		None
 Auto vars:     Size  Location     Type
		None
 Return value:  Size  Location     Type
                  1    wreg      void 
 Registers used:
		wreg, status,2
 Tracked objects:
		On entry : 
		On exit  : 
		Unchanged: 
 Data sizes:     COMMON   BANK0
      Params:         0       0
      Locals:         0       0
      Temps:          0       0
      Totals:         0       0
Total ram usage:        0 bytes
 Hardware stack levels used:    1
 This function calls:
		Nothing
 This function is called by:
		_main
 This function uses a non-reentrant model



MODULE INFORMATION

Module		Function		Class		Link	Load	Size
shared
		__initialization		CODE           	03FE	0000	1

shared estimated size: 1

test_60f01x_SPI.C
		_WriteDisable  		CODE           	038C	0000	6
		_SPI_RW        		CODE           	03E1	0000	30
		_init_25c64_io 		CODE           	0388	0000	5
		_main          		CODE           	03AD	0000	16
		_POWER_INITIAL 		CODE           	039E	0000	16
		_SPI_Write     		CODE           	03CC	0000	22
		_SPI_Read      		CODE           	03BC	0000	17
		_WriteEnable   		CODE           	0391	0000	6
		_SPI_ReadStatus		CODE           	0396	0000	9

test_60f01x_SPI.C estimated size: 127

