GNU Tool Chain  

Linker command line:

--edf=D:\IDE3.0.3_6C03\data\dat\en_msgs.txt -cs -h+test_60f01x_iic.sym \
  --cmf=test_60f01x_iic.cmf -z -QFT60F01X \
  -oC:\Users\ALEXAN~1.WAN\AppData\Local\Temp\sfrc.2 -Mtest_60f01x_iic.map \
  -E1 -ver=XC8 -ASTACK=040h-06fh -pstack=STACK -ACODE=00h-03FFh \
  -ASTRCODE=00h-03FFh -ASTRING=00h-0FFhx4 -ACONST=00h-0FFhx4 \
  -AENTRY=00h-0FFhx4 -ACOMMON=070h-07Fh -ABANK0=040h-06Fh -ARAM=040h-06Fh \
  -AABS1=040h-07Fh -ASFR0=00h-03Fh -ASFR1=080h-0EFh \
  -preset_vec=00h,intentry,init,end_init -ppowerup=CODE -pcinit=CODE \
  -pfunctab=ENTRY -ACONFIG=02007h-02007h -pconfig=CONFIG -DCONFIG=2 \
  -AIDLOC=02000h-02003h -pidloc=IDLOC -DIDLOC=2 -AEEDATA=00h-0FFh/02100h \
  -peeprom_data=EEDATA -DEEDATA=2 -DCODE=2 -DSTRCODE=2 -DSTRING=2 -DCONST=2 \
  -DENTRY=2 -k C:\Users\ALEXAN~1.WAN\AppData\Local\Temp\sfrc.obj \
  test_60f01x_iic.obj 

Object code version is 3.11

Machine type is FT60F01X



                Name                               Link     Load   Length Selector   Space Scale
C:\Users\ALEXAN~1.WAN\AppData\Local\Temp\sfrc.obj
                end_init                              0        0        1        0       0
test_60f01x_iic.obj
                cinit                               3FE      3FE        2      7FC       0
                text10                              32B      32B        9      656       0
                text9                               34C      34C        F      698       0
                text8                               3A5      3A5       18      74A       0
                text7                               3D7      3D7       27      7AE       0
                text6                               35B      35B        F      6B6       0
                text5                               36A      36A        F      6D4       0
                text4                               38E      38E       17      71C       0
                text3                               3BD      3BD       1A      77A       0
                text2                               379      379       15      6F2       0
                text1                               33E      33E        E      67C       0
                maintext                            334      334        A      668       0
                cstackCOMMON                         70       70        7       70       1
                nvCOMMON                             77       77        1       70       1

TOTAL           Name                               Link     Load   Length     Space
        CLASS   STACK          

        CLASS   CODE           
                end_init                              0        0        1         0
                cinit                               3FE      3FE        2         0
                text10                              32B      32B        9         0
                text9                               34C      34C        F         0
                text8                               3A5      3A5       18         0
                text7                               3D7      3D7       27         0
                text6                               35B      35B        F         0
                text5                               36A      36A        F         0
                text4                               38E      38E       17         0
                text3                               3BD      3BD       1A         0
                text2                               379      379       15         0
                text1                               33E      33E        E         0
                maintext                            334      334        A         0

        CLASS   STRCODE        

        CLASS   STRING         

        CLASS   CONST          

        CLASS   ENTRY          

        CLASS   COMMON         
                cstackCOMMON                         70       70        7         1
                nvCOMMON                             77       77        1         1

        CLASS   BANK0          

        CLASS   RAM            

        CLASS   ABS1           
                abs_s1                               7E       7E        2         1

        CLASS   SFR0           

        CLASS   SFR1           

        CLASS   CONFIG         

        CLASS   IDLOC          

        CLASS   EEDATA         

        CLASS   BANK1          



SEGMENTS        Name                           Load    Length   Top    Selector   Space  Class     Delta

                reset_vec                      000000  000001  000001         0       0  CODE        2
                cstackCOMMON                   000070  000008  000078        70       1  COMMON      1
                text10                         00032B  000009  000334       656       0  CODE        2
                maintext                       000334  00000A  00033E       668       0  CODE        2
                text1                          00033E  00000E  00034C       67C       0  CODE        2
                text9                          00034C  00000F  00035B       698       0  CODE        2
                text6                          00035B  00000F  00036A       6B6       0  CODE        2
                text5                          00036A  00000F  000379       6D4       0  CODE        2
                text2                          000379  000015  00038E       6F2       0  CODE        2
                text4                          00038E  000017  0003A5       71C       0  CODE        2
                text8                          0003A5  000018  0003BD       74A       0  CODE        2
                text3                          0003BD  00001A  0003D7       77A       0  CODE        2
                text7                          0003D7  000027  0003FE       7AE       0  CODE        2
                cinit                          0003FE  000002  000400       7FC       0  CODE        2


UNUSED ADDRESS RANGES

        Name                Unused          Largest block    Delta
        BANK0            040-06F            30           1
        CODE             001-32A           32A           2
        COMMON           078-07D             6           1
        CONFIG           2007-2007             1           2
        CONST            001-32A           100           2
        EEDATA           2100-21FF           100           2
        ENTRY            001-32A           100           2
        IDLOC            2000-2003             4           2
        RAM              040-06F            30           1
        SFR0             000-03F            40           1
        SFR1             080-0EF            70           1
        STACK            040-06F            30           1
        STRCODE          001-32A           32A           2
        STRING           001-32A           100           2

                                  Symbol Table

DelayUs@Time             cstackCOMMON 070
DelayUs@a                cstackCOMMON 071
IIC_READ@address         cstackCOMMON 075
IIC_READ@iicdata         cstackCOMMON 076
IIC_Read_Byte@i          cstackCOMMON 073
IIC_Read_Byte@receive    cstackCOMMON 072
IIC_Send_Byte@t          cstackCOMMON 074
IIC_Send_Byte@txd        cstackCOMMON 073
IIC_WRITE@address        cstackCOMMON 076
IIC_WRITE@data           cstackCOMMON 075
IIC_Wait_Ack@ucErrTime   cstackCOMMON 072
_DelayUs                 text10       32B
_IICReadData             nvCOMMON     077
_IIC_NAck                text9        34C
_IIC_READ                text3        3BD
_IIC_Read_Byte           text8        3A5
_IIC_Send_Byte           text7        3D7
_IIC_Start               text6        35B
_IIC_Stop                text5        36A
_IIC_WRITE               text2        379
_IIC_Wait_Ack            text4        38E
_INTCON                  (abs)        00B
_MSCKCON                 (abs)        01B
_OPTION                  (abs)        081
_OSCCON                  (abs)        08F
_PA2                     (abs)        02A
_PA4                     (abs)        02C
_PORTA                   (abs)        005
_POWER_INITIAL           text1        33E
_TRISA                   (abs)        085
_TRISA2                  (abs)        42A
_WPUA                    (abs)        095
__Habs1                  abs1         000
__Hbank0                 bank0        000
__Hbank1                 bank1        000
__Hcinit                 cinit        400
__Hclrtext               clrtext      000
__Hcode                  code         000
__Hcommon                common       000
__Hconfig                config       000
__HcstackCOMMON          cstackCOMMON 000
__Heeprom_data           eeprom_data  000
__Hend_init              end_init     001
__Hfunctab               functab      000
__Hidloc                 idloc        000
__Hinit                  init         000
__Hintentry              intentry     000
__Hmaintext              maintext     000
__HnvCOMMON              nvCOMMON     000
__Hpa_nodes0             pa_nodes0    000
__Hpowerup               powerup      000
__Hram                   ram          000
__Hreset_vec             reset_vec    000
__Hsfr0                  sfr0         000
__Hsfr1                  sfr1         000
__Hspace_0               (abs)        400
__Hspace_1               (abs)        078
__Hspace_2               (abs)        000
__Hspace_3               (abs)        000
__Hstack                 stack        000
__Hstrings               strings      000
__Htext                  text         000
__Labs1                  abs1         000
__Lbank0                 bank0        000
__Lbank1                 bank1        000
__Lcinit                 cinit        3FE
__Lclrtext               clrtext      000
__Lcode                  code         000
__Lcommon                common       000
__Lconfig                config       000
__LcstackCOMMON          cstackCOMMON 000
__Leeprom_data           eeprom_data  000
__Lend_init              end_init     000
__Lfunctab               functab      000
__Lidloc                 idloc        000
__Linit                  init         000
__Lintentry              intentry     000
__Lmaintext              maintext     000
__LnvCOMMON              nvCOMMON     000
__Lpa_nodes0             pa_nodes0    000
__Lpowerup               powerup      000
__Lram                   ram          000
__Lreset_vec             reset_vec    000
__Lsfr0                  sfr0         000
__Lsfr1                  sfr1         000
__Lspace_0               (abs)        000
__Lspace_1               (abs)        000
__Lspace_2               (abs)        000
__Lspace_3               (abs)        000
__Lstack                 stack        000
__Lstrings               strings      000
__Ltext                  text         000
__S0                     (abs)        400
__S1                     (abs)        078
__S2                     (abs)        000
__S3                     (abs)        000
___int_sp                stack        000
___latbits               (abs)        000
___sp                    stack        000
__end_of_DelayUs         text10       334
__end_of_IIC_NAck        text9        35B
__end_of_IIC_READ        text3        3D7
__end_of_IIC_Read_Byte   text8        3BD
__end_of_IIC_Send_Byte   text7        3FE
__end_of_IIC_Start       text6        36A
__end_of_IIC_Stop        text5        379
__end_of_IIC_WRITE       text2        38E
__end_of_IIC_Wait_Ack    text4        3A5
__end_of_POWER_INITIAL   text1        34C
__end_of__initialization cinit        3FE
__end_of_main            maintext     33E
__initialization         cinit        3FE
__pcstackCOMMON          cstackCOMMON 070
__pmaintext              maintext     334
__pnvCOMMON              nvCOMMON     077
__ptext1                 text1        33E
__ptext10                text10       32B
__ptext2                 text2        379
__ptext3                 text3        3BD
__ptext4                 text4        38E
__ptext5                 text5        36A
__ptext6                 text6        35B
__ptext7                 text7        3D7
__ptext8                 text8        3A5
__ptext9                 text9        34C
__size_of_DelayUs        (abs)        000
__size_of_IIC_NAck       (abs)        000
__size_of_IIC_READ       (abs)        000
__size_of_IIC_Read_Byte  (abs)        000
__size_of_IIC_Send_Byte  (abs)        000
__size_of_IIC_Start      (abs)        000
__size_of_IIC_Stop       (abs)        000
__size_of_IIC_WRITE      (abs)        000
__size_of_IIC_Wait_Ack   (abs)        000
__size_of_POWER_INITIAL  (abs)        000
__size_of_main           (abs)        000
_main                    maintext     334
btemp                    (abs)        07E
end_of_initialization    cinit        3FE
intlevel0                functab      000
intlevel1                functab      000
intlevel2                functab      000
intlevel3                functab      000
intlevel4                functab      000
intlevel5                functab      000
reset_vec                reset_vec    000
stackhi                  (abs)        000
stacklo                  (abs)        000
start                    init         000
start_initialization     cinit        3FE
wtemp0                   (abs)        07E


FUNCTION INFORMATION:

 *************** function _main *****************
 Defined at:
		line 257 in file "test_60f01x_IIC.C"
 Parameters:    Size  Location     Type
		None
 Auto vars:     Size  Location     Type
		None
 Return value:  Size  Location     Type
                  1    wreg      void 
 Registers used:
		wreg, status,2, status,0, pclath, cstack
 Tracked objects:
		On entry : 
		On exit  : 
		Unchanged: 
 Data sizes:     COMMON   BANK0
      Params:         0       0
      Locals:         0       0
      Temps:          0       0
      Totals:         0       0
Total ram usage:        0 bytes
 Hardware stack levels required when called:    4
 This function calls:
		_IIC_READ
		_IIC_WRITE
		_POWER_INITIAL
 This function is called by:
		Startup code after reset
 This function uses a non-reentrant model


 *************** function _POWER_INITIAL *****************
 Defined at:
		line 36 in file "test_60f01x_IIC.C"
 Parameters:    Size  Location     Type
		None
 Auto vars:     Size  Location     Type
		None
 Return value:  Size  Location     Type
                  1    wreg      void 
 Registers used:
		wreg, status,2
 Tracked objects:
		On entry : 
		On exit  : 
		Unchanged: 
 Data sizes:     COMMON   BANK0
      Params:         0       0
      Locals:         0       0
      Temps:          0       0
      Totals:         0       0
Total ram usage:        0 bytes
 Hardware stack levels used:    1
 This function calls:
		Nothing
 This function is called by:
		_main
 This function uses a non-reentrant model


 *************** function _IIC_WRITE *****************
 Defined at:
		line 235 in file "test_60f01x_IIC.C"
 Parameters:    Size  Location     Type
  address         1    wreg     unsigned char 
  data            1    5[COMMON] unsigned char 
 Auto vars:     Size  Location     Type
  address         1    6[COMMON] unsigned char 
 Return value:  Size  Location     Type
                  1    wreg      void 
 Registers used:
		wreg, status,2, status,0, pclath, cstack
 Tracked objects:
		On entry : 
		On exit  : 
		Unchanged: 
 Data sizes:     COMMON   BANK0
      Params:         1       0
      Locals:         1       0
      Temps:          0       0
      Totals:         2       0
Total ram usage:        2 bytes
 Hardware stack levels used:    1
 Hardware stack levels required when called:    3
 This function calls:
		_IIC_Send_Byte
		_IIC_Start
		_IIC_Stop
		_IIC_Wait_Ack
 This function is called by:
		_main
 This function uses a non-reentrant model


 *************** function _IIC_READ *****************
 Defined at:
		line 213 in file "test_60f01x_IIC.C"
 Parameters:    Size  Location     Type
  address         1    wreg     unsigned char 
 Auto vars:     Size  Location     Type
  address         1    5[COMMON] unsigned char 
  iicdata         1    6[COMMON] unsigned char 
 Return value:  Size  Location     Type
                  1    wreg      unsigned char 
 Registers used:
		wreg, status,2, status,0, pclath, cstack
 Tracked objects:
		On entry : 
		On exit  : 
		Unchanged: 
 Data sizes:     COMMON   BANK0
      Params:         0       0
      Locals:         2       0
      Temps:          0       0
      Totals:         2       0
Total ram usage:        2 bytes
 Hardware stack levels used:    1
 Hardware stack levels required when called:    3
 This function calls:
		_IIC_Read_Byte
		_IIC_Send_Byte
		_IIC_Start
		_IIC_Stop
		_IIC_Wait_Ack
 This function is called by:
		_main
 This function uses a non-reentrant model


 *************** function _IIC_Wait_Ack *****************
 Defined at:
		line 107 in file "test_60f01x_IIC.C"
 Parameters:    Size  Location     Type
		None
 Auto vars:     Size  Location     Type
  ucErrTime       1    2[COMMON] unsigned char 
 Return value:  Size  Location     Type
                  1    wreg      unsigned char 
 Registers used:
		wreg, status,2, status,0, pclath, cstack
 Tracked objects:
		On entry : 
		On exit  : 
		Unchanged: 
 Data sizes:     COMMON   BANK0
      Params:         0       0
      Locals:         1       0
      Temps:          0       0
      Totals:         1       0
Total ram usage:        1 bytes
 Hardware stack levels used:    1
 Hardware stack levels required when called:    2
 This function calls:
		_DelayUs
		_IIC_Stop
 This function is called by:
		_IIC_READ
		_IIC_WRITE
 This function uses a non-reentrant model


 *************** function _IIC_Stop *****************
 Defined at:
		line 89 in file "test_60f01x_IIC.C"
 Parameters:    Size  Location     Type
		None
 Auto vars:     Size  Location     Type
		None
 Return value:  Size  Location     Type
                  1    wreg      void 
 Registers used:
		wreg, status,2, status,0, pclath, cstack
 Tracked objects:
		On entry : 
		On exit  : 
		Unchanged: 
 Data sizes:     COMMON   BANK0
      Params:         0       0
      Locals:         0       0
      Temps:          0       0
      Totals:         0       0
Total ram usage:        0 bytes
 Hardware stack levels used:    1
 Hardware stack levels required when called:    1
 This function calls:
		_DelayUs
 This function is called by:
		_IIC_Wait_Ack
		_IIC_READ
		_IIC_WRITE
 This function uses a non-reentrant model


 *************** function _IIC_Start *****************
 Defined at:
		line 72 in file "test_60f01x_IIC.C"
 Parameters:    Size  Location     Type
		None
 Auto vars:     Size  Location     Type
		None
 Return value:  Size  Location     Type
                  1    wreg      void 
 Registers used:
		wreg, status,2, status,0, pclath, cstack
 Tracked objects:
		On entry : 
		On exit  : 
		Unchanged: 
 Data sizes:     COMMON   BANK0
      Params:         0       0
      Locals:         0       0
      Temps:          0       0
      Totals:         0       0
Total ram usage:        0 bytes
 Hardware stack levels used:    1
 Hardware stack levels required when called:    1
 This function calls:
		_DelayUs
 This function is called by:
		_IIC_READ
		_IIC_WRITE
 This function uses a non-reentrant model


 *************** function _IIC_Send_Byte *****************
 Defined at:
		line 165 in file "test_60f01x_IIC.C"
 Parameters:    Size  Location     Type
  txd             1    wreg     unsigned char 
 Auto vars:     Size  Location     Type
  txd             1    3[COMMON] unsigned char 
  t               1    4[COMMON] unsigned char 
 Return value:  Size  Location     Type
                  1    wreg      void 
 Registers used:
		wreg, status,2, status,0, pclath, cstack
 Tracked objects:
		On entry : 
		On exit  : 
		Unchanged: 
 Data sizes:     COMMON   BANK0
      Params:         0       0
      Locals:         2       0
      Temps:          1       0
      Totals:         3       0
Total ram usage:        3 bytes
 Hardware stack levels used:    1
 Hardware stack levels required when called:    1
 This function calls:
		_DelayUs
 This function is called by:
		_IIC_READ
		_IIC_WRITE
 This function uses a non-reentrant model


 *************** function _IIC_Read_Byte *****************
 Defined at:
		line 190 in file "test_60f01x_IIC.C"
 Parameters:    Size  Location     Type
		None
 Auto vars:     Size  Location     Type
  i               1    3[COMMON] unsigned char 
  receive         1    2[COMMON] unsigned char 
 Return value:  Size  Location     Type
                  1    wreg      unsigned char 
 Registers used:
		wreg, status,2, status,0, pclath, cstack
 Tracked objects:
		On entry : 
		On exit  : 
		Unchanged: 
 Data sizes:     COMMON   BANK0
      Params:         0       0
      Locals:         2       0
      Temps:          0       0
      Totals:         2       0
Total ram usage:        2 bytes
 Hardware stack levels used:    1
 Hardware stack levels required when called:    2
 This function calls:
		_DelayUs
		_IIC_NAck
 This function is called by:
		_IIC_READ
 This function uses a non-reentrant model


 *************** function _IIC_NAck *****************
 Defined at:
		line 149 in file "test_60f01x_IIC.C"
 Parameters:    Size  Location     Type
		None
 Auto vars:     Size  Location     Type
		None
 Return value:  Size  Location     Type
                  1    wreg      void 
 Registers used:
		wreg, status,2, status,0, pclath, cstack
 Tracked objects:
		On entry : 
		On exit  : 
		Unchanged: 
 Data sizes:     COMMON   BANK0
      Params:         0       0
      Locals:         0       0
      Temps:          0       0
      Totals:         0       0
Total ram usage:        0 bytes
 Hardware stack levels used:    1
 Hardware stack levels required when called:    1
 This function calls:
		_DelayUs
 This function is called by:
		_IIC_Read_Byte
 This function uses a non-reentrant model


 *************** function _DelayUs *****************
 Defined at:
		line 58 in file "test_60f01x_IIC.C"
 Parameters:    Size  Location     Type
  Time            1    wreg     unsigned char 
 Auto vars:     Size  Location     Type
  Time            1    0[COMMON] unsigned char 
  a               1    1[COMMON] unsigned char 
 Return value:  Size  Location     Type
                  1    wreg      void 
 Registers used:
		wreg, status,2, status,0
 Tracked objects:
		On entry : 
		On exit  : 
		Unchanged: 
 Data sizes:     COMMON   BANK0
      Params:         0       0
      Locals:         2       0
      Temps:          0       0
      Totals:         2       0
Total ram usage:        2 bytes
 Hardware stack levels used:    1
 This function calls:
		Nothing
 This function is called by:
		_IIC_Start
		_IIC_Stop
		_IIC_Wait_Ack
		_IIC_NAck
		_IIC_Send_Byte
		_IIC_Read_Byte
 This function uses a non-reentrant model



MODULE INFORMATION

Module		Function		Class		Link	Load	Size
shared
		__initialization		CODE           	03FE	0000	1

shared estimated size: 1

test_60f01x_IIC.C
		_IIC_Stop      		CODE           	036A	0000	16
		_IIC_READ      		CODE           	03BD	0000	27
		_IIC_Wait_Ack  		CODE           	038E	0000	24
		_DelayUs       		CODE           	032B	0000	10
		_IIC_Read_Byte 		CODE           	03A5	0000	25
		_main          		CODE           	0334	0000	11
		_IIC_Send_Byte 		CODE           	03D7	0000	40
		_IIC_NAck      		CODE           	034C	0000	16
		_IIC_Start     		CODE           	035B	0000	16
		_POWER_INITIAL 		CODE           	033E	0000	15
		_IIC_WRITE     		CODE           	0379	0000	22

test_60f01x_IIC.C estimated size: 222

