GNU Tool Chain  

Linker command line:

--edf=D:\ÎÄ¼þ¼Ð\IDE3.08\IDE3.0.8Beta\data\dat\en_msgs.txt -cs \
  -h+test_61f13x_int.sym --cmf=test_61f13x_int.cmf -z -QFT61F13X \
  -oC:\Users\ADMIN\AppData\Local\Temp\s1m98.2 -Mtest_61f13x_int.map -E1 \
  -ver=XC8 -ASTACK=0A0h-0efh -pstack=STACK -ACODE=00h-07FFh,0800h-0BFFh \
  -ASTRCODE=00h-0BFFh -ASTRING=00h-0FFhx12 -ACONST=00h-0FFhx12 \
  -AENTRY=00h-0FFhx12 -ACOMMON=070h-07Fh -ABANK0=020h-06Fh \
  -ABANK1=0A0h-0EFh -ABANK2=0120h-016Fh \
  -ARAM=020h-06Fh,0A0h-0EFh,0120h-016Fh \
  -AABS1=020h-07Fh,0A0h-0EFh,0120h-016Fh -ASFR0=00h-01Fh -ASFR1=080h-09Fh \
  -ASFR2=0100h-011Fh -ASFR3=0180h-01EFh \
  -preset_vec=00h,intentry=04h,init,end_init -ppowerup=CODE -pcinit=CODE \
  -pfunctab=ENTRY -ACONFIG=02007h-02007h -pconfig=CONFIG -DCONFIG=2 \
  -AIDLOC=02000h-02003h -pidloc=IDLOC -DIDLOC=2 -AEEDATA=00h-07Fh/02100h \
  -peeprom_data=EEDATA -DEEDATA=2 -DCODE=2 -DSTRCODE=2 -DSTRING=2 -DCONST=2 \
  -DENTRY=2 -k C:\Users\ADMIN\AppData\Local\Temp\s1m98.obj \
  test_61f13x_int.obj 

Object code version is 3.11

Machine type is FT61F13X



                Name                               Link     Load   Length Selector   Space Scale
C:\Users\ADMIN\AppData\Local\Temp\s1m98.obj
                end_init                              B        B        2        8       0
                reset_vec                             0        0        2        0       0
test_61f13x_int.obj
                cinit                                 D        D        3        8       0
                intentry                              4        4        7        8       0
                text5                                10       10       2B        8       0
                text3                                3B       3B       1C        8       0
                text2                                87       87        9        8       0
                text1                                72       72       15        8       0
                maintext                             57       57       1B        8       0
                cstackBANK0                          20       20        5       20       1
                cstackCOMMON                         70       70        7       70       1
                nvBANK0                              25       25        1       20       1

TOTAL           Name                               Link     Load   Length     Space
        CLASS   STACK          

        CLASS   CODE           
                end_init                              B        B        2         0
                cinit                                 D        D        3         0
                intentry                              4        4        7         0
                reset_vec                             0        0        2         0
                text5                                10       10       2B         0
                text3                                3B       3B       1C         0
                text2                                87       87        9         0
                text1                                72       72       15         0
                maintext                             57       57       1B         0

        CLASS   STRCODE        

        CLASS   STRING         

        CLASS   CONST          

        CLASS   ENTRY          

        CLASS   COMMON         
                cstackCOMMON                         70       70        7         1

        CLASS   BANK0          
                cstackBANK0                          20       20        5         1
                nvBANK0                              25       25        1         1

        CLASS   BANK1          

        CLASS   BANK2          

        CLASS   RAM            

        CLASS   ABS1           
                abs_s1                               7E       7E        2         1

        CLASS   SFR0           

        CLASS   SFR1           

        CLASS   SFR2           

        CLASS   SFR3           

        CLASS   CONFIG         

        CLASS   IDLOC          

        CLASS   EEDATA         

        CLASS   BANK3          



SEGMENTS        Name                           Load    Length   Top    Selector   Space  Class     Delta

                reset_vec                      000000  000002  000002         0       0  CODE        2
                intentry                       000004  00008C  000090         8       0  CODE        2
                cstackBANK0                    000020  000006  000026        20       1  BANK0       1
                cstackCOMMON                   000070  000007  000077        70       1  COMMON      1


UNUSED ADDRESS RANGES

        Name                Unused          Largest block    Delta
        BANK0            026-06F            4A           1
        BANK1            0A0-0EF            50           1
        BANK2            120-16F            50           1
        CODE             002-003             2           2
                         090-BFF           770
        COMMON           077-07D             7           1
        CONFIG           2007-2007             1           2
        CONST            002-003             2           2
                         090-BFF           100
        EEDATA           2100-217F            80           2
        ENTRY            002-003             2           2
                         090-BFF           100
        IDLOC            2000-2003             4           2
        RAM              026-06F            4A           1
                         0A0-0EF            50
                         120-16F            50
        SFR0             000-01F            20           1
        SFR1             080-09F            20           1
        SFR2             100-11F            20           1
        SFR3             180-1EF            70           1
        STACK            0A0-0EF            50           1
        STRCODE          002-003             2           2
                         090-BFF           B70
        STRING           002-003             2           2
                         090-BFF           100

                                  Symbol Table

DelayMs@Time             cstackBANK0  022
DelayMs@a                cstackBANK0  023
DelayMs@b                cstackBANK0  024
DelayUs@Time             cstackBANK0  020
DelayUs@a                cstackBANK0  021
_ANSEL0                  (abs)        11E
_DelayMs                 text3        03B
_DelayUs                 text3        04C
_FCount                  nvBANK0      025
_GIE                     (abs)        05F
_INTCON                  (abs)        00B
_INTE                    (abs)        05C
_INTEDG                  (abs)        40E
_INTF                    (abs)        059
_INT_INITIAL             text2        087
_ISR                     text5        010
_OPTION                  (abs)        081
_OSCCON                  (abs)        08F
_PA2                     (abs)        02A
_PORTA                   (abs)        005
_PORTC                   (abs)        007
_POWER_INITIAL           text1        072
_TRISA                   (abs)        085
_TRISA4                  (abs)        42C
_TRISC                   (abs)        087
_WPUA                    (abs)        095
_WPUC                    (abs)        093
__Habs1                  abs1         000
__Hbank0                 bank0        000
__Hbank1                 bank1        000
__Hbank2                 bank2        000
__Hbank3                 bank3        000
__Hcinit                 cinit        010
__Hclrtext               clrtext      000
__Hcode                  code         000
__Hcommon                common       000
__Hconfig                config       000
__HcstackBANK0           cstackBANK0  000
__HcstackCOMMON          cstackCOMMON 000
__Heeprom_data           eeprom_data  000
__Hend_init              end_init     00D
__Hfunctab               functab      000
__Hidloc                 idloc        000
__Hinit                  init         00B
__Hintentry              intentry     00B
__Hmaintext              maintext     000
__HnvBANK0               nvBANK0      000
__Hpa_nodes0             pa_nodes0    000
__Hpowerup               powerup      000
__Hram                   ram          000
__Hreset_vec             reset_vec    002
__Hsfr0                  sfr0         000
__Hsfr1                  sfr1         000
__Hsfr2                  sfr2         000
__Hsfr3                  sfr3         000
__Hspace_0               (abs)        090
__Hspace_1               (abs)        077
__Hspace_2               (abs)        000
__Hspace_3               (abs)        000
__Hstack                 stack        000
__Hstrings               strings      000
__Htext                  text         000
__Labs1                  abs1         000
__Lbank0                 bank0        000
__Lbank1                 bank1        000
__Lbank2                 bank2        000
__Lbank3                 bank3        000
__Lcinit                 cinit        00D
__Lclrtext               clrtext      000
__Lcode                  code         000
__Lcommon                common       000
__Lconfig                config       000
__LcstackBANK0           cstackBANK0  000
__LcstackCOMMON          cstackCOMMON 000
__Leeprom_data           eeprom_data  000
__Lend_init              end_init     00B
__Lfunctab               functab      000
__Lidloc                 idloc        000
__Linit                  init         00B
__Lintentry              intentry     004
__Lmaintext              maintext     000
__LnvBANK0               nvBANK0      000
__Lpa_nodes0             pa_nodes0    000
__Lpowerup               powerup      000
__Lram                   ram          000
__Lreset_vec             reset_vec    000
__Lsfr0                  sfr0         000
__Lsfr1                  sfr1         000
__Lsfr2                  sfr2         000
__Lsfr3                  sfr3         000
__Lspace_0               (abs)        000
__Lspace_1               (abs)        000
__Lspace_2               (abs)        000
__Lspace_3               (abs)        000
__Lstack                 stack        000
__Lstrings               strings      000
__Ltext                  text         000
__S0                     (abs)        090
__S1                     (abs)        077
__S2                     (abs)        000
__S3                     (abs)        000
___int_sp                stack        000
___latbits               (abs)        001
___sp                    stack        000
__end_of_DelayMs         text3        04C
__end_of_DelayUs         text3        057
__end_of_INT_INITIAL     text2        090
__end_of_ISR             text5        020
__end_of_POWER_INITIAL   text1        087
__end_of__initialization cinit        00D
__end_of_main            maintext     072
__end_ofi1_DelayMs       text5        032
__end_ofi1_DelayUs       text5        03B
__initialization         cinit        00D
__pcstackBANK0           cstackBANK0  020
__pcstackCOMMON          cstackCOMMON 070
__pintentry              intentry     004
__pmaintext              maintext     057
__pnvBANK0               nvBANK0      025
__ptext1                 text1        072
__ptext2                 text2        087
__ptext3                 text3        03B
__ptext4                 text3        04C
__ptext5                 text5        010
__ptext6                 text5        020
__ptext7                 text5        032
__size_of_DelayMs        (abs)        000
__size_of_DelayUs        (abs)        000
__size_of_INT_INITIAL    (abs)        000
__size_of_ISR            (abs)        000
__size_of_POWER_INITIAL  (abs)        000
__size_of_main           (abs)        000
__size_ofi1_DelayMs      (abs)        000
__size_ofi1_DelayUs      (abs)        000
_main                    maintext     057
btemp                    (abs)        07E
end_of_initialization    cinit        00D
i1DelayMs@Time           cstackCOMMON 072
i1DelayMs@a              cstackCOMMON 073
i1DelayMs@b              cstackCOMMON 074
i1DelayUs@Time           cstackCOMMON 070
i1DelayUs@a              cstackCOMMON 071
i1_DelayMs               text5        020
i1_DelayUs               text5        032
interrupt_function       intentry     004
intlevel0                functab      000
intlevel1                functab      000
intlevel2                functab      000
intlevel3                functab      000
intlevel4                functab      000
intlevel5                functab      000
reset_vec                reset_vec    000
saved_w                  (abs)        07E
stackhi                  (abs)        000
stacklo                  (abs)        000
start                    init         00B
start_initialization     cinit        00D
wtemp0                   (abs)        07E


FUNCTION INFORMATION:

 *************** function _main *****************
 Defined at:
		line 131 in file "test_61f13x_INT.C"
 Parameters:    Size  Location     Type
		None
 Auto vars:     Size  Location     Type
		None
 Return value:  Size  Location     Type
                  2  1260[None  ] int 
 Registers used:
		wreg, status,2, status,0, pclath, cstack
 Tracked objects:
		On entry : 
		On exit  : 
		Unchanged: 
 Data sizes:     COMMON   BANK0   BANK1   BANK2
      Params:         0       0       0       0
      Locals:         0       0       0       0
      Temps:          0       0       0       0
      Totals:         0       0       0       0
Total ram usage:        0 bytes
 Hardware stack levels required when called:    5
 This function calls:
		_DelayMs
		_INT_INITIAL
		_POWER_INITIAL
 This function is called by:
		Startup code after reset
 This function uses a non-reentrant model


 *************** function _POWER_INITIAL *****************
 Defined at:
		line 76 in file "test_61f13x_INT.C"
 Parameters:    Size  Location     Type
		None
 Auto vars:     Size  Location     Type
		None
 Return value:  Size  Location     Type
                  1    wreg      void 
 Registers used:
		wreg, status,2
 Tracked objects:
		On entry : 
		On exit  : 
		Unchanged: 
 Data sizes:     COMMON   BANK0   BANK1   BANK2
      Params:         0       0       0       0
      Locals:         0       0       0       0
      Temps:          0       0       0       0
      Totals:         0       0       0       0
Total ram usage:        0 bytes
 Hardware stack levels used:    1
 Hardware stack levels required when called:    3
 This function calls:
		Nothing
 This function is called by:
		_main
 This function uses a non-reentrant model


 *************** function _INT_INITIAL *****************
 Defined at:
		line 117 in file "test_61f13x_INT.C"
 Parameters:    Size  Location     Type
		None
 Auto vars:     Size  Location     Type
		None
 Return value:  Size  Location     Type
                  1    wreg      void 
 Registers used:
		wreg
 Tracked objects:
		On entry : 
		On exit  : 
		Unchanged: 
 Data sizes:     COMMON   BANK0   BANK1   BANK2
      Params:         0       0       0       0
      Locals:         0       0       0       0
      Temps:          0       0       0       0
      Totals:         0       0       0       0
Total ram usage:        0 bytes
 Hardware stack levels used:    1
 Hardware stack levels required when called:    3
 This function calls:
		Nothing
 This function is called by:
		_main
 This function uses a non-reentrant model


 *************** function _DelayMs *****************
 Defined at:
		line 59 in file "test_61f13x_INT.C"
 Parameters:    Size  Location     Type
  Time            1    wreg     unsigned char 
 Auto vars:     Size  Location     Type
  Time            1    2[BANK0 ] unsigned char 
  b               1    4[BANK0 ] unsigned char 
  a               1    3[BANK0 ] unsigned char 
 Return value:  Size  Location     Type
                  1    wreg      void 
 Registers used:
		wreg, status,2, status,0, pclath, cstack
 Tracked objects:
		On entry : 
		On exit  : 
		Unchanged: 
 Data sizes:     COMMON   BANK0   BANK1   BANK2
      Params:         0       0       0       0
      Locals:         0       3       0       0
      Temps:          0       0       0       0
      Totals:         0       3       0       0
Total ram usage:        3 bytes
 Hardware stack levels used:    1
 Hardware stack levels required when called:    4
 This function calls:
		_DelayUs
 This function is called by:
		_main
 This function uses a non-reentrant model


 *************** function _DelayUs *****************
 Defined at:
		line 45 in file "test_61f13x_INT.C"
 Parameters:    Size  Location     Type
  Time            1    wreg     unsigned char 
 Auto vars:     Size  Location     Type
  Time            1    0[BANK0 ] unsigned char 
  a               1    1[BANK0 ] unsigned char 
 Return value:  Size  Location     Type
                  1    wreg      void 
 Registers used:
		wreg, status,2, status,0
 Tracked objects:
		On entry : 
		On exit  : 
		Unchanged: 
 Data sizes:     COMMON   BANK0   BANK1   BANK2
      Params:         0       0       0       0
      Locals:         0       2       0       0
      Temps:          0       0       0       0
      Totals:         0       2       0       0
Total ram usage:        2 bytes
 Hardware stack levels used:    1
 Hardware stack levels required when called:    3
 This function calls:
		Nothing
 This function is called by:
		_DelayMs
 This function uses a non-reentrant model


 *************** function _ISR *****************
 Defined at:
		line 101 in file "test_61f13x_INT.C"
 Parameters:    Size  Location     Type
		None
 Auto vars:     Size  Location     Type
		None
 Return value:  Size  Location     Type
                  1    wreg      void 
 Registers used:
		wreg, status,2, status,0, pclath, cstack
 Tracked objects:
		On entry : 
		On exit  : 
		Unchanged: 
 Data sizes:     COMMON   BANK0   BANK1   BANK2
      Params:         0       0       0       0
      Locals:         0       0       0       0
      Temps:          2       0       0       0
      Totals:         2       0       0       0
Total ram usage:        2 bytes
 Hardware stack levels used:    1
 Hardware stack levels required when called:    2
 This function calls:
		i1_DelayMs
 This function is called by:
		Interrupt level 1
 This function uses a non-reentrant model


 *************** function i1_DelayMs *****************
 Defined at:
		line 59 in file "test_61f13x_INT.C"
 Parameters:    Size  Location     Type
  Time            1    wreg     unsigned char 
 Auto vars:     Size  Location     Type
  Time            1    2[COMMON] unsigned char 
  DelayMs         1    4[COMMON] unsigned char 
  DelayMs         1    3[COMMON] unsigned char 
 Return value:  Size  Location     Type
                  1    wreg      void 
 Registers used:
		wreg, status,2, status,0, pclath, cstack
 Tracked objects:
		On entry : 
		On exit  : 
		Unchanged: 
 Data sizes:     COMMON   BANK0   BANK1   BANK2
      Params:         0       0       0       0
      Locals:         3       0       0       0
      Temps:          0       0       0       0
      Totals:         3       0       0       0
Total ram usage:        3 bytes
 Hardware stack levels used:    1
 Hardware stack levels required when called:    1
 This function calls:
		i1_DelayUs
 This function is called by:
		_ISR
 This function uses a non-reentrant model


 *************** function i1_DelayUs *****************
 Defined at:
		line 45 in file "test_61f13x_INT.C"
 Parameters:    Size  Location     Type
  Time            1    wreg     unsigned char 
 Auto vars:     Size  Location     Type
  Time            1    0[COMMON] unsigned char 
  DelayUs         1    1[COMMON] unsigned char 
 Return value:  Size  Location     Type
                  1    wreg      void 
 Registers used:
		wreg, status,2, status,0
 Tracked objects:
		On entry : 
		On exit  : 
		Unchanged: 
 Data sizes:     COMMON   BANK0   BANK1   BANK2
      Params:         0       0       0       0
      Locals:         2       0       0       0
      Temps:          0       0       0       0
      Totals:         2       0       0       0
Total ram usage:        2 bytes
 Hardware stack levels used:    1
 This function calls:
		Nothing
 This function is called by:
		i1_DelayMs
 This function uses a non-reentrant model



MODULE INFORMATION

Module		Function		Class		Link	Load	Size
test_61f13x_INT.C
		_DelayUs       		CODE           	004C	0000	12
		_ISR           		CODE           	0010	0000	17
		_main          		CODE           	0057	0000	28
		_DelayMs       		CODE           	003B	0000	18
		_POWER_INITIAL 		CODE           	0072	0000	22
		_INT_INITIAL   		CODE           	0087	0000	10

test_61f13x_INT.C estimated size: 107

shared
		i1_DelayMs     		CODE           	0020	0000	19
		i1_DelayUs     		CODE           	0032	0000	10
		__initialization		CODE           	000D	0000	1

shared estimated size: 30

