GNU Tool Chain  

Linker command line:

--edf=d:\ide3.0.3_6c03\data\dat\en_msgs.txt -cs -h+test_61f02x_eeprom.sym \
  --cmf=test_61f02x_eeprom.cmf -z -QFT61F02X \
  -oC:\Users\ALEXAN~1.WAN\AppData\Local\Temp\sqc.2 -Mtest_61f02x_eeprom.map \
  -E1 -ver=XC8 -ASTACK=020h-06fh -pstack=STACK -ACODE=00h-07FFh \
  -ASTRCODE=00h-07FFh -ASTRING=00h-0FFhx8 -ACONST=00h-0FFhx8 \
  -AENTRY=00h-0FFhx8 -ACOMMON=070h-07Fh -ABANK0=020h-06Fh -ABANK1=0A0h-0BFh \
  -ARAM=020h-06Fh,0A0h-0BFh -AABS1=020h-07Fh,0A0h-0BFh -ASFR0=00h-01Fh \
  -ASFR1=080h-09Fh -ASFR2=0100h-016Fh \
  -preset_vec=00h,intentry,init,end_init -ppowerup=CODE -pcinit=CODE \
  -pfunctab=ENTRY -ACONFIG=02007h-02007h -pconfig=CONFIG -DCONFIG=2 \
  -AIDLOC=02000h-02003h -pidloc=IDLOC -DIDLOC=2 -AEEDATA=00h-0FFh/02100h \
  -peeprom_data=EEDATA -DEEDATA=2 -DCODE=2 -DSTRCODE=2 -DSTRING=2 -DCONST=2 \
  -DENTRY=2 -k C:\Users\ALEXAN~1.WAN\AppData\Local\Temp\sqc.obj \
  test_61f02x_eeprom.obj 

Object code version is 3.11

Machine type is FT61F02X



                Name                               Link     Load   Length Selector   Space Scale
C:\Users\ALEXAN~1.WAN\AppData\Local\Temp\sqc.obj
                end_init                              0        0        1        0       0
test_61f02x_eeprom.obj
                cinit                               7FD      7FD        3      FFA       0
                text3                               7BD      7BD        6      F7A       0
                text2                               7D5      7D5       13      FAA       0
                text1                               7E8      7E8       15      FD0       0
                maintext                            7C3      7C3       12      F86       0
                cstackCOMMON                         70       70        2       70       1
                bssCOMMON                            72       72        1       70       1

TOTAL           Name                               Link     Load   Length     Space
        CLASS   STACK          

        CLASS   CODE           
                end_init                              0        0        1         0
                cinit                               7FD      7FD        3         0
                text3                               7BD      7BD        6         0
                text2                               7D5      7D5       13         0
                text1                               7E8      7E8       15         0
                maintext                            7C3      7C3       12         0

        CLASS   STRCODE        

        CLASS   STRING         

        CLASS   CONST          

        CLASS   ENTRY          

        CLASS   COMMON         
                cstackCOMMON                         70       70        2         1
                bssCOMMON                            72       72        1         1

        CLASS   BANK0          

        CLASS   BANK1          

        CLASS   RAM            

        CLASS   ABS1           
                abs_s1                               7E       7E        2         1

        CLASS   SFR0           

        CLASS   SFR1           

        CLASS   SFR2           

        CLASS   CONFIG         

        CLASS   IDLOC          

        CLASS   EEDATA         

        CLASS   BANK2          



SEGMENTS        Name                           Load    Length   Top    Selector   Space  Class     Delta

                reset_vec                      000000  000001  000001         0       0  CODE        2
                cstackCOMMON                   000070  000003  000073        70       1  COMMON      1
                text3                          0007BD  000006  0007C3       F7A       0  CODE        2
                maintext                       0007C3  000012  0007D5       F86       0  CODE        2
                text2                          0007D5  000013  0007E8       FAA       0  CODE        2
                text1                          0007E8  000015  0007FD       FD0       0  CODE        2
                cinit                          0007FD  000003  000800       FFA       0  CODE        2


UNUSED ADDRESS RANGES

        Name                Unused          Largest block    Delta
        BANK0            0020-006F             50           1
        BANK1            00A0-00BF             20           1
        CODE             0001-07BC            7BC           2
        COMMON           0073-007D              B           1
        CONFIG           2007-2007              1           2
        CONST            0001-07BC            100           2
        EEDATA           2100-21FF            100           2
        ENTRY            0001-07BC            100           2
        IDLOC            2000-2003              4           2
        RAM              0020-006F             50           1
                         00A0-00BF             20
        SFR0             0000-001F             20           1
        SFR1             0080-009F             20           1
        SFR2             0100-016F             70           1
        STACK            0020-006F             50           1
        STRCODE          0001-07BC            7BC           2
        STRING           0001-07BC            100           2

                                  Symbol Table

EEPROMread@EEAddr        cstackCOMMON 0070
EEPROMread@ReEEPROMread  cstackCOMMON 0071
EEPROMwrite@Data         cstackCOMMON 0070
EEPROMwrite@EEAddr       cstackCOMMON 0071
_CMCON0                  (abs)        0019
_EEADR                   (abs)        009B
_EECON1                  (abs)        009C
_EEDAT                   (abs)        009A
_EEIF                    (abs)        0067
_EEPROMread              text3        07BD
_EEPROMwrite             text2        07D5
_EEReadData              bssCOMMON    0072
_GIE                     (abs)        005F
_INTCON                  (abs)        000B
_MSCKCON                 (abs)        001B
_OPTION                  (abs)        0081
_OSCCON                  (abs)        008F
_PORTA                   (abs)        0005
_PORTC                   (abs)        0007
_POWER_INITIAL           text1        07E8
_RD                      (abs)        04E0
_TRISA                   (abs)        0085
_TRISC                   (abs)        0087
_WPUA                    (abs)        0095
_WPUC                    (abs)        0088
_WR                      (abs)        04E8
__Habs1                  abs1         0000
__Hbank0                 bank0        0000
__Hbank1                 bank1        0000
__Hbank2                 bank2        0000
__HbssCOMMON             bssCOMMON    0000
__Hcinit                 cinit        0800
__Hclrtext               clrtext      0000
__Hcode                  code         0000
__Hcommon                common       0000
__Hconfig                config       0000
__HcstackCOMMON          cstackCOMMON 0000
__Heeprom_data           eeprom_data  0000
__Hend_init              end_init     0001
__Hfunctab               functab      0000
__Hidloc                 idloc        0000
__Hinit                  init         0000
__Hintentry              intentry     0000
__Hmaintext              maintext     0000
__Hpa_nodes0             pa_nodes0    0000
__Hpowerup               powerup      0000
__Hram                   ram          0000
__Hreset_vec             reset_vec    0000
__Hsfr0                  sfr0         0000
__Hsfr1                  sfr1         0000
__Hsfr2                  sfr2         0000
__Hspace_0               (abs)        0800
__Hspace_1               (abs)        0073
__Hspace_2               (abs)        0000
__Hspace_3               (abs)        0000
__Hstack                 stack        0000
__Hstrings               strings      0000
__Htext                  text         0000
__Labs1                  abs1         0000
__Lbank0                 bank0        0000
__Lbank1                 bank1        0000
__Lbank2                 bank2        0000
__LbssCOMMON             bssCOMMON    0000
__Lcinit                 cinit        07FD
__Lclrtext               clrtext      0000
__Lcode                  code         0000
__Lcommon                common       0000
__Lconfig                config       0000
__LcstackCOMMON          cstackCOMMON 0000
__Leeprom_data           eeprom_data  0000
__Lend_init              end_init     0000
__Lfunctab               functab      0000
__Lidloc                 idloc        0000
__Linit                  init         0000
__Lintentry              intentry     0000
__Lmaintext              maintext     0000
__Lpa_nodes0             pa_nodes0    0000
__Lpowerup               powerup      0000
__Lram                   ram          0000
__Lreset_vec             reset_vec    0000
__Lsfr0                  sfr0         0000
__Lsfr1                  sfr1         0000
__Lsfr2                  sfr2         0000
__Lspace_0               (abs)        0000
__Lspace_1               (abs)        0000
__Lspace_2               (abs)        0000
__Lspace_3               (abs)        0000
__Lstack                 stack        0000
__Lstrings               strings      0000
__Ltext                  text         0000
__S0                     (abs)        0800
__S1                     (abs)        0073
__S2                     (abs)        0000
__S3                     (abs)        0000
___int_sp                stack        0000
___latbits               (abs)        0000
___sp                    stack        0000
__end_of_EEPROMread      text3        07C3
__end_of_EEPROMwrite     text2        07E8
__end_of_POWER_INITIAL   text1        07FD
__end_of__initialization cinit        07FE
__end_of_main            maintext     07D5
__initialization         cinit        07FD
__pbssCOMMON             bssCOMMON    0072
__pcstackCOMMON          cstackCOMMON 0070
__pmaintext              maintext     07C3
__ptext0                 text0        0000
__ptext1                 text1        07E8
__ptext2                 text2        07D5
__ptext3                 text3        07BD
__size_of_EEPROMread     (abs)        0000
__size_of_EEPROMwrite    (abs)        0000
__size_of_POWER_INITIAL  (abs)        0000
__size_of_main           (abs)        0000
_main                    maintext     07C3
btemp                    (abs)        007E
end_of_initialization    cinit        07FE
intlevel0                functab      0000
intlevel1                functab      0000
intlevel2                functab      0000
intlevel3                functab      0000
intlevel4                functab      0000
intlevel5                functab      0000
reset_vec                reset_vec    0000
stackhi                  (abs)        0000
stacklo                  (abs)        0000
start                    init         0000
start_initialization     cinit        07FD
wtemp0                   (abs)        007E


FUNCTION INFORMATION:

 *************** function _main *****************
 Defined at:
		line 91 in file "test_61f02x_EEPROM.C"
 Parameters:    Size  Location     Type
		None
 Auto vars:     Size  Location     Type
		None
 Return value:  Size  Location     Type
                  1    wreg      void 
 Registers used:
		wreg, status,2, status,0, pclath, cstack
 Tracked objects:
		On entry : 
		On exit  : 
		Unchanged: 
 Data sizes:     COMMON   BANK0   BANK1
      Params:         0       0       0
      Locals:         0       0       0
      Temps:          0       0       0
      Totals:         0       0       0
Total ram usage:        0 bytes
 Hardware stack levels required when called:    1
 This function calls:
		_EEPROMread
		_EEPROMwrite
		_POWER_INITIAL
 This function is called by:
		Startup code after reset
 This function uses a non-reentrant model


 *************** function _POWER_INITIAL *****************
 Defined at:
		line 32 in file "test_61f02x_EEPROM.C"
 Parameters:    Size  Location     Type
		None
 Auto vars:     Size  Location     Type
		None
 Return value:  Size  Location     Type
                  1    wreg      void 
 Registers used:
		wreg, status,2
 Tracked objects:
		On entry : 
		On exit  : 
		Unchanged: 
 Data sizes:     COMMON   BANK0   BANK1
      Params:         0       0       0
      Locals:         0       0       0
      Temps:          0       0       0
      Totals:         0       0       0
Total ram usage:        0 bytes
 Hardware stack levels used:    1
 This function calls:
		Nothing
 This function is called by:
		_main
 This function uses a non-reentrant model


 *************** function _EEPROMwrite *****************
 Defined at:
		line 73 in file "test_61f02x_EEPROM.C"
 Parameters:    Size  Location     Type
  EEAddr          1    wreg     unsigned char 
  Data            1    0[COMMON] unsigned char 
 Auto vars:     Size  Location     Type
  EEAddr          1    1[COMMON] unsigned char 
 Return value:  Size  Location     Type
                  1    wreg      void 
 Registers used:
		wreg
 Tracked objects:
		On entry : 
		On exit  : 
		Unchanged: 
 Data sizes:     COMMON   BANK0   BANK1
      Params:         1       0       0
      Locals:         1       0       0
      Temps:          0       0       0
      Totals:         2       0       0
Total ram usage:        2 bytes
 Hardware stack levels used:    1
 This function calls:
		Nothing
 This function is called by:
		_main
 This function uses a non-reentrant model


 *************** function _EEPROMread *****************
 Defined at:
		line 56 in file "test_61f02x_EEPROM.C"
 Parameters:    Size  Location     Type
  EEAddr          1    wreg     unsigned char 
 Auto vars:     Size  Location     Type
  EEAddr          1    0[COMMON] unsigned char 
  ReEEPROMread    1    1[COMMON] unsigned char 
 Return value:  Size  Location     Type
                  1    wreg      unsigned char 
 Registers used:
		wreg
 Tracked objects:
		On entry : 
		On exit  : 
		Unchanged: 
 Data sizes:     COMMON   BANK0   BANK1
      Params:         0       0       0
      Locals:         2       0       0
      Temps:          0       0       0
      Totals:         2       0       0
Total ram usage:        2 bytes
 Hardware stack levels used:    1
 This function calls:
		Nothing
 This function is called by:
		_main
 This function uses a non-reentrant model



MODULE INFORMATION

Module		Function		Class		Link	Load	Size
test_61f02x_EEPROM.C
		_main          		CODE           	07C3	0000	19
		_EEPROMread    		CODE           	07BD	0000	7
		_POWER_INITIAL 		CODE           	07E8	0000	22
		_EEPROMwrite   		CODE           	07D5	0000	20

test_61f02x_EEPROM.C estimated size: 68

shared
		__initialization		CODE           	07FD	0000	2

shared estimated size: 2

