

GNU Macro Assembler for 8 bit devices.       
                                                                                               Wed Nov 03 09:13:57 2021

GNU C Code Generator                                                 
     1                           	processor	FT62F08X
     2                           	opt	pw 120
     3                           	opt	pm
     4                           	psect	_ad3nop_text,global,class=CODE,delta=2
     5                           	psect	cinit,global,class=CODE,merge=1,delta=2
     6                           	psect	cstackCOMMON,global,class=COMMON,space=1,delta=1
     7                           	psect	intentry,global,class=CODE,delta=2
     8                           	psect	pa_nodes0,global,class=CODE,delta=2
     9                           	dabs	1,0x7E,2
    10  0000                     
    11                           ; Version 1.45
    12                           ; Generated 16/11/2017 
    13                           ; 
    14                           ; SFR Addresses
    15  0003                     _ad3nop_absaddr	set	3
    16  0003                     _ad3nop_absaddr	set	3
    17                           
    18                           	psect	_ad3nop_text
    19  0003                     __p_ad3nop_text:	
    20  0003                     _ad3nop:	
    21  0003  3400               	retlw	0
    22  0004                     __end_of_ad3nop:	
    23  000F                     _PORTD	set	15
    24  000E                     _PORTC	set	14
    25  000D                     _PORTB	set	13
    26  000C                     _PORTA	set	12
    27  000B                     _INTCON	set	11
    28  009A                     _PCKEN	set	154
    29  0099                     _OSCCON	set	153
    30  0095                     _CKOCON	set	149
    31  008F                     _TRISD	set	143
    32  008E                     _TRISC	set	142
    33  008D                     _TRISB	set	141
    34  008C                     _TRISA	set	140
    35  011B                     _PSRC1	set	283
    36  011A                     _PSRC0	set	282
    37  019D                     _PSINK3	set	413
    38  019C                     _PSINK2	set	412
    39  019B                     _PSINK1	set	411
    40  019A                     _PSINK0	set	410
    41  0197                     _ANSELA	set	407
    42  018F                     _WPUD	set	399
    43  018E                     _WPUC	set	398
    44  018D                     _WPUB	set	397
    45  018C                     _WPUA	set	396
    46  020F                     _WPDD	set	527
    47  020E                     _WPDC	set	526
    48  020D                     _WPDB	set	525
    49  020C                     _WPDA	set	524
    50  029F                     _TIM2CCR3L	set	671
    51  029E                     _TIM2CCR3H	set	670
    52  031F                     _TCKSRC	set	799
    53  031E                     _TIM2CCR2L	set	798
    54  031D                     _TIM2CCR2H	set	797
    55  031C                     _TIM2CCR1L	set	796
    56  031B                     _TIM2CCR1H	set	795
    57  031A                     _TIM2ARRL	set	794
    58  0319                     _TIM2ARRH	set	793
    59  0317                     _TIM2CNTRL	set	791
    60  0316                     _TIM2CNTRH	set	790
    61  0315                     _TIM2CCER2	set	789
    62  0314                     _TIM2CCER1	set	788
    63  0313                     _TIM2CCMR3	set	787
    64  0312                     _TIM2CCMR2	set	786
    65  0311                     _TIM2CCMR1	set	785
    66  0310                     _TIM2EGR	set	784
    67  030F                     _TIM2SR2	set	783
    68  030E                     _TIM2SR1	set	782
    69  030D                     _TIM2IER	set	781
    70  030C                     _TIM2CR1	set	780
    71                           
    72                           	psect	cinit
    73  000A                     start_initialization:	
    74                           ; #config settings
    75                           
    76  000A                     __initialization:	
    77  000A                     end_of_initialization:	
    78                           ;End of C runtime variable initialization code
    79                           
    80  000A                     __end_of__initialization:	
    81  000A  107E               	bcf	126,0	;clear compiler interrupt flag (level 1)
    82  000B  0020               	movlb	0
    83  000C  280D               	ljmp	_main	;jump to C main() function
    84  000D                     __pmaintext:	
    85                           ; 1 bytes @ 0x0
    86 ;;
    87 ;;Main: autosize = 0, tempsize = 0, incstack = 0, save=0
    88 ;;
    89 ;; *************** function _main *****************
    90 ;; Defined at:
    91 ;;		line 278 in file "test_FT62F08X_TIM2_PWM.C"
    92 ;; Parameters:    Size  Location     Type
    93 ;;		None
    94 ;; Auto vars:     Size  Location     Type
    95 ;;		None
    96 ;; Return value:  Size  Location     Type
    97 ;;                  1    wreg      void 
    98 ;; Registers used:
    99 ;;		wreg, status,2, status,0, pclath, cstack
   100 ;; Tracked objects:
   101 ;;		On entry : B1F/0
   102 ;;		On exit  : 0/0
   103 ;;		Unchanged: 0/0
   104 ;; Data sizes:     COMMON   BANK0   BANK1   BANK2   BANK3   BANK4   BANK5   BANK6   BANK7   BANK8   BANK9  BANK10  BANK1
      +1  BANK12
   105 ;;      Params:         0       0       0       0       0       0       0       0       0       0       0       0       
      +0       0
   106 ;;      Locals:         0       0       0       0       0       0       0       0       0       0       0       0       
      +0       0
   107 ;;      Temps:          0       0       0       0       0       0       0       0       0       0       0       0       
      +0       0
   108 ;;      Totals:         0       0       0       0       0       0       0       0       0       0       0       0       
      +0       0
   109 ;;Total ram usage:        0 bytes
   110 ;; Hardware stack levels required when called:    2
   111 ;; This function calls:
   112 ;;		_POWER_INITIAL
   113 ;;		_Time2Initial
   114 ;; This function is called by:
   115 ;;		Startup code after reset
   116 ;; This function uses a non-reentrant model
   117 ;;
   118                           
   119                           
   120                           ;psect for function _main
   121  000D                     _main:	
   122                           
   123                           ;test_FT62F08X_TIM2_PWM.C: 280: POWER_INITIAL();
   124                           
   125                           ;incstack = 0
   126                           ; Regs used in _main: [wreg+status,2+status,0+pclath+cstack]
   127  000D  2013  3180         	fcall	_POWER_INITIAL
   128                           
   129                           ;test_FT62F08X_TIM2_PWM.C: 281: Time2Initial();
   130  000F  203C  3180         	fcall	_Time2Initial
   131  0011                     l2829:	
   132                           
   133                           ;test_FT62F08X_TIM2_PWM.C: 284: {
   134                           ;test_FT62F08X_TIM2_PWM.C: 285: __nop();
   135  0011  0000               	nop
   136  0012  2811               	goto	l2829
   137  0013                     __end_of_main:	
   138  0013                     __ptext2:	
   139 ;; *************** function _POWER_INITIAL *****************
   140 ;; Defined at:
   141 ;;		line 28 in file "test_FT62F08X_TIM2_PWM.C"
   142 ;; Parameters:    Size  Location     Type
   143 ;;		None
   144 ;; Auto vars:     Size  Location     Type
   145 ;;		None
   146 ;; Return value:  Size  Location     Type
   147 ;;                  1    wreg      void 
   148 ;; Registers used:
   149 ;;		wreg, status,2
   150 ;; Tracked objects:
   151 ;;		On entry : B1F/0
   152 ;;		On exit  : B1F/3
   153 ;;		Unchanged: B00/0
   154 ;; Data sizes:     COMMON   BANK0   BANK1   BANK2   BANK3   BANK4   BANK5   BANK6   BANK7   BANK8   BANK9  BANK10  BANK1
      +1  BANK12
   155 ;;      Params:         0       0       0       0       0       0       0       0       0       0       0       0       
      +0       0
   156 ;;      Locals:         0       0       0       0       0       0       0       0       0       0       0       0       
      +0       0
   157 ;;      Temps:          0       0       0       0       0       0       0       0       0       0       0       0       
      +0       0
   158 ;;      Totals:         0       0       0       0       0       0       0       0       0       0       0       0       
      +0       0
   159 ;;Total ram usage:        0 bytes
   160 ;; Hardware stack levels used:    1
   161 ;; Hardware stack levels required when called:    1
   162 ;; This function calls:
   163 ;;		Nothing
   164 ;; This function is called by:
   165 ;;		_main
   166 ;; This function uses a non-reentrant model
   167 ;;
   168                           
   169                           
   170                           ;psect for function _POWER_INITIAL
   171  0013                     _POWER_INITIAL:	
   172                           
   173                           ;test_FT62F08X_TIM2_PWM.C: 30: OSCCON = 0B01110001;
   174                           
   175                           ;incstack = 0
   176                           ; Regs used in _POWER_INITIAL: [wreg+status,2]
   177  0013  3071               	movlw	113
   178  0014  0021               	movlb	1	; select bank1
   179  0015  0099               	movwf	25	;volatile
   180                           
   181                           ;test_FT62F08X_TIM2_PWM.C: 31: INTCON = 0;
   182  0016  018B               	clrf	11	;volatile
   183                           
   184                           ;test_FT62F08X_TIM2_PWM.C: 33: PORTA = 0B00000000;
   185  0017  0020               	movlb	0	; select bank0
   186  0018  018C               	clrf	12	;volatile
   187                           
   188                           ;test_FT62F08X_TIM2_PWM.C: 34: TRISA = 0B00000000;
   189  0019  0021               	movlb	1	; select bank1
   190  001A  018C               	clrf	12	;volatile
   191                           
   192                           ;test_FT62F08X_TIM2_PWM.C: 35: PORTB = 0B00000000;
   193  001B  0020               	movlb	0	; select bank0
   194  001C  018D               	clrf	13	;volatile
   195                           
   196                           ;test_FT62F08X_TIM2_PWM.C: 36: TRISB = 0B00000000;
   197  001D  0021               	movlb	1	; select bank1
   198  001E  018D               	clrf	13	;volatile
   199                           
   200                           ;test_FT62F08X_TIM2_PWM.C: 37: PORTC = 0B00000000;
   201  001F  0020               	movlb	0	; select bank0
   202  0020  018E               	clrf	14	;volatile
   203                           
   204                           ;test_FT62F08X_TIM2_PWM.C: 38: TRISC = 0B00000000;
   205  0021  0021               	movlb	1	; select bank1
   206  0022  018E               	clrf	14	;volatile
   207                           
   208                           ;test_FT62F08X_TIM2_PWM.C: 39: PORTD = 0B00000000;
   209  0023  0020               	movlb	0	; select bank0
   210  0024  018F               	clrf	15	;volatile
   211                           
   212                           ;test_FT62F08X_TIM2_PWM.C: 40: TRISD = 0B00000000;
   213  0025  0021               	movlb	1	; select bank1
   214  0026  018F               	clrf	15	;volatile
   215                           
   216                           ;test_FT62F08X_TIM2_PWM.C: 42: WPUA = 0B00000000;
   217  0027  0023               	movlb	3	; select bank3
   218  0028  018C               	clrf	12	;volatile
   219                           
   220                           ;test_FT62F08X_TIM2_PWM.C: 43: WPUB = 0B00000000;
   221  0029  018D               	clrf	13	;volatile
   222                           
   223                           ;test_FT62F08X_TIM2_PWM.C: 44: WPUC = 0B00000000;
   224  002A  018E               	clrf	14	;volatile
   225                           
   226                           ;test_FT62F08X_TIM2_PWM.C: 45: WPUD = 0B00000000;
   227  002B  018F               	clrf	15	;volatile
   228                           
   229                           ;test_FT62F08X_TIM2_PWM.C: 47: WPDA = 0B00000000;
   230  002C  0024               	movlb	4	; select bank4
   231  002D  018C               	clrf	12	;volatile
   232                           
   233                           ;test_FT62F08X_TIM2_PWM.C: 48: WPDB = 0B00000000;
   234  002E  018D               	clrf	13	;volatile
   235                           
   236                           ;test_FT62F08X_TIM2_PWM.C: 49: WPDC = 0B00000000;
   237  002F  018E               	clrf	14	;volatile
   238                           
   239                           ;test_FT62F08X_TIM2_PWM.C: 50: WPDD = 0B00000000;
   240  0030  018F               	clrf	15	;volatile
   241                           
   242                           ;test_FT62F08X_TIM2_PWM.C: 52: PSRC0 = 0B11111111;
   243  0031  30FF               	movlw	255
   244  0032  0022               	movlb	2	; select bank2
   245  0033  009A               	movwf	26	;volatile
   246                           
   247                           ;test_FT62F08X_TIM2_PWM.C: 53: PSRC1 = 0B11111111;
   248  0034  009B               	movwf	27	;volatile
   249                           
   250                           ;test_FT62F08X_TIM2_PWM.C: 55: PSINK0 = 0B11111111;
   251  0035  0023               	movlb	3	; select bank3
   252  0036  009A               	movwf	26	;volatile
   253                           
   254                           ;test_FT62F08X_TIM2_PWM.C: 56: PSINK1 = 0B11111111;
   255  0037  009B               	movwf	27	;volatile
   256                           
   257                           ;test_FT62F08X_TIM2_PWM.C: 57: PSINK2 = 0B11111111;
   258  0038  009C               	movwf	28	;volatile
   259                           
   260                           ;test_FT62F08X_TIM2_PWM.C: 58: PSINK3 = 0B11111111;
   261  0039  009D               	movwf	29	;volatile
   262                           
   263                           ;test_FT62F08X_TIM2_PWM.C: 60: ANSELA = 0B00000000;
   264  003A  0197               	clrf	23	;volatile
   265  003B  0008               	return
   266  003C                     __end_of_POWER_INITIAL:	
   267  003C                     __ptext1:	
   268 ;; *************** function _Time2Initial *****************
   269 ;; Defined at:
   270 ;;		line 68 in file "test_FT62F08X_TIM2_PWM.C"
   271 ;; Parameters:    Size  Location     Type
   272 ;;		None
   273 ;; Auto vars:     Size  Location     Type
   274 ;;		None
   275 ;; Return value:  Size  Location     Type
   276 ;;                  1    wreg      void 
   277 ;; Registers used:
   278 ;;		wreg, status,2
   279 ;; Tracked objects:
   280 ;;		On entry : B1F/3
   281 ;;		On exit  : B1F/5
   282 ;;		Unchanged: B00/0
   283 ;; Data sizes:     COMMON   BANK0   BANK1   BANK2   BANK3   BANK4   BANK5   BANK6   BANK7   BANK8   BANK9  BANK10  BANK1
      +1  BANK12
   284 ;;      Params:         0       0       0       0       0       0       0       0       0       0       0       0       
      +0       0
   285 ;;      Locals:         0       0       0       0       0       0       0       0       0       0       0       0       
      +0       0
   286 ;;      Temps:          0       0       0       0       0       0       0       0       0       0       0       0       
      +0       0
   287 ;;      Totals:         0       0       0       0       0       0       0       0       0       0       0       0       
      +0       0
   288 ;;Total ram usage:        0 bytes
   289 ;; Hardware stack levels used:    1
   290 ;; Hardware stack levels required when called:    1
   291 ;; This function calls:
   292 ;;		Nothing
   293 ;; This function is called by:
   294 ;;		_main
   295 ;; This function uses a non-reentrant model
   296 ;;
   297                           
   298                           
   299                           ;psect for function _Time2Initial
   300  003C                     _Time2Initial:	
   301                           
   302                           ;test_FT62F08X_TIM2_PWM.C: 70: PCKEN |=0B00000100;
   303                           
   304                           ;incstack = 0
   305                           ; Regs used in _Time2Initial: [wreg+status,2]
   306  003C  0021               	movlb	1	; select bank1
   307  003D  151A               	bsf	26,2	;volatile
   308                           
   309                           ;test_FT62F08X_TIM2_PWM.C: 71: CKOCON=0B00100000;
   310  003E  3020               	movlw	32
   311  003F  0095               	movwf	21	;volatile
   312                           
   313                           ;test_FT62F08X_TIM2_PWM.C: 72: TCKSRC=0B00110000;
   314  0040  3030               	movlw	48
   315  0041  0026               	movlb	6	; select bank6
   316  0042  009F               	movwf	31	;volatile
   317                           
   318                           ;test_FT62F08X_TIM2_PWM.C: 99: TIM2CR1 =0B10000101;
   319  0043  3085               	movlw	133
   320  0044  008C               	movwf	12	;volatile
   321                           
   322                           ;test_FT62F08X_TIM2_PWM.C: 129: TIM2IER =0B00000000;
   323  0045  018D               	clrf	13	;volatile
   324                           
   325                           ;test_FT62F08X_TIM2_PWM.C: 144: TIM2SR1 =0B00000000;
   326  0046  018E               	clrf	14	;volatile
   327                           
   328                           ;test_FT62F08X_TIM2_PWM.C: 166: TIM2SR2 =0B00000000;
   329  0047  018F               	clrf	15	;volatile
   330                           
   331                           ;test_FT62F08X_TIM2_PWM.C: 168: TIM2EGR =0B00000000;
   332  0048  0190               	clrf	16	;volatile
   333                           
   334                           ;test_FT62F08X_TIM2_PWM.C: 194: TIM2CCMR1 =0B01101000;
   335  0049  3068               	movlw	104
   336  004A  0091               	movwf	17	;volatile
   337                           
   338                           ;test_FT62F08X_TIM2_PWM.C: 226: TIM2CCMR2 =0B01101000;
   339  004B  0092               	movwf	18	;volatile
   340                           
   341                           ;test_FT62F08X_TIM2_PWM.C: 228: TIM2CCMR3 =0B00000000;
   342  004C  0193               	clrf	19	;volatile
   343                           
   344                           ;test_FT62F08X_TIM2_PWM.C: 230: TIM2CCER1 =0B00110011;
   345  004D  3033               	movlw	51
   346  004E  0094               	movwf	20	;volatile
   347                           
   348                           ;test_FT62F08X_TIM2_PWM.C: 253: TIM2CCER2 =0B00000000;
   349  004F  0195               	clrf	21	;volatile
   350                           
   351                           ;test_FT62F08X_TIM2_PWM.C: 255: TIM2CNTRH =0B00000000;
   352  0050  0196               	clrf	22	;volatile
   353                           
   354                           ;test_FT62F08X_TIM2_PWM.C: 256: TIM2CNTRL =0B00000000;
   355  0051  0197               	clrf	23	;volatile
   356                           
   357                           ;test_FT62F08X_TIM2_PWM.C: 259: TIM2ARRH =0x03;
   358  0052  3003               	movlw	3
   359  0053  0099               	movwf	25	;volatile
   360                           
   361                           ;test_FT62F08X_TIM2_PWM.C: 260: TIM2ARRL =0xe8;
   362  0054  30E8               	movlw	232
   363  0055  009A               	movwf	26	;volatile
   364                           
   365                           ;test_FT62F08X_TIM2_PWM.C: 263: TIM2CCR1H =0x01;
   366  0056  3001               	movlw	1
   367  0057  009B               	movwf	27	;volatile
   368                           
   369                           ;test_FT62F08X_TIM2_PWM.C: 264: TIM2CCR1L =0xf4;
   370  0058  30F4               	movlw	244
   371  0059  009C               	movwf	28	;volatile
   372                           
   373                           ;test_FT62F08X_TIM2_PWM.C: 266: TIM2CCR2H =0x01;
   374  005A  3001               	movlw	1
   375  005B  009D               	movwf	29	;volatile
   376                           
   377                           ;test_FT62F08X_TIM2_PWM.C: 267: TIM2CCR2L =0xf4;
   378  005C  30F4               	movlw	244
   379  005D  009E               	movwf	30	;volatile
   380                           
   381                           ;test_FT62F08X_TIM2_PWM.C: 269: TIM2CCR3H =0B00000000;
   382  005E  0025               	movlb	5	; select bank5
   383  005F  019E               	clrf	30	;volatile
   384                           
   385                           ;test_FT62F08X_TIM2_PWM.C: 270: TIM2CCR3L =0B00000000;
   386  0060  019F               	clrf	31	;volatile
   387  0061  0008               	return
   388  0062                     __end_of_Time2Initial:	
   389                           
   390                           	psect	cstackCOMMON
   391  0000                     __pcstackCOMMON:	
   392  0000                     ?_ISR:	
   393  0000                     ??_ISR:	
   394                           ; 1 bytes @ 0x0
   395                           
   396  0000                     ?_POWER_INITIAL:	
   397                           ; 1 bytes @ 0x0
   398                           
   399  0000                     ??_POWER_INITIAL:	
   400                           ; 1 bytes @ 0x0
   401                           
   402  0000                     ?_Time2Initial:	
   403                           ; 1 bytes @ 0x0
   404                           
   405  0000                     ??_Time2Initial:	
   406                           ; 1 bytes @ 0x0
   407                           
   408  0000                     ?_main:	
   409                           ; 1 bytes @ 0x0
   410                           
   411  0000                     ??_main:	
   412                           ; 1 bytes @ 0x0
   413                           
   414                           
   415                           	psect	intentry
   416  0004                     __pintentry:	
   417 ;; *************** function _ISR *****************
   418 ;; Defined at:
   419 ;;		line 19 in file "test_FT62F08X_TIM2_PWM.C"
   420 ;; Parameters:    Size  Location     Type
   421 ;;		None
   422 ;; Auto vars:     Size  Location     Type
   423 ;;		None
   424 ;; Return value:  Size  Location     Type
   425 ;;                  1    wreg      void 
   426 ;; Registers used:
   427 ;;		None
   428 ;; Tracked objects:
   429 ;;		On entry : 0/0
   430 ;;		On exit  : 0/0
   431 ;;		Unchanged: 0/0
   432 ;; Data sizes:     COMMON   BANK0   BANK1   BANK2   BANK3   BANK4   BANK5   BANK6   BANK7   BANK8   BANK9  BANK10  BANK1
      +1  BANK12
   433 ;;      Params:         0       0       0       0       0       0       0       0       0       0       0       0       
      +0       0
   434 ;;      Locals:         0       0       0       0       0       0       0       0       0       0       0       0       
      +0       0
   435 ;;      Temps:          0       0       0       0       0       0       0       0       0       0       0       0       
      +0       0
   436 ;;      Totals:         0       0       0       0       0       0       0       0       0       0       0       0       
      +0       0
   437 ;;Total ram usage:        0 bytes
   438 ;; Hardware stack levels used:    1
   439 ;; This function calls:
   440 ;;		Nothing
   441 ;; This function is called by:
   442 ;;		Interrupt level 1
   443 ;; This function uses a non-reentrant model
   444 ;;
   445                           
   446  0004                     _ISR:	
   447                           
   448                           ;incstack = 0
   449  0004  147E               	bsf	126,0	;set compiler interrupt flag (level 1)
   450                           
   451                           ; Regs used in _ISR: []
   452  0005  3180               	pagesel	$
   453  0006  107E               	bcf	126,0	;clear compiler interrupt flag (level 1)
   454  0007  0009               	retfie
   455  0008                     __end_of_ISR:	
   456  007E                     btemp	set	126	;btemp
   457  007E                     int$flags	set	126
   458  007E                     wtemp0	set	126


Data Sizes:
    Strings     0
    Constant    0
    Data        0
    BSS         0
    Persistent  0
    Stack       0

Auto Spaces:
    Space          Size  Autos    Used
    COMMON           14      0       0
    BANK0            80      0       0
    BANK1            80      0       0
    BANK2            80      0       0
    BANK3            80      0       0
    BANK4            80      0       0
    BANK5            80      0       0
    BANK6            80      0       0
    BANK7            80      0       0
    BANK8            80      0       0
    BANK9            80      0       0
    BANK10           80      0       0
    BANK11           80      0       0
    BANK12           48      0       0

Pointer List with Targets:

    None.

Critical Paths under _main in COMMON

    None.

Critical Paths under _ISR in COMMON

    None.

Critical Paths under _main in BANK0

    None.

Critical Paths under _ISR in BANK0

    None.

Critical Paths under _main in BANK1

    None.

Critical Paths under _ISR in BANK1

    None.

Critical Paths under _main in BANK2

    None.

Critical Paths under _ISR in BANK2

    None.

Critical Paths under _main in BANK3

    None.

Critical Paths under _ISR in BANK3

    None.

Critical Paths under _main in BANK4

    None.

Critical Paths under _ISR in BANK4

    None.

Critical Paths under _main in BANK5

    None.

Critical Paths under _ISR in BANK5

    None.

Critical Paths under _main in BANK6

    None.

Critical Paths under _ISR in BANK6

    None.

Critical Paths under _main in BANK7

    None.

Critical Paths under _ISR in BANK7

    None.

Critical Paths under _main in BANK8

    None.

Critical Paths under _ISR in BANK8

    None.

Critical Paths under _main in BANK9

    None.

Critical Paths under _ISR in BANK9

    None.

Critical Paths under _main in BANK10

    None.

Critical Paths under _ISR in BANK10

    None.

Critical Paths under _main in BANK11

    None.

Critical Paths under _ISR in BANK11

    None.

Critical Paths under _main in BANK12

    None.

Critical Paths under _ISR in BANK12

    None.

Call Graph Tables:

 ---------------------------------------------------------------------------------
 (Depth) Function   	        Calls       Base Space   Used Autos Params    Refs
 ---------------------------------------------------------------------------------
 (0) _main                                                 0     0      0       0
                      _POWER_INITIAL
                       _Time2Initial
 ---------------------------------------------------------------------------------
 (1) _Time2Initial                                         0     0      0       0
 ---------------------------------------------------------------------------------
 (1) _POWER_INITIAL                                        0     0      0       0
 ---------------------------------------------------------------------------------
 Estimated maximum stack depth 1
 ---------------------------------------------------------------------------------
 (Depth) Function   	        Calls       Base Space   Used Autos Params    Refs
 ---------------------------------------------------------------------------------
 (2) _ISR                                                  0     0      0       0
 ---------------------------------------------------------------------------------
 Estimated maximum stack depth 2
 ---------------------------------------------------------------------------------

 Call Graph Graphs:

 _main (ROOT)
   _POWER_INITIAL
   _Time2Initial

 _ISR (ROOT)

 Address spaces:
Name               Size   Autos  Total    Cost      Usage
BIGRAM             3F0      0       0       0        0.0%
EEDATA             100      0       0       0        0.0%
NULL                 0      0       0       0        0.0%
CODE                 0      0       0       0        0.0%
BITCOMMON            E      0       0       1        0.0%
BITSFR0              0      0       0       1        0.0%
SFR0                 0      0       0       1        0.0%
COMMON               E      0       0       2        0.0%
BITSFR1              0      0       0       2        0.0%
SFR1                 0      0       0       2        0.0%
BITSFR2              0      0       0       3        0.0%
SFR2                 0      0       0       3        0.0%
STACK                0      0       0       3        0.0%
BITBANK0            50      0       0       4        0.0%
BITSFR3              0      0       0       4        0.0%
SFR3                 0      0       0       4        0.0%
BANK0               50      0       0       5        0.0%
BITSFR4              0      0       0       5        0.0%
SFR4                 0      0       0       5        0.0%
BITBANK1            50      0       0       6        0.0%
BITSFR5              0      0       0       6        0.0%
SFR5                 0      0       0       6        0.0%
BANK1               50      0       0       7        0.0%
BITSFR6              0      0       0       7        0.0%
SFR6                 0      0       0       7        0.0%
BITBANK2            50      0       0       8        0.0%
BITSFR7              0      0       0       8        0.0%
SFR7                 0      0       0       8        0.0%
BANK2               50      0       0       9        0.0%
BITSFR8              0      0       0       9        0.0%
SFR8                 0      0       0       9        0.0%
BITBANK3            50      0       0      10        0.0%
BITSFR9              0      0       0      10        0.0%
SFR9                 0      0       0      10        0.0%
BANK3               50      0       0      11        0.0%
BITSFR10             0      0       0      11        0.0%
SFR10                0      0       0      11        0.0%
BITBANK4            50      0       0      12        0.0%
BITSFR11             0      0       0      12        0.0%
SFR11                0      0       0      12        0.0%
BANK4               50      0       0      13        0.0%
BITSFR12             0      0       0      13        0.0%
SFR12                0      0       0      13        0.0%
BITBANK5            50      0       0      14        0.0%
BITSFR13             0      0       0      14        0.0%
SFR13                0      0       0      14        0.0%
BANK5               50      0       0      15        0.0%
BITSFR14             0      0       0      15        0.0%
SFR14                0      0       0      15        0.0%
BITBANK6            50      0       0      16        0.0%
BITSFR15             0      0       0      16        0.0%
SFR15                0      0       0      16        0.0%
BANK6               50      0       0      17        0.0%
BITSFR16             0      0       0      17        0.0%
SFR16                0      0       0      17        0.0%
BITBANK7            50      0       0      18        0.0%
BITSFR17             0      0       0      18        0.0%
SFR17                0      0       0      18        0.0%
BANK7               50      0       0      19        0.0%
BITSFR18             0      0       0      19        0.0%
SFR18                0      0       0      19        0.0%
BITSFR19             0      0       0      20        0.0%
SFR19                0      0       0      20        0.0%
ABS                  0      0       0      20        0.0%
BITBANK8            50      0       0      21        0.0%
BITSFR20             0      0       0      21        0.0%
SFR20                0      0       0      21        0.0%
BANK8               50      0       0      22        0.0%
BITSFR21             0      0       0      22        0.0%
SFR21                0      0       0      22        0.0%
BITBANK9            50      0       0      23        0.0%
BITSFR22             0      0       0      23        0.0%
SFR22                0      0       0      23        0.0%
BANK9               50      0       0      24        0.0%
BITSFR23             0      0       0      24        0.0%
SFR23                0      0       0      24        0.0%
BITBANK10           50      0       0      25        0.0%
BITSFR24             0      0       0      25        0.0%
SFR24                0      0       0      25        0.0%
BANK10              50      0       0      26        0.0%
BITSFR25             0      0       0      26        0.0%
SFR25                0      0       0      26        0.0%
BITBANK11           50      0       0      27        0.0%
BITSFR26             0      0       0      27        0.0%
SFR26                0      0       0      27        0.0%
BANK11              50      0       0      28        0.0%
BITSFR27             0      0       0      28        0.0%
SFR27                0      0       0      28        0.0%
BITBANK12           30      0       0      29        0.0%
BITSFR28             0      0       0      29        0.0%
SFR28                0      0       0      29        0.0%
BANK12              30      0       0      30        0.0%
BITSFR29             0      0       0      30        0.0%
SFR29                0      0       0      30        0.0%
BITSFR30             0      0       0      31        0.0%
SFR30                0      0       0      31        0.0%
DATA                 0      0       0      31        0.0%
BITSFR31             0      0       0      32        0.0%
SFR31                0      0       0      32        0.0%


GNU Macro Assembler for 8 bit devices.     
Symbol Table                                                                                   Wed Nov 03 09:13:57 2021

                    _ISR 0004                     ?_ISR 0000                     l2829 0011  
                   _WPDA 020C                     _WPDB 020D                     _WPDC 020E  
                   _WPDD 020F                     _WPUA 018C                     _WPUB 018D  
                   _WPUC 018E                     _WPUD 018F           _ad3nop_absaddr 0003  
                   _main 000D                     btemp 007E                     start 0008  
                  ??_ISR 0000                    ?_main 0000                    _PCKEN 009A  
                  _PSRC0 011A                    _PSRC1 011B                    _PORTA 000C  
                  _PORTB 000D                    _PORTC 000E                    _PORTD 000F  
                  _TRISA 008C                    _TRISB 008D                    _TRISC 008E  
                  _TRISD 008F                    wtemp0 007E          __initialization 000A  
           __end_of_main 0013                   ??_main 0000                   _CKOCON 0095  
                 _ANSELA 0197                   _INTCON 000B                   _OSCCON 0099  
                 _TCKSRC 031F                   _PSINK0 019A                   _PSINK1 019B  
                 _PSINK2 019C                   _PSINK3 019D                   _ad3nop 0003  
          ?_Time2Initial 0000    __end_of_POWER_INITIAL 003C  __end_of__initialization 000A  
         __pcstackCOMMON 0000           ??_Time2Initial 0000               __pmaintext 000D  
             __pintentry 0004                  _TIM2CR1 030C                  _TIM2EGR 0310  
                _TIM2IER 030D                  _TIM2SR1 030E                  _TIM2SR2 030F  
                __ptext1 003C                  __ptext2 0013             __size_of_ISR 0004  
   end_of_initialization 000A                _TIM2CCER1 0314                _TIM2CCER2 0315  
              _TIM2CCR1H 031B                _TIM2CCR2H 031D                _TIM2CCR1L 031C  
              _TIM2CCR3H 029E                _TIM2CCR2L 031E                _TIM2CCR3L 029F  
              _TIM2CCMR1 0311                _TIM2CCMR2 0312                _TIM2CCMR3 0313  
              _TIM2CNTRH 0316                _TIM2CNTRL 0317     __end_of_Time2Initial 0062  
         __end_of_ad3nop 0004      start_initialization 000A           __p_ad3nop_text 0003  
            __end_of_ISR 0008   __size_of_POWER_INITIAL 0029                ___latbits 0002  
  __size_of_Time2Initial 0026             _Time2Initial 003C            _POWER_INITIAL 0013  
               _TIM2ARRH 0319                 _TIM2ARRL 031A           ?_POWER_INITIAL 0000  
          __size_of_main 0006                 int$flags 007E          ??_POWER_INITIAL 0000  
               intlevel1 0000  
