C51 COMPILER V9.02   MAIN                                                                  05/11/2022 23:38:16 PAGE 1   


C51 COMPILER V9.02, COMPILATION OF MODULE MAIN
OBJECT MODULE PLACED IN .\output\main.obj
COMPILER INVOKED BY: C:\Keil\C51\BIN\C51.EXE source\main.c OMF2 BROWSE DEBUG PRINT(.\lst\main.lst) OBJECT(.\output\main.
                    -obj)

line level    source

   1          #ifndef _MAIN_C_
   2          #define _MAIN_C_
   3          /*********************************************************************************************************
             -************/
   4          #include "include/ca51f_config.h"               
   5          #include "include/ca51f3sfr.h"
   6          #include "include/ca51f3xsfr.h"
   7          #include "include/gpiodef_f3.h"
   8          #include "include/system_clock.h"
   9          
  10          #include "include/uart.h"
  11          #include "include/delay.h"
  12          #include <intrins.h>
  13          /*********************************************************************************************************
             -************/
  14          #define INT_TIME                        100             //定时时间，单位为us
  15          
  16          #define T_VAL                           (unsigned char)(0x100 - (INT_TIME*(FOSC/1000))/12000)
  17          
  18          void TIMER0_ISR (void) interrupt 1      //每100us中断一次
  19          {
  20   1              
  21   1      }
  22          void main(void)
  23          {       
  24   1      #ifdef LVD_RST_ENABLE
  25   1              LVDCON = 0xE1;                                  //设置LVD复位电压为2V
  26   1      #endif
  27   1              
  28   1      #if (SYSCLK_SRC == PLL)
                      Sys_Clk_Set_PLL(PLL_Multiple);  //设置系统时钟为PLL，PLL_Multiple为倍频倍数
              #endif
  31   1              
  32   1      #ifdef UART0_EN
                      Uart0_Initial(UART0_BAUTRATE);  //初始化UART0
              #endif
  35   1              
  36   1      #ifdef UART1_EN
                      Uart1_Initial(UART1_BAUTRATE);  //初始化UART1
              #endif
  39   1      
  40   1              EA = 1;                                                 //开全局中断
  41   1      
  42   1      #ifdef PRINT_EN
                      uart_printf("Timer0 Mode2 Demo Code\n");
              #endif
  45   1      
  46   1              TMOD = (TMOD&0xFC)|0x02;                //模式选择: 定时器0，模式2。
  47   1              TH0 = T_VAL;                                    //装载重载值
  48   1              TL0 = T_VAL;                                    //装载计数初值
  49   1              TR0 = 1;                                        //定时器0使能  
  50   1              ET0 = 1;                                        //定时器0中断使能
  51   1      //      PT0 = 1;                                        //设置定时器0中断优先级为高优先级
  52   1                      
C51 COMPILER V9.02   MAIN                                                                  05/11/2022 23:38:16 PAGE 2   

  53   1              while(1)
  54   1              {
  55   2      
  56   2              }
  57   1      }
  58          
  59          
  60          
  61          #endif


MODULE INFORMATION:   STATIC OVERLAYABLE
   CODE SIZE        =     29    ----
   CONSTANT SIZE    =   ----    ----
   XDATA SIZE       =   ----    ----
   PDATA SIZE       =   ----    ----
   DATA SIZE        =   ----    ----
   IDATA SIZE       =   ----    ----
   BIT SIZE         =   ----    ----
   EDATA SIZE       =   ----    ----
   HDATA SIZE       =   ----    ----
   XDATA CONST SIZE =   ----    ----
   FAR CONST SIZE   =   ----    ----
END OF MODULE INFORMATION.


C51 COMPILATION COMPLETE.  0 WARNING(S),  0 ERROR(S)
