C51 COMPILER V9.02   MAIN                                                                  05/11/2022 23:37:01 PAGE 1   


C51 COMPILER V9.02, COMPILATION OF MODULE MAIN
OBJECT MODULE PLACED IN .\output\main.obj
COMPILER INVOKED BY: C:\Keil\C51\BIN\C51.EXE source\main.c OMF2 BROWSE DEBUG PRINT(.\lst\main.lst) OBJECT(.\output\main.
                    -obj)

line level    source

   1          #ifndef _MAIN_C_
   2          #define _MAIN_C_
   3          /*********************************************************************************************************
             -************/
   4          #include "include/ca51f_config.h"               
   5          #include "include/ca51f3sfr.h"
   6          #include "include/ca51f3xsfr.h"
   7          #include "include/gpiodef_f3.h"
   8          #include "include/system_clock.h"
   9          
  10          #include "include/uart.h"
  11          #include "include/delay.h"
  12          #include <intrins.h>
  13          /*********************************************************************************************************
             -************/
  14          
  15          #define INT_TIME                        10000           //定时时间，单位为us
  16          
  17          #define TH_VAL                          (unsigned char)((0x2000 - (INT_TIME*(FOSC/1000))/12000)>>5)
  18          #define TL_VAL                          (unsigned char)(0x2000 - (INT_TIME*(FOSC/1000))/12000)&0x1F
  19          
  20          void TIMER0_ISR (void) interrupt 1              //每10ms产生中断
  21          {
  22   1              TH0 = TH_VAL;
  23   1              TL0 = TL_VAL;
  24   1              
  25   1      }
  26          void main(void)
  27          {       
  28   1      #ifdef LVD_RST_ENABLE
  29   1              LVDCON = 0xE1;                                  //设置LVD复位电压为2V
  30   1      #endif
  31   1              
  32   1      #if (SYSCLK_SRC == PLL)
                      Sys_Clk_Set_PLL(PLL_Multiple);  //设置系统时钟为PLL，PLL_Multiple为倍频倍数
              #endif
  35   1              
  36   1      #ifdef UART0_EN
                      Uart0_Initial(UART0_BAUTRATE);  //初始化UART0
              #endif
  39   1              
  40   1      #ifdef UART1_EN
                      Uart1_Initial(UART1_BAUTRATE);  //初始化UART1
              #endif
  43   1      
  44   1              EA = 1;                                                 //开全局中断
  45   1      
  46   1      #ifdef PRINT_EN
                      uart_printf("Timer0 Mode0 Demo Code\n");
              #endif
  49   1      
  50   1              TMOD = (TMOD&0xFC)|0x00;        //模式选择: 定时器0，模式0。
  51   1              TH0 = TH_VAL;                           //高8位装初值
  52   1              TL0 = TL_VAL;                           //低8位装初值
C51 COMPILER V9.02   MAIN                                                                  05/11/2022 23:37:01 PAGE 2   

  53   1              
  54   1              TR0 = 1;                                //定时器0使能  
  55   1              ET0 = 1;                                //定时器0中断使能
  56   1      //      PT0 = 1;                                //设置定时器0中断优先级为高优先级
  57   1                      
  58   1              while(1)
  59   1              {
  60   2      
  61   2              }
  62   1      }
  63          #endif


MODULE INFORMATION:   STATIC OVERLAYABLE
   CODE SIZE        =     30    ----
   CONSTANT SIZE    =   ----    ----
   XDATA SIZE       =   ----    ----
   PDATA SIZE       =   ----    ----
   DATA SIZE        =   ----    ----
   IDATA SIZE       =   ----    ----
   BIT SIZE         =   ----    ----
   EDATA SIZE       =   ----    ----
   HDATA SIZE       =   ----    ----
   XDATA CONST SIZE =   ----    ----
   FAR CONST SIZE   =   ----    ----
END OF MODULE INFORMATION.


C51 COMPILATION COMPLETE.  0 WARNING(S),  0 ERROR(S)
