GNU Tool Chain  

Linker command line:

--edf=D:\IDE3.0.3_6C03\data\dat\en_msgs.txt -cs \
  -h+test_61f02x_ir_receive.sym --cmf=test_61f02x_ir_receive.cmf -z \
  -QFT61F02X -oC:\Users\ALEXAN~1.WAN\AppData\Local\Temp\sd6s.2 \
  -Mtest_61f02x_ir_receive.map -E1 -ver=XC8 -ASTACK=020h-06fh -pstack=STACK \
  -ACODE=00h-07FFh -ASTRCODE=00h-07FFh -ASTRING=00h-0FFhx8 \
  -ACONST=00h-0FFhx8 -AENTRY=00h-0FFhx8 -ACOMMON=070h-07Fh \
  -ABANK0=020h-06Fh -ABANK1=0A0h-0BFh -ARAM=020h-06Fh,0A0h-0BFh \
  -AABS1=020h-07Fh,0A0h-0BFh -ASFR0=00h-01Fh -ASFR1=080h-09Fh \
  -ASFR2=0100h-016Fh -preset_vec=00h,intentry=04h,init,end_init \
  -ppowerup=CODE -pcinit=CODE -pfunctab=ENTRY -ACONFIG=02007h-02007h \
  -pconfig=CONFIG -DCONFIG=2 -AIDLOC=02000h-02003h -pidloc=IDLOC -DIDLOC=2 \
  -AEEDATA=00h-0FFh/02100h -peeprom_data=EEDATA -DEEDATA=2 -DCODE=2 \
  -DSTRCODE=2 -DSTRING=2 -DCONST=2 -DENTRY=2 -k \
  C:\Users\ALEXAN~1.WAN\AppData\Local\Temp\sd6s.obj \
  test_61f02x_ir_receive.obj 

Object code version is 3.11

Machine type is FT61F02X



                Name                               Link     Load   Length Selector   Space Scale
C:\Users\ALEXAN~1.WAN\AppData\Local\Temp\sd6s.obj
                end_init                              C        C        1        8       0
                reset_vec                             0        0        1        0       0
test_61f02x_ir_receive.obj
                cinit                                 D        D        B        8       0
                intentry                              4        4        8        8       0
                text4                                18       18       47        8       0
                text3                                8C       8C        9        8       0
                text2                                77       77       15        8       0
                text1                                95       95        8        8       0
                maintext                             5F       5F       18        8       0
                cstackCOMMON                         77       77        5       70       1
                dataCOMMON                           7C       7C        1       70       1
                bssCOMMON                            70       70        7       70       1

TOTAL           Name                               Link     Load   Length     Space
        CLASS   STACK          

        CLASS   CODE           
                end_init                              C        C        1         0
                cinit                                 D        D        B         0
                intentry                              4        4        8         0
                reset_vec                             0        0        1         0
                text4                                18       18       47         0
                text3                                8C       8C        9         0
                text2                                77       77       15         0
                text1                                95       95        8         0
                maintext                             5F       5F       18         0

        CLASS   STRCODE        

        CLASS   STRING         

        CLASS   CONST          

        CLASS   ENTRY          

        CLASS   COMMON         
                cstackCOMMON                         77       77        5         1
                dataCOMMON                           7C       7C        1         1
                bssCOMMON                            70       70        7         1

        CLASS   BANK0          

        CLASS   BANK1          

        CLASS   RAM            

        CLASS   ABS1           
                abs_s1                               7E       7E        2         1

        CLASS   SFR0           

        CLASS   SFR1           

        CLASS   SFR2           

        CLASS   CONFIG         

        CLASS   IDLOC          

        CLASS   EEDATA         

        CLASS   BANK2          



SEGMENTS        Name                           Load    Length   Top    Selector   Space  Class     Delta

                reset_vec                      000000  000001  000001         0       0  CODE        2
                intentry                       000004  000099  00009D         8       0  CODE        2
                bssCOMMON                      000070  00000D  00007D        70       1  COMMON      1


UNUSED ADDRESS RANGES

        Name                Unused          Largest block    Delta
        BANK0            020-06F            50           1
        BANK1            0A0-0BF            20           1
        CODE             001-003             3           2
                         09D-7FF           763
        COMMON           07D-07D             1           1
        CONFIG           2007-2007             1           2
        CONST            001-003             3           2
                         09D-7FF           100
        EEDATA           2100-21FF           100           2
        ENTRY            001-003             3           2
                         09D-7FF           100
        IDLOC            2000-2003             4           2
        RAM              020-06F            50           1
                         0A0-0BF            20
        SFR0             000-01F            20           1
        SFR1             080-09F            20           1
        SFR2             100-16F            70           1
        STACK            020-06F            50           1
        STRCODE          001-003             3           2
                         09D-7FF           763
        STRING           001-003             3           2
                         09D-7FF           100

                                  Symbol Table

_CMCON0                           (abs)        019
_GIE                              (abs)        05F
_INTCON                           (abs)        00B
_IOCA4                            (abs)        4B4
_IRDataTimer                      bssCOMMON    070
_IRbitNum                         bssCOMMON    076
_IRbitTime                        bssCOMMON    075
_ISR                              text4        018
_MSCKCON                          (abs)        01B
_OPTION                           (abs)        081
_OSCCON                           (abs)        08F
_PA2                              (abs)        02A
_PA4                              (abs)        02C
_PAIE                             (abs)        05B
_PAIF                             (abs)        058
_PA_Level_Change_INITIAL          text3        08C
_PORTA                            (abs)        005
_PORTC                            (abs)        007
_POWER_INITIAL                    text2        077
_ReceiveFinish                    bssCOMMON    074
_T0IE                             (abs)        05D
_T0IF                             (abs)        05A
_TIMER0_INITIAL                   text1        095
_TMR0                             (abs)        001
_TRISA                            (abs)        085
_TRISA4                           (abs)        42C
_TRISC                            (abs)        087
_WPUA                             (abs)        095
_WPUC                             (abs)        088
__Habs1                           abs1         000
__Hbank0                          bank0        000
__Hbank1                          bank1        000
__Hbank2                          bank2        000
__HbssCOMMON                      bssCOMMON    000
__Hcinit                          cinit        018
__Hclrtext                        clrtext      000
__Hcode                           code         000
__Hcommon                         common       000
__Hconfig                         config       000
__HcstackCOMMON                   cstackCOMMON 000
__HdataCOMMON                     dataCOMMON   000
__Heeprom_data                    eeprom_data  000
__Hend_init                       end_init     00D
__Hfunctab                        functab      000
__HidataCOMMON                    idataCOMMON  000
__Hidloc                          idloc        000
__Hinit                           init         00C
__Hintentry                       intentry     00C
__Hmaintext                       maintext     000
__Hpa_nodes0                      pa_nodes0    000
__Hpowerup                        powerup      000
__Hram                            ram          000
__Hreset_vec                      reset_vec    001
__Hsfr0                           sfr0         000
__Hsfr1                           sfr1         000
__Hsfr2                           sfr2         000
__Hspace_0                        (abs)        09D
__Hspace_1                        (abs)        07D
__Hspace_2                        (abs)        000
__Hspace_3                        (abs)        000
__Hstack                          stack        000
__Hstrings                        strings      000
__Htext                           text         000
__Labs1                           abs1         000
__Lbank0                          bank0        000
__Lbank1                          bank1        000
__Lbank2                          bank2        000
__LbssCOMMON                      bssCOMMON    000
__Lcinit                          cinit        00D
__Lclrtext                        clrtext      000
__Lcode                           code         000
__Lcommon                         common       000
__Lconfig                         config       000
__LcstackCOMMON                   cstackCOMMON 000
__LdataCOMMON                     dataCOMMON   000
__Leeprom_data                    eeprom_data  000
__Lend_init                       end_init     00C
__Lfunctab                        functab      000
__LidataCOMMON                    idataCOMMON  000
__Lidloc                          idloc        000
__Linit                           init         00C
__Lintentry                       intentry     004
__Lmaintext                       maintext     000
__Lpa_nodes0                      pa_nodes0    000
__Lpowerup                        powerup      000
__Lram                            ram          000
__Lreset_vec                      reset_vec    000
__Lsfr0                           sfr0         000
__Lsfr1                           sfr1         000
__Lsfr2                           sfr2         000
__Lspace_0                        (abs)        000
__Lspace_1                        (abs)        000
__Lspace_2                        (abs)        000
__Lspace_3                        (abs)        000
__Lstack                          stack        000
__Lstrings                        strings      000
__Ltext                           text         000
__S0                              (abs)        09D
__S1                              (abs)        07D
__S2                              (abs)        000
__S3                              (abs)        000
___int_sp                         stack        000
___latbits                        (abs)        000
___sp                             stack        000
__end_of_ISR                      text4        05F
__end_of_PA_Level_Change_INITIAL  text3        095
__end_of_POWER_INITIAL            text2        08C
__end_of_TIMER0_INITIAL           text1        09D
__end_of__initialization          cinit        016
__end_of_main                     maintext     077
__initialization                  cinit        00D
__pbssCOMMON                      bssCOMMON    070
__pcstackCOMMON                   cstackCOMMON 077
__pdataCOMMON                     dataCOMMON   07C
__pidataCOMMON                    idataCOMMON  000
__pintentry                       intentry     004
__pmaintext                       maintext     05F
__ptext1                          text1        095
__ptext2                          text2        077
__ptext3                          text3        08C
__ptext4                          text4        018
__size_of_ISR                     (abs)        000
__size_of_PA_Level_Change_INITIAL (abs)        000
__size_of_POWER_INITIAL           (abs)        000
__size_of_TIMER0_INITIAL          (abs)        000
__size_of_main                    (abs)        000
_bitdata                          dataCOMMON   07C
_main                             maintext     05F
btemp                             (abs)        07E
end_of_initialization             cinit        016
interrupt_function                intentry     004
intlevel0                         functab      000
intlevel1                         functab      000
intlevel2                         functab      000
intlevel3                         functab      000
intlevel4                         functab      000
intlevel5                         functab      000
main@rdata1                       cstackCOMMON 07A
main@rdata2                       cstackCOMMON 07B
reset_vec                         reset_vec    000
saved_w                           (abs)        07E
stackhi                           (abs)        000
stacklo                           (abs)        000
start                             init         00C
start_initialization              cinit        00D
wtemp0                            (abs)        07E


FUNCTION INFORMATION:

 *************** function _main *****************
 Defined at:
		line 166 in file "test_61f02x_IR_Receive.C"
 Parameters:    Size  Location     Type
		None
 Auto vars:     Size  Location     Type
  rdata2          1    4[COMMON] unsigned char 
  rdata1          1    3[COMMON] unsigned char 
 Return value:  Size  Location     Type
                  1    wreg      void 
 Registers used:
		wreg, status,2, status,0, pclath, cstack
 Tracked objects:
		On entry : 
		On exit  : 
		Unchanged: 
 Data sizes:     COMMON   BANK0   BANK1
      Params:         0       0       0
      Locals:         2       0       0
      Temps:          0       0       0
      Totals:         2       0       0
Total ram usage:        2 bytes
 Hardware stack levels required when called:    2
 This function calls:
		_PA_Level_Change_INITIAL
		_POWER_INITIAL
		_TIMER0_INITIAL
 This function is called by:
		Startup code after reset
 This function uses a non-reentrant model


 *************** function _TIMER0_INITIAL *****************
 Defined at:
		line 71 in file "test_61f02x_IR_Receive.C"
 Parameters:    Size  Location     Type
		None
 Auto vars:     Size  Location     Type
		None
 Return value:  Size  Location     Type
                  1    wreg      void 
 Registers used:
		wreg
 Tracked objects:
		On entry : 
		On exit  : 
		Unchanged: 
 Data sizes:     COMMON   BANK0   BANK1
      Params:         0       0       0
      Locals:         0       0       0
      Temps:          0       0       0
      Totals:         0       0       0
Total ram usage:        0 bytes
 Hardware stack levels used:    1
 Hardware stack levels required when called:    1
 This function calls:
		Nothing
 This function is called by:
		_main
 This function uses a non-reentrant model


 *************** function _POWER_INITIAL *****************
 Defined at:
		line 44 in file "test_61f02x_IR_Receive.C"
 Parameters:    Size  Location     Type
		None
 Auto vars:     Size  Location     Type
		None
 Return value:  Size  Location     Type
                  1    wreg      void 
 Registers used:
		wreg, status,2
 Tracked objects:
		On entry : 
		On exit  : 
		Unchanged: 
 Data sizes:     COMMON   BANK0   BANK1
      Params:         0       0       0
      Locals:         0       0       0
      Temps:          0       0       0
      Totals:         0       0       0
Total ram usage:        0 bytes
 Hardware stack levels used:    1
 Hardware stack levels required when called:    1
 This function calls:
		Nothing
 This function is called by:
		_main
 This function uses a non-reentrant model


 *************** function _PA_Level_Change_INITIAL *****************
 Defined at:
		line 90 in file "test_61f02x_IR_Receive.C"
 Parameters:    Size  Location     Type
		None
 Auto vars:     Size  Location     Type
		None
 Return value:  Size  Location     Type
                  1    wreg      void 
 Registers used:
		wreg
 Tracked objects:
		On entry : 
		On exit  : 
		Unchanged: 
 Data sizes:     COMMON   BANK0   BANK1
      Params:         0       0       0
      Locals:         0       0       0
      Temps:          0       0       0
      Totals:         0       0       0
Total ram usage:        0 bytes
 Hardware stack levels used:    1
 Hardware stack levels required when called:    1
 This function calls:
		Nothing
 This function is called by:
		_main
 This function uses a non-reentrant model


 *************** function _ISR *****************
 Defined at:
		line 105 in file "test_61f02x_IR_Receive.C"
 Parameters:    Size  Location     Type
		None
 Auto vars:     Size  Location     Type
		None
 Return value:  Size  Location     Type
                  1    wreg      void 
 Registers used:
		wreg, fsr0l, fsr0h, status,2, status,0
 Tracked objects:
		On entry : 
		On exit  : 
		Unchanged: 
 Data sizes:     COMMON   BANK0   BANK1
      Params:         0       0       0
      Locals:         0       0       0
      Temps:          3       0       0
      Totals:         3       0       0
Total ram usage:        3 bytes
 Hardware stack levels used:    1
 This function calls:
		Nothing
 This function is called by:
		Interrupt level 1
 This function uses a non-reentrant model



MODULE INFORMATION

Module		Function		Class		Link	Load	Size
shared
		__initialization		CODE           	000D	0000	10

shared estimated size: 10

test_61f02x_IR_Receive.C
		_ISR           		CODE           	0018	0000	72
		_main          		CODE           	005F	0000	25
		_POWER_INITIAL 		CODE           	0077	0000	22
		_PA_Level_Change_INITIAL		CODE           	008C	0000	10
		_TIMER0_INITIAL		CODE           	0095	0000	9

test_61f02x_IR_Receive.C estimated size: 138

